OPERATIONS SCHEDULING JOB LOG 20260804_151351
----------------------
20260804_151351 ## Passed Parameter Values:
20260804_151351 DOMAIN: operations
20260804_151351 SUB_DOMAIN: scheduling
20260804_151351 USER_NAME: logistics_manager
20260804_151351 TABLE_NAME: job_resource_alloc
20260804_151351 EXEC_SCOPE: DEV

20260804_151351 ## Derived Variable Values:
20260804_151351 STARTTIME: 151351
20260804_151351 LOGDATE: 20260804_151351
20260804_151351 JOB=job_resource_alloc

20260804_151351 ###############################################################
20260804_151351 ### RUNNING RESOURCE ALLOC SCRIPT
20260804_151351 ###############################################################

20260804_151351 ## Checking if script exists
20260804_151351 Script File: /scripts/operations/scheduling/job_resource_alloc/job_resource_alloc.sql
20260804_151351 File exists...

20260804_151351 ## Running script
20260804_151351  *** Logon successfully completed.
  *** Total elapsed time was 3 seconds.
  *** Report generated successfully.
  *** Script execution successful.
  *** RC (return code) = 0
20260804_151446
20260804_151446
Execution Return Code: 0
20260804_151446
-----------
JOB SUCCESS
-----------
Start Time: 151351, End Time: 151446