OPERATIONS SCHEDULING JOB LOG 20260823_221122
----------------------
20260823_221122 ## Passed Parameter Values:
20260823_221122 DOMAIN: operations
20260823_221122 SUB_DOMAIN: scheduling
20260823_221122 USER_NAME: scheduler
20260823_221122 TABLE_NAME: job_resource_alloc
20260823_221122 EXEC_SCOPE: DEV

20260823_221122 ## Derived Variable Values:
20260823_221122 STARTTIME: 221122
20260823_221122 LOGDATE: 20260823_221122
20260823_221122 JOB=job_resource_alloc

20260823_221122 ###############################################################
20260823_221122 ### RUNNING RESOURCE ALLOC SCRIPT
20260823_221122 ###############################################################

20260823_221122 ## Checking if script exists
20260823_221122 Script File: /scripts/operations/scheduling/job_resource_alloc/job_resource_alloc.sql
20260823_221122 File exists...

20260823_221122 ## Running script
20260823_221122  *** Logon successfully completed.
  *** Total elapsed time was 1 second.
  *** Error: Scheduling report failed: Missing required metrics.
  *** Script execution failed.
  *** RC (return code) = 1
20260823_221221
20260823_221221
Execution Return Code: 1
20260823_221221
---------
JOB ERROR
---------
Start Time: 221122, End Time: 221221