OPERATIONS SCHEDULING JOB LOG 20260806_203304
----------------------
20260806_203304 ## Passed Parameter Values:
20260806_203304 DOMAIN: operations
20260806_203304 SUB_DOMAIN: scheduling
20260806_203304 USER_NAME: ops_user1
20260806_203304 TABLE_NAME: job_resource_alloc
20260806_203304 EXEC_SCOPE: PROD

20260806_203304 ## Derived Variable Values:
20260806_203304 STARTTIME: 203304
20260806_203304 LOGDATE: 20260806_203304
20260806_203304 JOB=job_resource_alloc

20260806_203304 ###############################################################
20260806_203304 ### RUNNING RESOURCE ALLOC SCRIPT
20260806_203304 ###############################################################

20260806_203304 ## Checking if script exists
20260806_203304 Script File: /scripts/operations/scheduling/job_resource_alloc/job_resource_alloc.sql
20260806_203304 File exists...

20260806_203304 ## Running script
20260806_203304  *** Logon successfully completed.
  *** Total elapsed time was 2 seconds.
  *** Script executed successfully.
  *** Script execution successful.
  *** RC (return code) = 0
20260806_203323
20260806_203323
Execution Return Code: 0
20260806_203323
-----------
JOB SUCCESS
-----------
Start Time: 203304, End Time: 203323