OPERATIONS SCHEDULING JOB LOG 20260929_131500
----------------------
20260929_131500 ## Passed Parameter Values:
20260929_131500 DOMAIN: operations
20260929_131500 SUB_DOMAIN: scheduling
20260929_131500 USER_NAME: ops_user1
20260929_131500 TABLE_NAME: job_resource_alloc
20260929_131500 EXEC_SCOPE: PROD

20260929_131500 ## Derived Variable Values:
20260929_131500 STARTTIME: 131500
20260929_131500 LOGDATE: 20260929_131500
20260929_131500 JOB=job_resource_alloc

20260929_131500 ###############################################################
20260929_131500 ### RUNNING RESOURCE ALLOC SCRIPT
20260929_131500 ###############################################################

20260929_131500 ## Checking if script exists
20260929_131500 Script File: /scripts/operations/scheduling/job_resource_alloc/job_resource_alloc.sql
20260929_131500 File exists...

20260929_131500 ## Running script
20260929_131500  *** Logon successfully completed.
  *** Total elapsed time was 3 seconds.
  *** Report generated successfully.
  *** Script execution successful.
  *** RC (return code) = 0
20260929_131524
20260929_131524
Execution Return Code: 0
20260929_131524
-----------
JOB SUCCESS
-----------
Start Time: 131500, End Time: 131524