OPERATIONS SCHEDULING JOB LOG 20260813_132707
----------------------
20260813_132707 ## Passed Parameter Values:
20260813_132707 DOMAIN: operations
20260813_132707 SUB_DOMAIN: scheduling
20260813_132707 USER_NAME: scheduler
20260813_132707 TABLE_NAME: job_resource_alloc
20260813_132707 EXEC_SCOPE: UAT

20260813_132707 ## Derived Variable Values:
20260813_132707 STARTTIME: 132707
20260813_132707 LOGDATE: 20260813_132707
20260813_132707 JOB=job_resource_alloc

20260813_132707 ###############################################################
20260813_132707 ### RUNNING RESOURCE ALLOC SCRIPT
20260813_132707 ###############################################################

20260813_132707 ## Checking if script exists
20260813_132707 Script File: /scripts/operations/scheduling/job_resource_alloc/job_resource_alloc.sql
20260813_132707 File exists...

20260813_132707 ## Running script
20260813_132707  *** Logon successfully completed.
  *** Total elapsed time was 4 seconds.
  *** Error: Scheduling generation failed: Data source unavailable.
  *** Script execution failed.
  *** RC (return code) = 4
20260813_132754
20260813_132754
Execution Return Code: 4
20260813_132754
---------
JOB ERROR
---------
Start Time: 132707, End Time: 132754