OPERATIONS SCHEDULING JOB LOG 20260802_191116
----------------------
20260802_191116 ## Passed Parameter Values:
20260802_191116 DOMAIN: operations
20260802_191116 SUB_DOMAIN: scheduling
20260802_191116 USER_NAME: logistics_manager
20260802_191116 TABLE_NAME: job_resource_alloc
20260802_191116 EXEC_SCOPE: DEV

20260802_191116 ## Derived Variable Values:
20260802_191116 STARTTIME: 191116
20260802_191116 LOGDATE: 20260802_191116
20260802_191116 JOB=job_resource_alloc

20260802_191116 ###############################################################
20260802_191116 ### RUNNING RESOURCE ALLOC SCRIPT
20260802_191116 ###############################################################

20260802_191116 ## Checking if script exists
20260802_191116 Script File: /scripts/operations/scheduling/job_resource_alloc/job_resource_alloc.sql
20260802_191116 File exists...

20260802_191116 ## Running script
20260802_191116  *** Logon successfully completed.
  *** Total elapsed time was 5 seconds.
  *** All data processed without errors.
  *** Script execution successful.
  *** RC (return code) = 0
20260802_191154
20260802_191154
Execution Return Code: 0
20260802_191154
-----------
JOB SUCCESS
-----------
Start Time: 191116, End Time: 191154