OPERATIONS LOGISTICS JOB LOG 20260726_080525
----------------------
20260726_080525 ## Passed Parameter Values:
20260726_080525 DOMAIN: operations
20260726_080525 SUB_DOMAIN: logistics
20260726_080525 USER_NAME: logistics_manager
20260726_080525 TABLE_NAME: job_warehouse_mgmt
20260726_080525 EXEC_SCOPE: UAT

20260726_080525 ## Derived Variable Values:
20260726_080525 STARTTIME: 080525
20260726_080525 LOGDATE: 20260726_080525
20260726_080525 JOB=job_warehouse_mgmt

20260726_080525 ###############################################################
20260726_080525 ### RUNNING WAREHOUSE MGMT SCRIPT
20260726_080525 ###############################################################

20260726_080525 ## Checking if script exists
20260726_080525 Script File: /scripts/operations/logistics/job_warehouse_mgmt/job_warehouse_mgmt.sql
20260726_080525 File exists...

20260726_080525 ## Running script
20260726_080525  *** Logon successfully completed.
  *** Total elapsed time was 1 second.
  *** Script executed successfully.
  *** Script execution successful.
  *** RC (return code) = 0
20260726_080545
20260726_080545
Execution Return Code: 0
20260726_080545
-----------
JOB SUCCESS
-----------
Start Time: 080525, End Time: 080545