OPERATIONS LOGISTICS JOB LOG 20260806_004740
----------------------
20260806_004740 ## Passed Parameter Values:
20260806_004740 DOMAIN: operations
20260806_004740 SUB_DOMAIN: logistics
20260806_004740 USER_NAME: scheduler
20260806_004740 TABLE_NAME: job_warehouse_mgmt
20260806_004740 EXEC_SCOPE: UAT

20260806_004740 ## Derived Variable Values:
20260806_004740 STARTTIME: 004740
20260806_004740 LOGDATE: 20260806_004740
20260806_004740 JOB=job_warehouse_mgmt

20260806_004740 ###############################################################
20260806_004740 ### RUNNING WAREHOUSE MGMT SCRIPT
20260806_004740 ###############################################################

20260806_004740 ## Checking if script exists
20260806_004740 Script File: /scripts/operations/logistics/job_warehouse_mgmt/job_warehouse_mgmt.sql
20260806_004740 File exists...

20260806_004740 ## Running script
20260806_004740  *** Logon successfully completed.
  *** Total elapsed time was 5 seconds.
  *** Error: Logistics processing error: Gateway timeout.
  *** Script execution failed.
  *** RC (return code) = 2
20260806_004822
20260806_004822
Execution Return Code: 2
20260806_004822
---------
JOB ERROR
---------
Start Time: 004740, End Time: 004822