OPERATIONS LOGISTICS JOB LOG 20260804_163041
----------------------
20260804_163041 ## Passed Parameter Values:
20260804_163041 DOMAIN: operations
20260804_163041 SUB_DOMAIN: logistics
20260804_163041 USER_NAME: logistics_manager
20260804_163041 TABLE_NAME: job_warehouse_mgmt
20260804_163041 EXEC_SCOPE: UAT

20260804_163041 ## Derived Variable Values:
20260804_163041 STARTTIME: 163041
20260804_163041 LOGDATE: 20260804_163041
20260804_163041 JOB=job_warehouse_mgmt

20260804_163041 ###############################################################
20260804_163041 ### RUNNING WAREHOUSE MGMT SCRIPT
20260804_163041 ###############################################################

20260804_163041 ## Checking if script exists
20260804_163041 Script File: /scripts/operations/logistics/job_warehouse_mgmt/job_warehouse_mgmt.sql
20260804_163041 File exists...

20260804_163041 ## Running script
20260804_163041  *** Logon successfully completed.
  *** Total elapsed time was 4 seconds.
  *** Report generated successfully.
  *** Script execution successful.
  *** RC (return code) = 0
20260804_163111
20260804_163111
Execution Return Code: 0
20260804_163111
-----------
JOB SUCCESS
-----------
Start Time: 163041, End Time: 163111