OPERATIONS LOGISTICS JOB LOG 20260906_122041
----------------------
20260906_122041 ## Passed Parameter Values:
20260906_122041 DOMAIN: operations
20260906_122041 SUB_DOMAIN: logistics
20260906_122041 USER_NAME: logistics_manager
20260906_122041 TABLE_NAME: job_warehouse_mgmt
20260906_122041 EXEC_SCOPE: DEV

20260906_122041 ## Derived Variable Values:
20260906_122041 STARTTIME: 122041
20260906_122041 LOGDATE: 20260906_122041
20260906_122041 JOB=job_warehouse_mgmt

20260906_122041 ###############################################################
20260906_122041 ### RUNNING WAREHOUSE MGMT SCRIPT
20260906_122041 ###############################################################

20260906_122041 ## Checking if script exists
20260906_122041 Script File: /scripts/operations/logistics/job_warehouse_mgmt/job_warehouse_mgmt.sql
20260906_122041 File exists...

20260906_122041 ## Running script
20260906_122041  *** Logon successfully completed.
  *** Total elapsed time was 1 second.
  *** All data processed without errors.
  *** Script execution successful.
  *** RC (return code) = 0
20260906_122047
20260906_122047
Execution Return Code: 0
20260906_122047
-----------
JOB SUCCESS
-----------
Start Time: 122041, End Time: 122047