OPERATIONS LOGISTICS JOB LOG 20260823_152739
----------------------
20260823_152739 ## Passed Parameter Values:
20260823_152739 DOMAIN: operations
20260823_152739 SUB_DOMAIN: logistics
20260823_152739 USER_NAME: scheduler
20260823_152739 TABLE_NAME: job_warehouse_mgmt
20260823_152739 EXEC_SCOPE: PROD

20260823_152739 ## Derived Variable Values:
20260823_152739 STARTTIME: 152739
20260823_152739 LOGDATE: 20260823_152739
20260823_152739 JOB=job_warehouse_mgmt

20260823_152739 ###############################################################
20260823_152739 ### RUNNING WAREHOUSE MGMT SCRIPT
20260823_152739 ###############################################################

20260823_152739 ## Checking if script exists
20260823_152739 Script File: /scripts/operations/logistics/job_warehouse_mgmt/job_warehouse_mgmt.sql
20260823_152739 File exists...

20260823_152739 ## Running script
20260823_152739  *** Logon successfully completed.
  *** Total elapsed time was 3 seconds.
  *** All data processed without errors.
  *** Script execution successful.
  *** RC (return code) = 0
20260823_152758
20260823_152758
Execution Return Code: 0
20260823_152758
-----------
JOB SUCCESS
-----------
Start Time: 152739, End Time: 152758