OPERATIONS LOGISTICS JOB LOG 20260924_071857
----------------------
20260924_071857 ## Passed Parameter Values:
20260924_071857 DOMAIN: operations
20260924_071857 SUB_DOMAIN: logistics
20260924_071857 USER_NAME: logistics_manager
20260924_071857 TABLE_NAME: job_warehouse_mgmt
20260924_071857 EXEC_SCOPE: TEST

20260924_071857 ## Derived Variable Values:
20260924_071857 STARTTIME: 071857
20260924_071857 LOGDATE: 20260924_071857
20260924_071857 JOB=job_warehouse_mgmt

20260924_071857 ###############################################################
20260924_071857 ### RUNNING WAREHOUSE MGMT SCRIPT
20260924_071857 ###############################################################

20260924_071857 ## Checking if script exists
20260924_071857 Script File: /scripts/operations/logistics/job_warehouse_mgmt/job_warehouse_mgmt.sql
20260924_071857 File exists...

20260924_071857 ## Running script
20260924_071857  *** Logon successfully completed.
  *** Total elapsed time was 2 seconds.
  *** All data processed without errors.
  *** Script execution successful.
  *** RC (return code) = 0
20260924_071926
20260924_071926
Execution Return Code: 0
20260924_071926
-----------
JOB SUCCESS
-----------
Start Time: 071857, End Time: 071926