OPERATIONS LOGISTICS JOB LOG 20260927_144554
----------------------
20260927_144554 ## Passed Parameter Values:
20260927_144554 DOMAIN: operations
20260927_144554 SUB_DOMAIN: logistics
20260927_144554 USER_NAME: logistics_manager
20260927_144554 TABLE_NAME: job_warehouse_mgmt
20260927_144554 EXEC_SCOPE: PROD

20260927_144554 ## Derived Variable Values:
20260927_144554 STARTTIME: 144554
20260927_144554 LOGDATE: 20260927_144554
20260927_144554 JOB=job_warehouse_mgmt

20260927_144554 ###############################################################
20260927_144554 ### RUNNING WAREHOUSE MGMT SCRIPT
20260927_144554 ###############################################################

20260927_144554 ## Checking if script exists
20260927_144554 Script File: /scripts/operations/logistics/job_warehouse_mgmt/job_warehouse_mgmt.sql
20260927_144554 File exists...

20260927_144554 ## Running script
20260927_144554  *** Logon successfully completed.
  *** Total elapsed time was 4 seconds.
  *** All data processed without errors.
  *** Script execution successful.
  *** RC (return code) = 0
20260927_144600
20260927_144600
Execution Return Code: 0
20260927_144600
-----------
JOB SUCCESS
-----------
Start Time: 144554, End Time: 144600