FINANCE BILLING JOB LOG 20260830_182246
----------------------
20260830_182246 ## Passed Parameter Values:
20260830_182246 DOMAIN: finance
20260830_182246 SUB_DOMAIN: billing
20260830_182246 USER_NAME: finance_user1
20260830_182246 TABLE_NAME: job_invoice_gen
20260830_182246 EXEC_SCOPE: DEV

20260830_182246 ## Derived Variable Values:
20260830_182246 STARTTIME: 182246
20260830_182246 LOGDATE: 20260830_182246
20260830_182246 JOB=job_invoice_gen

20260830_182246 ###############################################################
20260830_182246 ### RUNNING INVOICE GEN SCRIPT
20260830_182246 ###############################################################

20260830_182246 ## Checking if script exists
20260830_182246 Script File: /scripts/finance/billing/job_invoice_gen/job_invoice_gen.sql
20260830_182246 File exists...

20260830_182246 ## Running script
20260830_182246  *** Logon successfully completed.
  *** Total elapsed time was 5 seconds.
  *** All data processed without errors.
  *** Script execution successful.
  *** RC (return code) = 0
20260830_182315
20260830_182315
Execution Return Code: 0
20260830_182315
-----------
JOB SUCCESS
-----------
Start Time: 182246, End Time: 182315