FINANCE BILLING JOB LOG 20260816_233440
----------------------
20260816_233440 ## Passed Parameter Values:
20260816_233440 DOMAIN: finance
20260816_233440 SUB_DOMAIN: billing
20260816_233440 USER_NAME: finance_user1
20260816_233440 TABLE_NAME: job_invoice_gen
20260816_233440 EXEC_SCOPE: PROD

20260816_233440 ## Derived Variable Values:
20260816_233440 STARTTIME: 233440
20260816_233440 LOGDATE: 20260816_233440
20260816_233440 JOB=job_invoice_gen

20260816_233440 ###############################################################
20260816_233440 ### RUNNING INVOICE GEN SCRIPT
20260816_233440 ###############################################################

20260816_233440 ## Checking if script exists
20260816_233440 Script File: /scripts/finance/billing/job_invoice_gen/job_invoice_gen.sql
20260816_233440 File exists...

20260816_233440 ## Running script
20260816_233440  *** Logon successfully completed.
  *** Total elapsed time was 1 second.
  *** Script executed successfully.
  *** Script execution successful.
  *** RC (return code) = 0
20260816_233504
20260816_233504
Execution Return Code: 0
20260816_233504
-----------
JOB SUCCESS
-----------
Start Time: 233440, End Time: 233504