FINANCE BILLING JOB LOG 20261004_102541
----------------------
20261004_102541 ## Passed Parameter Values:
20261004_102541 DOMAIN: finance
20261004_102541 SUB_DOMAIN: billing
20261004_102541 USER_NAME: accountant1
20261004_102541 TABLE_NAME: job_invoice_gen
20261004_102541 EXEC_SCOPE: UAT

20261004_102541 ## Derived Variable Values:
20261004_102541 STARTTIME: 102541
20261004_102541 LOGDATE: 20261004_102541
20261004_102541 JOB=job_invoice_gen

20261004_102541 ###############################################################
20261004_102541 ### RUNNING INVOICE GEN SCRIPT
20261004_102541 ###############################################################

20261004_102541 ## Checking if script exists
20261004_102541 Script File: /scripts/finance/billing/job_invoice_gen/job_invoice_gen.sql
20261004_102541 File exists...

20261004_102541 ## Running script
20261004_102541  *** Logon successfully completed.
  *** Total elapsed time was 4 seconds.
  *** All data processed without errors.
  *** Script execution successful.
  *** RC (return code) = 0
20261004_102548
20261004_102548
Execution Return Code: 0
20261004_102548
-----------
JOB SUCCESS
-----------
Start Time: 102541, End Time: 102548