FINANCE BILLING JOB LOG 20260827_105356
----------------------
20260827_105356 ## Passed Parameter Values:
20260827_105356 DOMAIN: finance
20260827_105356 SUB_DOMAIN: billing
20260827_105356 USER_NAME: finance_admin
20260827_105356 TABLE_NAME: job_invoice_gen
20260827_105356 EXEC_SCOPE: DEV

20260827_105356 ## Derived Variable Values:
20260827_105356 STARTTIME: 105356
20260827_105356 LOGDATE: 20260827_105356
20260827_105356 JOB=job_invoice_gen

20260827_105356 ###############################################################
20260827_105356 ### RUNNING INVOICE GEN SCRIPT
20260827_105356 ###############################################################

20260827_105356 ## Checking if script exists
20260827_105356 Script File: /scripts/finance/billing/job_invoice_gen/job_invoice_gen.sql
20260827_105356 File exists...

20260827_105356 ## Running script
20260827_105356  *** Logon successfully completed.
  *** Total elapsed time was 3 seconds.
  *** Data extraction and transformation successful.
  *** Script execution successful.
  *** RC (return code) = 0
20260827_105449
20260827_105449
Execution Return Code: 0
20260827_105449
-----------
JOB SUCCESS
-----------
Start Time: 105356, End Time: 105449