FINANCE BILLING JOB LOG 20260908_002553
----------------------
20260908_002553 ## Passed Parameter Values:
20260908_002553 DOMAIN: finance
20260908_002553 SUB_DOMAIN: billing
20260908_002553 USER_NAME: accountant1
20260908_002553 TABLE_NAME: job_invoice_gen
20260908_002553 EXEC_SCOPE: TEST

20260908_002553 ## Derived Variable Values:
20260908_002553 STARTTIME: 002553
20260908_002553 LOGDATE: 20260908_002553
20260908_002553 JOB=job_invoice_gen

20260908_002553 ###############################################################
20260908_002553 ### RUNNING INVOICE GEN SCRIPT
20260908_002553 ###############################################################

20260908_002553 ## Checking if script exists
20260908_002553 Script File: /scripts/finance/billing/job_invoice_gen/job_invoice_gen.sql
20260908_002553 File exists...

20260908_002553 ## Running script
20260908_002553  *** Logon successfully completed.
  *** Total elapsed time was 2 seconds.
  *** Data extraction and transformation successful.
  *** Script execution successful.
  *** RC (return code) = 0
20260908_002644
20260908_002644
Execution Return Code: 0
20260908_002644
-----------
JOB SUCCESS
-----------
Start Time: 002553, End Time: 002644