FINANCE BILLING JOB LOG 20260728_214253
----------------------
20260728_214253 ## Passed Parameter Values:
20260728_214253 DOMAIN: finance
20260728_214253 SUB_DOMAIN: billing
20260728_214253 USER_NAME: finance_user1
20260728_214253 TABLE_NAME: job_invoice_gen
20260728_214253 EXEC_SCOPE: UAT

20260728_214253 ## Derived Variable Values:
20260728_214253 STARTTIME: 214253
20260728_214253 LOGDATE: 20260728_214253
20260728_214253 JOB=job_invoice_gen

20260728_214253 ###############################################################
20260728_214253 ### RUNNING INVOICE GEN SCRIPT
20260728_214253 ###############################################################

20260728_214253 ## Checking if script exists
20260728_214253 Script File: /scripts/finance/billing/job_invoice_gen/job_invoice_gen.sql
20260728_214253 File exists...

20260728_214253 ## Running script
20260728_214253  *** Logon successfully completed.
  *** Total elapsed time was 3 seconds.
  *** All data processed without errors.
  *** Script execution successful.
  *** RC (return code) = 0
20260728_214300
20260728_214300
Execution Return Code: 0
20260728_214300
-----------
JOB SUCCESS
-----------
Start Time: 214253, End Time: 214300