OPERATIONS LOGISTICS JOB LOG 20260825_082800
----------------------
20260825_082800 ## Passed Parameter Values:
20260825_082800 DOMAIN: operations
20260825_082800 SUB_DOMAIN: logistics
20260825_082800 USER_NAME: scheduler
20260825_082800 TABLE_NAME: job_inventory_check
20260825_082800 EXEC_SCOPE: DEV

20260825_082800 ## Derived Variable Values:
20260825_082800 STARTTIME: 082800
20260825_082800 LOGDATE: 20260825_082800
20260825_082800 JOB=job_inventory_check

20260825_082800 ###############################################################
20260825_082800 ### RUNNING INVENTORY CHECK SCRIPT
20260825_082800 ###############################################################

20260825_082800 ## Checking if script exists
20260825_082800 Script File: /scripts/operations/logistics/job_inventory_check/job_inventory_check.sql
20260825_082800 File exists...

20260825_082800 ## Running script
20260825_082800  *** Logon successfully completed.
  *** Total elapsed time was 4 seconds.
  *** Error: Memory allocation error during data processing.
  *** Script execution failed.
  *** RC (return code) = 4
20260825_082855
20260825_082855
Execution Return Code: 4
20260825_082855
---------
JOB ERROR
---------
Start Time: 082800, End Time: 082855