OPERATIONS LOGISTICS JOB LOG 20260816_200155
----------------------
20260816_200155 ## Passed Parameter Values:
20260816_200155 DOMAIN: operations
20260816_200155 SUB_DOMAIN: logistics
20260816_200155 USER_NAME: ops_user1
20260816_200155 TABLE_NAME: job_inventory_check
20260816_200155 EXEC_SCOPE: DEV

20260816_200155 ## Derived Variable Values:
20260816_200155 STARTTIME: 200155
20260816_200155 LOGDATE: 20260816_200155
20260816_200155 JOB=job_inventory_check

20260816_200155 ###############################################################
20260816_200155 ### RUNNING INVENTORY CHECK SCRIPT
20260816_200155 ###############################################################

20260816_200155 ## Checking if script exists
20260816_200155 Script File: /scripts/operations/logistics/job_inventory_check/job_inventory_check.sql
20260816_200155 File exists...

20260816_200155 ## Running script
20260816_200155  *** Logon successfully completed.
  *** Total elapsed time was 4 seconds.
  *** Analysis completed with no issues.
  *** Script execution successful.
  *** RC (return code) = 0
20260816_200236
20260816_200236
Execution Return Code: 0
20260816_200236
-----------
JOB SUCCESS
-----------
Start Time: 200155, End Time: 200236