OPERATIONS LOGISTICS JOB LOG 20261011_072304
----------------------
20261011_072304 ## Passed Parameter Values:
20261011_072304 DOMAIN: operations
20261011_072304 SUB_DOMAIN: logistics
20261011_072304 USER_NAME: ops_user1
20261011_072304 TABLE_NAME: job_inventory_check
20261011_072304 EXEC_SCOPE: UAT

20261011_072304 ## Derived Variable Values:
20261011_072304 STARTTIME: 072304
20261011_072304 LOGDATE: 20261011_072304
20261011_072304 JOB=job_inventory_check

20261011_072304 ###############################################################
20261011_072304 ### RUNNING INVENTORY CHECK SCRIPT
20261011_072304 ###############################################################

20261011_072304 ## Checking if script exists
20261011_072304 Script File: /scripts/operations/logistics/job_inventory_check/job_inventory_check.sql
20261011_072304 File exists...

20261011_072304 ## Running script
20261011_072304  *** Logon successfully completed.
  *** Total elapsed time was 1 second.
  *** Analysis completed with no issues.
  *** Script execution successful.
  *** RC (return code) = 0
20261011_072310
20261011_072310
Execution Return Code: 0
20261011_072310
-----------
JOB SUCCESS
-----------
Start Time: 072304, End Time: 072310