OPERATIONS LOGISTICS JOB LOG 20260726_155501
----------------------
20260726_155501 ## Passed Parameter Values:
20260726_155501 DOMAIN: operations
20260726_155501 SUB_DOMAIN: logistics
20260726_155501 USER_NAME: logistics_manager
20260726_155501 TABLE_NAME: job_inventory_check
20260726_155501 EXEC_SCOPE: DEV

20260726_155501 ## Derived Variable Values:
20260726_155501 STARTTIME: 155501
20260726_155501 LOGDATE: 20260726_155501
20260726_155501 JOB=job_inventory_check

20260726_155501 ###############################################################
20260726_155501 ### RUNNING INVENTORY CHECK SCRIPT
20260726_155501 ###############################################################

20260726_155501 ## Checking if script exists
20260726_155501 Script File: /scripts/operations/logistics/job_inventory_check/job_inventory_check.sql
20260726_155501 File exists...

20260726_155501 ## Running script
20260726_155501  *** Logon successfully completed.
  *** Total elapsed time was 5 seconds.
  *** Error: Configuration file contains deprecated parameters.
  *** Script execution failed.
  *** RC (return code) = 2
20260726_155532
20260726_155532
Execution Return Code: 2
20260726_155532
---------
JOB ERROR
---------
Start Time: 155501, End Time: 155532