OPERATIONS LOGISTICS JOB LOG 20260730_183814
----------------------
20260730_183814 ## Passed Parameter Values:
20260730_183814 DOMAIN: operations
20260730_183814 SUB_DOMAIN: logistics
20260730_183814 USER_NAME: logistics_manager
20260730_183814 TABLE_NAME: job_inventory_check
20260730_183814 EXEC_SCOPE: PROD

20260730_183814 ## Derived Variable Values:
20260730_183814 STARTTIME: 183814
20260730_183814 LOGDATE: 20260730_183814
20260730_183814 JOB=job_inventory_check

20260730_183814 ###############################################################
20260730_183814 ### RUNNING INVENTORY CHECK SCRIPT
20260730_183814 ###############################################################

20260730_183814 ## Checking if script exists
20260730_183814 Script File: /scripts/operations/logistics/job_inventory_check/job_inventory_check.sql
20260730_183814 File exists...

20260730_183814 ## Running script
20260730_183814  *** Logon successfully completed.
  *** Total elapsed time was 2 seconds.
  *** Analysis completed with no issues.
  *** Script execution successful.
  *** RC (return code) = 0
20260730_183820
20260730_183820
Execution Return Code: 0
20260730_183820
-----------
JOB SUCCESS
-----------
Start Time: 183814, End Time: 183820