OPERATIONS LOGISTICS JOB LOG 20260927_205736
----------------------
20260927_205736 ## Passed Parameter Values:
20260927_205736 DOMAIN: operations
20260927_205736 SUB_DOMAIN: logistics
20260927_205736 USER_NAME: ops_user1
20260927_205736 TABLE_NAME: job_inventory_check
20260927_205736 EXEC_SCOPE: DEV

20260927_205736 ## Derived Variable Values:
20260927_205736 STARTTIME: 205736
20260927_205736 LOGDATE: 20260927_205736
20260927_205736 JOB=job_inventory_check

20260927_205736 ###############################################################
20260927_205736 ### RUNNING INVENTORY CHECK SCRIPT
20260927_205736 ###############################################################

20260927_205736 ## Checking if script exists
20260927_205736 Script File: /scripts/operations/logistics/job_inventory_check/job_inventory_check.sql
20260927_205736 File exists...

20260927_205736 ## Running script
20260927_205736  *** Logon successfully completed.
  *** Total elapsed time was 2 seconds.
  *** Report generated successfully.
  *** Script execution successful.
  *** RC (return code) = 0
20260927_205802
20260927_205802
Execution Return Code: 0
20260927_205802
-----------
JOB SUCCESS
-----------
Start Time: 205736, End Time: 205802