OPERATIONS LOGISTICS JOB LOG 20260929_190845
----------------------
20260929_190845 ## Passed Parameter Values:
20260929_190845 DOMAIN: operations
20260929_190845 SUB_DOMAIN: logistics
20260929_190845 USER_NAME: ops_user1
20260929_190845 TABLE_NAME: job_inventory_check
20260929_190845 EXEC_SCOPE: UAT

20260929_190845 ## Derived Variable Values:
20260929_190845 STARTTIME: 190845
20260929_190845 LOGDATE: 20260929_190845
20260929_190845 JOB=job_inventory_check

20260929_190845 ###############################################################
20260929_190845 ### RUNNING INVENTORY CHECK SCRIPT
20260929_190845 ###############################################################

20260929_190845 ## Checking if script exists
20260929_190845 Script File: /scripts/operations/logistics/job_inventory_check/job_inventory_check.sql
20260929_190845 File exists...

20260929_190845 ## Running script
20260929_190845  *** Logon successfully completed.
  *** Total elapsed time was 3 seconds.
  *** Script executed successfully.
  *** Script execution successful.
  *** RC (return code) = 0
20260929_190908
20260929_190908
Execution Return Code: 0
20260929_190908
-----------
JOB SUCCESS
-----------
Start Time: 190845, End Time: 190908