OPERATIONS LOGISTICS JOB LOG 20260813_044044
----------------------
20260813_044044 ## Passed Parameter Values:
20260813_044044 DOMAIN: operations
20260813_044044 SUB_DOMAIN: logistics
20260813_044044 USER_NAME: ops_user1
20260813_044044 TABLE_NAME: job_inventory_check
20260813_044044 EXEC_SCOPE: UAT

20260813_044044 ## Derived Variable Values:
20260813_044044 STARTTIME: 044044
20260813_044044 LOGDATE: 20260813_044044
20260813_044044 JOB=job_inventory_check

20260813_044044 ###############################################################
20260813_044044 ### RUNNING INVENTORY CHECK SCRIPT
20260813_044044 ###############################################################

20260813_044044 ## Checking if script exists
20260813_044044 Script File: /scripts/operations/logistics/job_inventory_check/job_inventory_check.sql
20260813_044044 File exists...

20260813_044044 ## Running script
20260813_044044  *** Logon successfully completed.
  *** Total elapsed time was 2 seconds.
  *** Analysis completed with no issues.
  *** Script execution successful.
  *** RC (return code) = 0
20260813_044050
20260813_044050
Execution Return Code: 0
20260813_044050
-----------
JOB SUCCESS
-----------
Start Time: 044044, End Time: 044050