OPERATIONS LOGISTICS JOB LOG 20261006_151133
----------------------
20261006_151133 ## Passed Parameter Values:
20261006_151133 DOMAIN: operations
20261006_151133 SUB_DOMAIN: logistics
20261006_151133 USER_NAME: ops_user1
20261006_151133 TABLE_NAME: job_inventory_check
20261006_151133 EXEC_SCOPE: UAT

20261006_151133 ## Derived Variable Values:
20261006_151133 STARTTIME: 151133
20261006_151133 LOGDATE: 20261006_151133
20261006_151133 JOB=job_inventory_check

20261006_151133 ###############################################################
20261006_151133 ### RUNNING INVENTORY CHECK SCRIPT
20261006_151133 ###############################################################

20261006_151133 ## Checking if script exists
20261006_151133 Script File: /scripts/operations/logistics/job_inventory_check/job_inventory_check.sql
20261006_151133 File exists...

20261006_151133 ## Running script
20261006_151133  *** Logon successfully completed.
  *** Total elapsed time was 2 seconds.
  *** Report generated successfully.
  *** Script execution successful.
  *** RC (return code) = 0
20261006_151224
20261006_151224
Execution Return Code: 0
20261006_151224
-----------
JOB SUCCESS
-----------
Start Time: 151133, End Time: 151224