OPERATIONS LOGISTICS JOB LOG 20260922_040249
----------------------
20260922_040249 ## Passed Parameter Values:
20260922_040249 DOMAIN: operations
20260922_040249 SUB_DOMAIN: logistics
20260922_040249 USER_NAME: ops_user1
20260922_040249 TABLE_NAME: job_inventory_check
20260922_040249 EXEC_SCOPE: DEV

20260922_040249 ## Derived Variable Values:
20260922_040249 STARTTIME: 040249
20260922_040249 LOGDATE: 20260922_040249
20260922_040249 JOB=job_inventory_check

20260922_040249 ###############################################################
20260922_040249 ### RUNNING INVENTORY CHECK SCRIPT
20260922_040249 ###############################################################

20260922_040249 ## Checking if script exists
20260922_040249 Script File: /scripts/operations/logistics/job_inventory_check/job_inventory_check.sql
20260922_040249 File exists...

20260922_040249 ## Running script
20260922_040249  *** Logon successfully completed.
  *** Total elapsed time was 3 seconds.
  *** Data extraction and transformation successful.
  *** Script execution successful.
  *** RC (return code) = 0
20260922_040345
20260922_040345
Execution Return Code: 0
20260922_040345
-----------
JOB SUCCESS
-----------
Start Time: 040249, End Time: 040345