OPERATIONS LOGISTICS JOB LOG 20261001_032642
----------------------
20261001_032642 ## Passed Parameter Values:
20261001_032642 DOMAIN: operations
20261001_032642 SUB_DOMAIN: logistics
20261001_032642 USER_NAME: ops_user1
20261001_032642 TABLE_NAME: job_inventory_check
20261001_032642 EXEC_SCOPE: UAT

20261001_032642 ## Derived Variable Values:
20261001_032642 STARTTIME: 032642
20261001_032642 LOGDATE: 20261001_032642
20261001_032642 JOB=job_inventory_check

20261001_032642 ###############################################################
20261001_032642 ### RUNNING INVENTORY CHECK SCRIPT
20261001_032642 ###############################################################

20261001_032642 ## Checking if script exists
20261001_032642 Script File: /scripts/operations/logistics/job_inventory_check/job_inventory_check.sql
20261001_032642 File exists...

20261001_032642 ## Running script
20261001_032642  *** Logon successfully completed.
  *** Total elapsed time was 5 seconds.
  *** Error: Logistics calculation failed: Missing tax rate for region.
  *** Script execution failed.
  *** RC (return code) = 8
20261001_032741
20261001_032741
Execution Return Code: 8
20261001_032741
---------
JOB ERROR
---------
Start Time: 032642, End Time: 032741