OPERATIONS LOGISTICS JOB LOG 20261004_070444
----------------------
20261004_070444 ## Passed Parameter Values:
20261004_070444 DOMAIN: operations
20261004_070444 SUB_DOMAIN: logistics
20261004_070444 USER_NAME: ops_user1
20261004_070444 TABLE_NAME: job_inventory_check
20261004_070444 EXEC_SCOPE: TEST

20261004_070444 ## Derived Variable Values:
20261004_070444 STARTTIME: 070444
20261004_070444 LOGDATE: 20261004_070444
20261004_070444 JOB=job_inventory_check

20261004_070444 ###############################################################
20261004_070444 ### RUNNING INVENTORY CHECK SCRIPT
20261004_070444 ###############################################################

20261004_070444 ## Checking if script exists
20261004_070444 Script File: /scripts/operations/logistics/job_inventory_check/job_inventory_check.sql
20261004_070444 File exists...

20261004_070444 ## Running script
20261004_070444  *** Logon successfully completed.
  *** Total elapsed time was 4 seconds.
  *** Analysis completed with no issues.
  *** Script execution successful.
  *** RC (return code) = 0
20261004_070451
20261004_070451
Execution Return Code: 0
20261004_070451
-----------
JOB SUCCESS
-----------
Start Time: 070444, End Time: 070451