OPERATIONS LOGISTICS JOB LOG 20260903_130012
----------------------
20260903_130012 ## Passed Parameter Values:
20260903_130012 DOMAIN: operations
20260903_130012 SUB_DOMAIN: logistics
20260903_130012 USER_NAME: ops_user1
20260903_130012 TABLE_NAME: job_inventory_check
20260903_130012 EXEC_SCOPE: DEV

20260903_130012 ## Derived Variable Values:
20260903_130012 STARTTIME: 130012
20260903_130012 LOGDATE: 20260903_130012
20260903_130012 JOB=job_inventory_check

20260903_130012 ###############################################################
20260903_130012 ### RUNNING INVENTORY CHECK SCRIPT
20260903_130012 ###############################################################

20260903_130012 ## Checking if script exists
20260903_130012 Script File: /scripts/operations/logistics/job_inventory_check/job_inventory_check.sql
20260903_130012 File exists...

20260903_130012 ## Running script
20260903_130012  *** Logon successfully completed.
  *** Total elapsed time was 4 seconds.
  *** Report generated successfully.
  *** Script execution successful.
  *** RC (return code) = 0
20260903_130022
20260903_130022
Execution Return Code: 0
20260903_130022
-----------
JOB SUCCESS
-----------
Start Time: 130012, End Time: 130022