OPERATIONS LOGISTICS JOB LOG 20260913_123006
----------------------
20260913_123006 ## Passed Parameter Values:
20260913_123006 DOMAIN: operations
20260913_123006 SUB_DOMAIN: logistics
20260913_123006 USER_NAME: ops_user1
20260913_123006 TABLE_NAME: job_inventory_check
20260913_123006 EXEC_SCOPE: DEV

20260913_123006 ## Derived Variable Values:
20260913_123006 STARTTIME: 123006
20260913_123006 LOGDATE: 20260913_123006
20260913_123006 JOB=job_inventory_check

20260913_123006 ###############################################################
20260913_123006 ### RUNNING INVENTORY CHECK SCRIPT
20260913_123006 ###############################################################

20260913_123006 ## Checking if script exists
20260913_123006 Script File: /scripts/operations/logistics/job_inventory_check/job_inventory_check.sql
20260913_123006 File exists...

20260913_123006 ## Running script
20260913_123006  *** Logon successfully completed.
  *** Total elapsed time was 4 seconds.
  *** Report generated successfully.
  *** Script execution successful.
  *** RC (return code) = 0
20260913_123039
20260913_123039
Execution Return Code: 0
20260913_123039
-----------
JOB SUCCESS
-----------
Start Time: 123006, End Time: 123039