MARKETING CAMPAIGNS JOB LOG 20260927_052915
----------------------
20260927_052915 ## Passed Parameter Values:
20260927_052915 DOMAIN: marketing
20260927_052915 SUB_DOMAIN: campaigns
20260927_052915 USER_NAME: analyst1
20260927_052915 TABLE_NAME: job_update_crm
20260927_052915 EXEC_SCOPE: PROD

20260927_052915 ## Derived Variable Values:
20260927_052915 STARTTIME: 052915
20260927_052915 LOGDATE: 20260927_052915
20260927_052915 JOB=job_update_crm

20260927_052915 ###############################################################
20260927_052915 ### RUNNING UPDATE CRM SCRIPT
20260927_052915 ###############################################################

20260927_052915 ## Checking if script exists
20260927_052915 Script File: /scripts/marketing/campaigns/job_update_crm/job_update_crm.sql
20260927_052915 File exists...

20260927_052915 ## Running script
20260927_052915  *** Logon successfully completed.
  *** Total elapsed time was 3 seconds.
  *** All data processed without errors.
  *** Script execution successful.
  *** RC (return code) = 0
20260927_053009
20260927_053009
Execution Return Code: 0
20260927_053009
-----------
JOB SUCCESS
-----------
Start Time: 052915, End Time: 053009