MARKETING CAMPAIGNS JOB LOG 20260830_231043
----------------------
20260830_231043 ## Passed Parameter Values:
20260830_231043 DOMAIN: marketing
20260830_231043 SUB_DOMAIN: campaigns
20260830_231043 USER_NAME: marketing_user1
20260830_231043 TABLE_NAME: job_update_crm
20260830_231043 EXEC_SCOPE: DEV

20260830_231043 ## Derived Variable Values:
20260830_231043 STARTTIME: 231043
20260830_231043 LOGDATE: 20260830_231043
20260830_231043 JOB=job_update_crm

20260830_231043 ###############################################################
20260830_231043 ### RUNNING UPDATE CRM SCRIPT
20260830_231043 ###############################################################

20260830_231043 ## Checking if script exists
20260830_231043 Script File: /scripts/marketing/campaigns/job_update_crm/job_update_crm.sql
20260830_231043 File exists...

20260830_231043 ## Running script
20260830_231043  *** Logon successfully completed.
  *** Total elapsed time was 5 seconds.
  *** Error: User segmentation failed: Invalid criteria specified.
  *** Script execution failed.
  *** RC (return code) = 2
20260830_231127
20260830_231127
Execution Return Code: 2
20260830_231127
---------
JOB ERROR
---------
Start Time: 231043, End Time: 231127