MARKETING CAMPAIGNS JOB LOG 20260827_042344
----------------------
20260827_042344 ## Passed Parameter Values:
20260827_042344 DOMAIN: marketing
20260827_042344 SUB_DOMAIN: campaigns
20260827_042344 USER_NAME: campaign_manager
20260827_042344 TABLE_NAME: job_update_crm
20260827_042344 EXEC_SCOPE: PROD

20260827_042344 ## Derived Variable Values:
20260827_042344 STARTTIME: 042344
20260827_042344 LOGDATE: 20260827_042344
20260827_042344 JOB=job_update_crm

20260827_042344 ###############################################################
20260827_042344 ### RUNNING UPDATE CRM SCRIPT
20260827_042344 ###############################################################

20260827_042344 ## Checking if script exists
20260827_042344 Script File: /scripts/marketing/campaigns/job_update_crm/job_update_crm.sql
20260827_042344 File exists...

20260827_042344 ## Running script
20260827_042344  *** Logon successfully completed.
  *** Total elapsed time was 2 seconds.
  *** Script executed successfully.
  *** Script execution successful.
  *** RC (return code) = 0
20260827_042407
20260827_042407
Execution Return Code: 0
20260827_042407
-----------
JOB SUCCESS
-----------
Start Time: 042344, End Time: 042407