MARKETING CAMPAIGNS JOB LOG 20261006_233043
----------------------
20261006_233043 ## Passed Parameter Values:
20261006_233043 DOMAIN: marketing
20261006_233043 SUB_DOMAIN: campaigns
20261006_233043 USER_NAME: analyst1
20261006_233043 TABLE_NAME: job_update_crm
20261006_233043 EXEC_SCOPE: PROD

20261006_233043 ## Derived Variable Values:
20261006_233043 STARTTIME: 233043
20261006_233043 LOGDATE: 20261006_233043
20261006_233043 JOB=job_update_crm

20261006_233043 ###############################################################
20261006_233043 ### RUNNING UPDATE CRM SCRIPT
20261006_233043 ###############################################################

20261006_233043 ## Checking if script exists
20261006_233043 Script File: /scripts/marketing/campaigns/job_update_crm/job_update_crm.sql
20261006_233043 File exists...

20261006_233043 ## Running script
20261006_233043  *** Logon successfully completed.
  *** Total elapsed time was 5 seconds.
  *** Error: Script completed with warnings: Missing optional parameters.
  *** Script execution failed.
  *** RC (return code) = 1
20261006_233136
20261006_233136
Execution Return Code: 1
20261006_233136
---------
JOB ERROR
---------
Start Time: 233043, End Time: 233136