MARKETING CAMPAIGNS JOB LOG 20260728_064332
----------------------
20260728_064332 ## Passed Parameter Values:
20260728_064332 DOMAIN: marketing
20260728_064332 SUB_DOMAIN: campaigns
20260728_064332 USER_NAME: campaign_manager
20260728_064332 TABLE_NAME: job_update_crm
20260728_064332 EXEC_SCOPE: UAT

20260728_064332 ## Derived Variable Values:
20260728_064332 STARTTIME: 064332
20260728_064332 LOGDATE: 20260728_064332
20260728_064332 JOB=job_update_crm

20260728_064332 ###############################################################
20260728_064332 ### RUNNING UPDATE CRM SCRIPT
20260728_064332 ###############################################################

20260728_064332 ## Checking if script exists
20260728_064332 Script File: /scripts/marketing/campaigns/job_update_crm/job_update_crm.sql
20260728_064332 File exists...

20260728_064332 ## Running script
20260728_064332  *** Logon successfully completed.
  *** Total elapsed time was 2 seconds.
  *** Data extraction and transformation successful.
  *** Script execution successful.
  *** RC (return code) = 0
20260728_064417
20260728_064417
Execution Return Code: 0
20260728_064417
-----------
JOB SUCCESS
-----------
Start Time: 064332, End Time: 064417