MARKETING CAMPAIGNS JOB LOG 20260922_202648
----------------------
20260922_202648 ## Passed Parameter Values:
20260922_202648 DOMAIN: marketing
20260922_202648 SUB_DOMAIN: campaigns
20260922_202648 USER_NAME: analyst1
20260922_202648 TABLE_NAME: job_update_crm
20260922_202648 EXEC_SCOPE: UAT

20260922_202648 ## Derived Variable Values:
20260922_202648 STARTTIME: 202648
20260922_202648 LOGDATE: 20260922_202648
20260922_202648 JOB=job_update_crm

20260922_202648 ###############################################################
20260922_202648 ### RUNNING UPDATE CRM SCRIPT
20260922_202648 ###############################################################

20260922_202648 ## Checking if script exists
20260922_202648 Script File: /scripts/marketing/campaigns/job_update_crm/job_update_crm.sql
20260922_202648 File exists...

20260922_202648 ## Running script
20260922_202648  *** Logon successfully completed.
  *** Total elapsed time was 5 seconds.
  *** All data processed without errors.
  *** Script execution successful.
  *** RC (return code) = 0
20260922_202707
20260922_202707
Execution Return Code: 0
20260922_202707
-----------
JOB SUCCESS
-----------
Start Time: 202648, End Time: 202707