MARKETING CAMPAIGNS JOB LOG 20260811_112750
----------------------
20260811_112750 ## Passed Parameter Values:
20260811_112750 DOMAIN: marketing
20260811_112750 SUB_DOMAIN: campaigns
20260811_112750 USER_NAME: analyst1
20260811_112750 TABLE_NAME: job_update_crm
20260811_112750 EXEC_SCOPE: TEST

20260811_112750 ## Derived Variable Values:
20260811_112750 STARTTIME: 112750
20260811_112750 LOGDATE: 20260811_112750
20260811_112750 JOB=job_update_crm

20260811_112750 ###############################################################
20260811_112750 ### RUNNING UPDATE CRM SCRIPT
20260811_112750 ###############################################################

20260811_112750 ## Checking if script exists
20260811_112750 Script File: /scripts/marketing/campaigns/job_update_crm/job_update_crm.sql
20260811_112750 File exists...

20260811_112750 ## Running script
20260811_112750  *** Logon successfully completed.
  *** Total elapsed time was 4 seconds.
  *** All data processed without errors.
  *** Script execution successful.
  *** RC (return code) = 0
20260811_112830
20260811_112830
Execution Return Code: 0
20260811_112830
-----------
JOB SUCCESS
-----------
Start Time: 112750, End Time: 112830