MARKETING CAMPAIGNS JOB LOG 20260813_120811
----------------------
20260813_120811 ## Passed Parameter Values:
20260813_120811 DOMAIN: marketing
20260813_120811 SUB_DOMAIN: campaigns
20260813_120811 USER_NAME: marketing_user1
20260813_120811 TABLE_NAME: job_update_crm
20260813_120811 EXEC_SCOPE: TEST

20260813_120811 ## Derived Variable Values:
20260813_120811 STARTTIME: 120811
20260813_120811 LOGDATE: 20260813_120811
20260813_120811 JOB=job_update_crm

20260813_120811 ###############################################################
20260813_120811 ### RUNNING UPDATE CRM SCRIPT
20260813_120811 ###############################################################

20260813_120811 ## Checking if script exists
20260813_120811 Script File: /scripts/marketing/campaigns/job_update_crm/job_update_crm.sql
20260813_120811 File exists...

20260813_120811 ## Running script
20260813_120811  *** Logon successfully completed.
  *** Total elapsed time was 1 second.
  *** Error: Email blast failed: SMTP server connection error.
  *** Script execution failed.
  *** RC (return code) = 4
20260813_120836
20260813_120836
Execution Return Code: 4
20260813_120836
---------
JOB ERROR
---------
Start Time: 120811, End Time: 120836