MARKETING CAMPAIGNS JOB LOG 20261004_090713
----------------------
20261004_090713 ## Passed Parameter Values:
20261004_090713 DOMAIN: marketing
20261004_090713 SUB_DOMAIN: campaigns
20261004_090713 USER_NAME: marketing_user1
20261004_090713 TABLE_NAME: job_update_crm
20261004_090713 EXEC_SCOPE: DEV

20261004_090713 ## Derived Variable Values:
20261004_090713 STARTTIME: 090713
20261004_090713 LOGDATE: 20261004_090713
20261004_090713 JOB=job_update_crm

20261004_090713 ###############################################################
20261004_090713 ### RUNNING UPDATE CRM SCRIPT
20261004_090713 ###############################################################

20261004_090713 ## Checking if script exists
20261004_090713 Script File: /scripts/marketing/campaigns/job_update_crm/job_update_crm.sql
20261004_090713 File exists...

20261004_090713 ## Running script
20261004_090713  *** Logon successfully completed.
  *** Total elapsed time was 5 seconds.
  *** All data processed without errors.
  *** Script execution successful.
  *** RC (return code) = 0
20261004_090738
20261004_090738
Execution Return Code: 0
20261004_090738
-----------
JOB SUCCESS
-----------
Start Time: 090713, End Time: 090738