MARKETING CAMPAIGNS JOB LOG 20260910_214032
----------------------
20260910_214032 ## Passed Parameter Values:
20260910_214032 DOMAIN: marketing
20260910_214032 SUB_DOMAIN: campaigns
20260910_214032 USER_NAME: analyst1
20260910_214032 TABLE_NAME: job_update_crm
20260910_214032 EXEC_SCOPE: UAT

20260910_214032 ## Derived Variable Values:
20260910_214032 STARTTIME: 214032
20260910_214032 LOGDATE: 20260910_214032
20260910_214032 JOB=job_update_crm

20260910_214032 ###############################################################
20260910_214032 ### RUNNING UPDATE CRM SCRIPT
20260910_214032 ###############################################################

20260910_214032 ## Checking if script exists
20260910_214032 Script File: /scripts/marketing/campaigns/job_update_crm/job_update_crm.sql
20260910_214032 File exists...

20260910_214032 ## Running script
20260910_214032  *** Logon successfully completed.
  *** Total elapsed time was 4 seconds.
  *** Error: CRM update failed: API authentication error.
  *** Script execution failed.
  *** RC (return code) = 4
20260910_214115
20260910_214115
Execution Return Code: 4
20260910_214115
---------
JOB ERROR
---------
Start Time: 214032, End Time: 214115