MARKETING CAMPAIGNS JOB LOG 20261008_220107
----------------------
20261008_220107 ## Passed Parameter Values:
20261008_220107 DOMAIN: marketing
20261008_220107 SUB_DOMAIN: campaigns
20261008_220107 USER_NAME: marketing_user1
20261008_220107 TABLE_NAME: job_update_crm
20261008_220107 EXEC_SCOPE: UAT

20261008_220107 ## Derived Variable Values:
20261008_220107 STARTTIME: 220107
20261008_220107 LOGDATE: 20261008_220107
20261008_220107 JOB=job_update_crm

20261008_220107 ###############################################################
20261008_220107 ### RUNNING UPDATE CRM SCRIPT
20261008_220107 ###############################################################

20261008_220107 ## Checking if script exists
20261008_220107 Script File: /scripts/marketing/campaigns/job_update_crm/job_update_crm.sql
20261008_220107 File exists...

20261008_220107 ## Running script
20261008_220107  *** Logon successfully completed.
  *** Total elapsed time was 2 seconds.
  *** Error: User segmentation failed: Invalid criteria specified.
  *** Script execution failed.
  *** RC (return code) = 4
20261008_220200
20261008_220200
Execution Return Code: 4
20261008_220200
---------
JOB ERROR
---------
Start Time: 220107, End Time: 220200