MARKETING CAMPAIGNS JOB LOG 20260806_015340
----------------------
20260806_015340 ## Passed Parameter Values:
20260806_015340 DOMAIN: marketing
20260806_015340 SUB_DOMAIN: campaigns
20260806_015340 USER_NAME: campaign_manager
20260806_015340 TABLE_NAME: job_update_crm
20260806_015340 EXEC_SCOPE: DEV

20260806_015340 ## Derived Variable Values:
20260806_015340 STARTTIME: 015340
20260806_015340 LOGDATE: 20260806_015340
20260806_015340 JOB=job_update_crm

20260806_015340 ###############################################################
20260806_015340 ### RUNNING UPDATE CRM SCRIPT
20260806_015340 ###############################################################

20260806_015340 ## Checking if script exists
20260806_015340 Script File: /scripts/marketing/campaigns/job_update_crm/job_update_crm.sql
20260806_015340 File exists...

20260806_015340 ## Running script
20260806_015340  *** Logon successfully completed.
  *** Total elapsed time was 4 seconds.
  *** Report generated successfully.
  *** Script execution successful.
  *** RC (return code) = 0
20260806_015432
20260806_015432
Execution Return Code: 0
20260806_015432
-----------
JOB SUCCESS
-----------
Start Time: 015340, End Time: 015432