MARKETING CAMPAIGNS JOB LOG 20260809_014924
----------------------
20260809_014924 ## Passed Parameter Values:
20260809_014924 DOMAIN: marketing
20260809_014924 SUB_DOMAIN: campaigns
20260809_014924 USER_NAME: analyst1
20260809_014924 TABLE_NAME: job_update_crm
20260809_014924 EXEC_SCOPE: UAT

20260809_014924 ## Derived Variable Values:
20260809_014924 STARTTIME: 014924
20260809_014924 LOGDATE: 20260809_014924
20260809_014924 JOB=job_update_crm

20260809_014924 ###############################################################
20260809_014924 ### RUNNING UPDATE CRM SCRIPT
20260809_014924 ###############################################################

20260809_014924 ## Checking if script exists
20260809_014924 Script File: /scripts/marketing/campaigns/job_update_crm/job_update_crm.sql
20260809_014924 File exists...

20260809_014924 ## Running script
20260809_014924  *** Logon successfully completed.
  *** Total elapsed time was 3 seconds.
  *** Error: Email blast failed: SMTP server connection error.
  *** Script execution failed.
  *** RC (return code) = 2
20260809_014958
20260809_014958
Execution Return Code: 2
20260809_014958
---------
JOB ERROR
---------
Start Time: 014924, End Time: 014958