MARKETING CAMPAIGNS JOB LOG 20260906_190618
----------------------
20260906_190618 ## Passed Parameter Values:
20260906_190618 DOMAIN: marketing
20260906_190618 SUB_DOMAIN: campaigns
20260906_190618 USER_NAME: campaign_manager
20260906_190618 TABLE_NAME: job_update_crm
20260906_190618 EXEC_SCOPE: TEST

20260906_190618 ## Derived Variable Values:
20260906_190618 STARTTIME: 190618
20260906_190618 LOGDATE: 20260906_190618
20260906_190618 JOB=job_update_crm

20260906_190618 ###############################################################
20260906_190618 ### RUNNING UPDATE CRM SCRIPT
20260906_190618 ###############################################################

20260906_190618 ## Checking if script exists
20260906_190618 Script File: /scripts/marketing/campaigns/job_update_crm/job_update_crm.sql
20260906_190618 File exists...

20260906_190618 ## Running script
20260906_190618  *** Logon successfully completed.
  *** Total elapsed time was 1 second.
  *** Analysis completed with no issues.
  *** Script execution successful.
  *** RC (return code) = 0
20260906_190644
20260906_190644
Execution Return Code: 0
20260906_190644
-----------
JOB SUCCESS
-----------
Start Time: 190618, End Time: 190644