MARKETING CAMPAIGNS JOB LOG 20261006_081348
----------------------
20261006_081348 ## Passed Parameter Values:
20261006_081348 DOMAIN: marketing
20261006_081348 SUB_DOMAIN: campaigns
20261006_081348 USER_NAME: analyst1
20261006_081348 TABLE_NAME: job_segment_users
20261006_081348 EXEC_SCOPE: DEV

20261006_081348 ## Derived Variable Values:
20261006_081348 STARTTIME: 081348
20261006_081348 LOGDATE: 20261006_081348
20261006_081348 JOB=job_segment_users

20261006_081348 ###############################################################
20261006_081348 ### RUNNING SEGMENT USERS SCRIPT
20261006_081348 ###############################################################

20261006_081348 ## Checking if script exists
20261006_081348 Script File: /scripts/marketing/campaigns/job_segment_users/job_segment_users.sql
20261006_081348 File exists...

20261006_081348 ## Running script
20261006_081348  *** Logon successfully completed.
  *** Total elapsed time was 2 seconds.
  *** Error: CRM update failed: API authentication error.
  *** Script execution failed.
  *** RC (return code) = 1
20261006_081421
20261006_081421
Execution Return Code: 1
20261006_081421
---------
JOB ERROR
---------
Start Time: 081348, End Time: 081421