MARKETING CAMPAIGNS JOB LOG 20260804_204802
----------------------
20260804_204802 ## Passed Parameter Values:
20260804_204802 DOMAIN: marketing
20260804_204802 SUB_DOMAIN: campaigns
20260804_204802 USER_NAME: campaign_manager
20260804_204802 TABLE_NAME: job_segment_users
20260804_204802 EXEC_SCOPE: TEST

20260804_204802 ## Derived Variable Values:
20260804_204802 STARTTIME: 204802
20260804_204802 LOGDATE: 20260804_204802
20260804_204802 JOB=job_segment_users

20260804_204802 ###############################################################
20260804_204802 ### RUNNING SEGMENT USERS SCRIPT
20260804_204802 ###############################################################

20260804_204802 ## Checking if script exists
20260804_204802 Script File: /scripts/marketing/campaigns/job_segment_users/job_segment_users.sql
20260804_204802 File exists...

20260804_204802 ## Running script
20260804_204802  *** Logon successfully completed.
  *** Total elapsed time was 3 seconds.
  *** All data processed without errors.
  *** Script execution successful.
  *** RC (return code) = 0
20260804_204831
20260804_204831
Execution Return Code: 0
20260804_204831
-----------
JOB SUCCESS
-----------
Start Time: 204802, End Time: 204831