MARKETING CAMPAIGNS JOB LOG 20260929_145730
----------------------
20260929_145730 ## Passed Parameter Values:
20260929_145730 DOMAIN: marketing
20260929_145730 SUB_DOMAIN: campaigns
20260929_145730 USER_NAME: marketing_user1
20260929_145730 TABLE_NAME: job_segment_users
20260929_145730 EXEC_SCOPE: DEV

20260929_145730 ## Derived Variable Values:
20260929_145730 STARTTIME: 145730
20260929_145730 LOGDATE: 20260929_145730
20260929_145730 JOB=job_segment_users

20260929_145730 ###############################################################
20260929_145730 ### RUNNING SEGMENT USERS SCRIPT
20260929_145730 ###############################################################

20260929_145730 ## Checking if script exists
20260929_145730 Script File: /scripts/marketing/campaigns/job_segment_users/job_segment_users.sql
20260929_145730 File exists...

20260929_145730 ## Running script
20260929_145730  *** Logon successfully completed.
  *** Total elapsed time was 5 seconds.
  *** Data extraction and transformation successful.
  *** Script execution successful.
  *** RC (return code) = 0
20260929_145812
20260929_145812
Execution Return Code: 0
20260929_145812
-----------
JOB SUCCESS
-----------
Start Time: 145730, End Time: 145812