MARKETING CAMPAIGNS JOB LOG 20260820_065832
----------------------
20260820_065832 ## Passed Parameter Values:
20260820_065832 DOMAIN: marketing
20260820_065832 SUB_DOMAIN: campaigns
20260820_065832 USER_NAME: analyst1
20260820_065832 TABLE_NAME: job_segment_users
20260820_065832 EXEC_SCOPE: PROD

20260820_065832 ## Derived Variable Values:
20260820_065832 STARTTIME: 065832
20260820_065832 LOGDATE: 20260820_065832
20260820_065832 JOB=job_segment_users

20260820_065832 ###############################################################
20260820_065832 ### RUNNING SEGMENT USERS SCRIPT
20260820_065832 ###############################################################

20260820_065832 ## Checking if script exists
20260820_065832 Script File: /scripts/marketing/campaigns/job_segment_users/job_segment_users.sql
20260820_065832 File exists...

20260820_065832 ## Running script
20260820_065832  *** Logon successfully completed.
  *** Total elapsed time was 4 seconds.
  *** Analysis completed with no issues.
  *** Script execution successful.
  *** RC (return code) = 0
20260820_065924
20260820_065924
Execution Return Code: 0
20260820_065924
-----------
JOB SUCCESS
-----------
Start Time: 065832, End Time: 065924