MARKETING CAMPAIGNS JOB LOG 20260802_233659
----------------------
20260802_233659 ## Passed Parameter Values:
20260802_233659 DOMAIN: marketing
20260802_233659 SUB_DOMAIN: campaigns
20260802_233659 USER_NAME: campaign_manager
20260802_233659 TABLE_NAME: job_segment_users
20260802_233659 EXEC_SCOPE: UAT

20260802_233659 ## Derived Variable Values:
20260802_233659 STARTTIME: 233659
20260802_233659 LOGDATE: 20260802_233659
20260802_233659 JOB=job_segment_users

20260802_233659 ###############################################################
20260802_233659 ### RUNNING SEGMENT USERS SCRIPT
20260802_233659 ###############################################################

20260802_233659 ## Checking if script exists
20260802_233659 Script File: /scripts/marketing/campaigns/job_segment_users/job_segment_users.sql
20260802_233659 File exists...

20260802_233659 ## Running script
20260802_233659  *** Logon successfully completed.
  *** Total elapsed time was 5 seconds.
  *** Report generated successfully.
  *** Script execution successful.
  *** RC (return code) = 0
20260802_233704
20260802_233704
Execution Return Code: 0
20260802_233704
-----------
JOB SUCCESS
-----------
Start Time: 233659, End Time: 233704