MARKETING CAMPAIGNS JOB LOG 20261001_100006
----------------------
20261001_100006 ## Passed Parameter Values:
20261001_100006 DOMAIN: marketing
20261001_100006 SUB_DOMAIN: campaigns
20261001_100006 USER_NAME: analyst1
20261001_100006 TABLE_NAME: job_segment_users
20261001_100006 EXEC_SCOPE: UAT

20261001_100006 ## Derived Variable Values:
20261001_100006 STARTTIME: 100006
20261001_100006 LOGDATE: 20261001_100006
20261001_100006 JOB=job_segment_users

20261001_100006 ###############################################################
20261001_100006 ### RUNNING SEGMENT USERS SCRIPT
20261001_100006 ###############################################################

20261001_100006 ## Checking if script exists
20261001_100006 Script File: /scripts/marketing/campaigns/job_segment_users/job_segment_users.sql
20261001_100006 File exists...

20261001_100006 ## Running script
20261001_100006  *** Logon successfully completed.
  *** Total elapsed time was 2 seconds.
  *** Error: Email blast failed: SMTP server connection error.
  *** Script execution failed.
  *** RC (return code) = 2
20261001_100038
20261001_100038
Execution Return Code: 2
20261001_100038
---------
JOB ERROR
---------
Start Time: 100006, End Time: 100038