MARKETING CAMPAIGNS JOB LOG 20260825_003107
----------------------
20260825_003107 ## Passed Parameter Values:
20260825_003107 DOMAIN: marketing
20260825_003107 SUB_DOMAIN: campaigns
20260825_003107 USER_NAME: analyst1
20260825_003107 TABLE_NAME: job_segment_users
20260825_003107 EXEC_SCOPE: UAT

20260825_003107 ## Derived Variable Values:
20260825_003107 STARTTIME: 003107
20260825_003107 LOGDATE: 20260825_003107
20260825_003107 JOB=job_segment_users

20260825_003107 ###############################################################
20260825_003107 ### RUNNING SEGMENT USERS SCRIPT
20260825_003107 ###############################################################

20260825_003107 ## Checking if script exists
20260825_003107 Script File: /scripts/marketing/campaigns/job_segment_users/job_segment_users.sql
20260825_003107 File exists...

20260825_003107 ## Running script
20260825_003107  *** Logon successfully completed.
  *** Total elapsed time was 2 seconds.
  *** Error: Email blast failed: SMTP server connection error.
  *** Script execution failed.
  *** RC (return code) = 4
20260825_003129
20260825_003129
Execution Return Code: 4
20260825_003129
---------
JOB ERROR
---------
Start Time: 003107, End Time: 003129