MARKETING CAMPAIGNS JOB LOG 20260809_144027
----------------------
20260809_144027 ## Passed Parameter Values:
20260809_144027 DOMAIN: marketing
20260809_144027 SUB_DOMAIN: campaigns
20260809_144027 USER_NAME: analyst1
20260809_144027 TABLE_NAME: job_segment_users
20260809_144027 EXEC_SCOPE: TEST

20260809_144027 ## Derived Variable Values:
20260809_144027 STARTTIME: 144027
20260809_144027 LOGDATE: 20260809_144027
20260809_144027 JOB=job_segment_users

20260809_144027 ###############################################################
20260809_144027 ### RUNNING SEGMENT USERS SCRIPT
20260809_144027 ###############################################################

20260809_144027 ## Checking if script exists
20260809_144027 Script File: /scripts/marketing/campaigns/job_segment_users/job_segment_users.sql
20260809_144027 File exists...

20260809_144027 ## Running script
20260809_144027  *** Logon successfully completed.
  *** Total elapsed time was 4 seconds.
  *** Report generated successfully.
  *** Script execution successful.
  *** RC (return code) = 0
20260809_144111
20260809_144111
Execution Return Code: 0
20260809_144111
-----------
JOB SUCCESS
-----------
Start Time: 144027, End Time: 144111