MARKETING CAMPAIGNS JOB LOG 20260827_142515
----------------------
20260827_142515 ## Passed Parameter Values:
20260827_142515 DOMAIN: marketing
20260827_142515 SUB_DOMAIN: campaigns
20260827_142515 USER_NAME: campaign_manager
20260827_142515 TABLE_NAME: job_segment_users
20260827_142515 EXEC_SCOPE: PROD

20260827_142515 ## Derived Variable Values:
20260827_142515 STARTTIME: 142515
20260827_142515 LOGDATE: 20260827_142515
20260827_142515 JOB=job_segment_users

20260827_142515 ###############################################################
20260827_142515 ### RUNNING SEGMENT USERS SCRIPT
20260827_142515 ###############################################################

20260827_142515 ## Checking if script exists
20260827_142515 Script File: /scripts/marketing/campaigns/job_segment_users/job_segment_users.sql
20260827_142515 File exists...

20260827_142515 ## Running script
20260827_142515  *** Logon successfully completed.
  *** Total elapsed time was 1 second.
  *** Report generated successfully.
  *** Script execution successful.
  *** RC (return code) = 0
20260827_142608
20260827_142608
Execution Return Code: 0
20260827_142608
-----------
JOB SUCCESS
-----------
Start Time: 142515, End Time: 142608