MARKETING CAMPAIGNS JOB LOG 20260913_100615
----------------------
20260913_100615 ## Passed Parameter Values:
20260913_100615 DOMAIN: marketing
20260913_100615 SUB_DOMAIN: campaigns
20260913_100615 USER_NAME: campaign_manager
20260913_100615 TABLE_NAME: job_segment_users
20260913_100615 EXEC_SCOPE: DEV

20260913_100615 ## Derived Variable Values:
20260913_100615 STARTTIME: 100615
20260913_100615 LOGDATE: 20260913_100615
20260913_100615 JOB=job_segment_users

20260913_100615 ###############################################################
20260913_100615 ### RUNNING SEGMENT USERS SCRIPT
20260913_100615 ###############################################################

20260913_100615 ## Checking if script exists
20260913_100615 Script File: /scripts/marketing/campaigns/job_segment_users/job_segment_users.sql
20260913_100615 File exists...

20260913_100615 ## Running script
20260913_100615  *** Logon successfully completed.
  *** Total elapsed time was 3 seconds.
  *** Report generated successfully.
  *** Script execution successful.
  *** RC (return code) = 0
20260913_100710
20260913_100710
Execution Return Code: 0
20260913_100710
-----------
JOB SUCCESS
-----------
Start Time: 100615, End Time: 100710