MARKETING CAMPAIGNS JOB LOG 20260823_145536
----------------------
20260823_145536 ## Passed Parameter Values:
20260823_145536 DOMAIN: marketing
20260823_145536 SUB_DOMAIN: campaigns
20260823_145536 USER_NAME: campaign_manager
20260823_145536 TABLE_NAME: job_segment_users
20260823_145536 EXEC_SCOPE: DEV

20260823_145536 ## Derived Variable Values:
20260823_145536 STARTTIME: 145536
20260823_145536 LOGDATE: 20260823_145536
20260823_145536 JOB=job_segment_users

20260823_145536 ###############################################################
20260823_145536 ### RUNNING SEGMENT USERS SCRIPT
20260823_145536 ###############################################################

20260823_145536 ## Checking if script exists
20260823_145536 Script File: /scripts/marketing/campaigns/job_segment_users/job_segment_users.sql
20260823_145536 File exists...

20260823_145536 ## Running script
20260823_145536  *** Logon successfully completed.
  *** Total elapsed time was 5 seconds.
  *** Error: Email blast failed: SMTP server connection error.
  *** Script execution failed.
  *** RC (return code) = 2
20260823_145617
20260823_145617
Execution Return Code: 2
20260823_145617
---------
JOB ERROR
---------
Start Time: 145536, End Time: 145617