MARKETING CAMPAIGNS JOB LOG 20260728_214453
----------------------
20260728_214453 ## Passed Parameter Values:
20260728_214453 DOMAIN: marketing
20260728_214453 SUB_DOMAIN: campaigns
20260728_214453 USER_NAME: analyst1
20260728_214453 TABLE_NAME: job_segment_users
20260728_214453 EXEC_SCOPE: TEST

20260728_214453 ## Derived Variable Values:
20260728_214453 STARTTIME: 214453
20260728_214453 LOGDATE: 20260728_214453
20260728_214453 JOB=job_segment_users

20260728_214453 ###############################################################
20260728_214453 ### RUNNING SEGMENT USERS SCRIPT
20260728_214453 ###############################################################

20260728_214453 ## Checking if script exists
20260728_214453 Script File: /scripts/marketing/campaigns/job_segment_users/job_segment_users.sql
20260728_214453 File exists...

20260728_214453 ## Running script
20260728_214453  *** Logon successfully completed.
  *** Total elapsed time was 4 seconds.
  *** Error: CRM update failed: API authentication error.
  *** Script execution failed.
  *** RC (return code) = 2
20260728_214523
20260728_214523
Execution Return Code: 2
20260728_214523
---------
JOB ERROR
---------
Start Time: 214453, End Time: 214523