MARKETING CAMPAIGNS JOB LOG 20260806_012718
----------------------
20260806_012718 ## Passed Parameter Values:
20260806_012718 DOMAIN: marketing
20260806_012718 SUB_DOMAIN: campaigns
20260806_012718 USER_NAME: analyst1
20260806_012718 TABLE_NAME: job_segment_users
20260806_012718 EXEC_SCOPE: TEST

20260806_012718 ## Derived Variable Values:
20260806_012718 STARTTIME: 012718
20260806_012718 LOGDATE: 20260806_012718
20260806_012718 JOB=job_segment_users

20260806_012718 ###############################################################
20260806_012718 ### RUNNING SEGMENT USERS SCRIPT
20260806_012718 ###############################################################

20260806_012718 ## Checking if script exists
20260806_012718 Script File: /scripts/marketing/campaigns/job_segment_users/job_segment_users.sql
20260806_012718 File exists...

20260806_012718 ## Running script
20260806_012718  *** Logon successfully completed.
  *** Total elapsed time was 5 seconds.
  *** Report generated successfully.
  *** Script execution successful.
  *** RC (return code) = 0
20260806_012740
20260806_012740
Execution Return Code: 0
20260806_012740
-----------
JOB SUCCESS
-----------
Start Time: 012718, End Time: 012740