MARKETING CAMPAIGNS JOB LOG 20260924_063326
----------------------
20260924_063326 ## Passed Parameter Values:
20260924_063326 DOMAIN: marketing
20260924_063326 SUB_DOMAIN: campaigns
20260924_063326 USER_NAME: campaign_manager
20260924_063326 TABLE_NAME: job_segment_users
20260924_063326 EXEC_SCOPE: UAT

20260924_063326 ## Derived Variable Values:
20260924_063326 STARTTIME: 063326
20260924_063326 LOGDATE: 20260924_063326
20260924_063326 JOB=job_segment_users

20260924_063326 ###############################################################
20260924_063326 ### RUNNING SEGMENT USERS SCRIPT
20260924_063326 ###############################################################

20260924_063326 ## Checking if script exists
20260924_063326 Script File: /scripts/marketing/campaigns/job_segment_users/job_segment_users.sql
20260924_063326 File exists...

20260924_063326 ## Running script
20260924_063326  *** Logon successfully completed.
  *** Total elapsed time was 2 seconds.
  *** Analysis completed with no issues.
  *** Script execution successful.
  *** RC (return code) = 0
20260924_063336
20260924_063336
Execution Return Code: 0
20260924_063336
-----------
JOB SUCCESS
-----------
Start Time: 063326, End Time: 063336