MARKETING CAMPAIGNS JOB LOG 20260910_043346
----------------------
20260910_043346 ## Passed Parameter Values:
20260910_043346 DOMAIN: marketing
20260910_043346 SUB_DOMAIN: campaigns
20260910_043346 USER_NAME: campaign_manager
20260910_043346 TABLE_NAME: job_segment_users
20260910_043346 EXEC_SCOPE: TEST

20260910_043346 ## Derived Variable Values:
20260910_043346 STARTTIME: 043346
20260910_043346 LOGDATE: 20260910_043346
20260910_043346 JOB=job_segment_users

20260910_043346 ###############################################################
20260910_043346 ### RUNNING SEGMENT USERS SCRIPT
20260910_043346 ###############################################################

20260910_043346 ## Checking if script exists
20260910_043346 Script File: /scripts/marketing/campaigns/job_segment_users/job_segment_users.sql
20260910_043346 File exists...

20260910_043346 ## Running script
20260910_043346  *** Logon successfully completed.
  *** Total elapsed time was 5 seconds.
  *** Error: Email blast failed: SMTP server connection error.
  *** Script execution failed.
  *** RC (return code) = 4
20260910_043407
20260910_043407
Execution Return Code: 4
20260910_043407
---------
JOB ERROR
---------
Start Time: 043346, End Time: 043407