MARKETING CAMPAIGNS JOB LOG 20260917_100809
----------------------
20260917_100809 ## Passed Parameter Values:
20260917_100809 DOMAIN: marketing
20260917_100809 SUB_DOMAIN: campaigns
20260917_100809 USER_NAME: marketing_user1
20260917_100809 TABLE_NAME: job_segment_users
20260917_100809 EXEC_SCOPE: DEV

20260917_100809 ## Derived Variable Values:
20260917_100809 STARTTIME: 100809
20260917_100809 LOGDATE: 20260917_100809
20260917_100809 JOB=job_segment_users

20260917_100809 ###############################################################
20260917_100809 ### RUNNING SEGMENT USERS SCRIPT
20260917_100809 ###############################################################

20260917_100809 ## Checking if script exists
20260917_100809 Script File: /scripts/marketing/campaigns/job_segment_users/job_segment_users.sql
20260917_100809 File exists...

20260917_100809 ## Running script
20260917_100809  *** Logon successfully completed.
  *** Total elapsed time was 1 second.
  *** Report generated successfully.
  *** Script execution successful.
  *** RC (return code) = 0
20260917_100837
20260917_100837
Execution Return Code: 0
20260917_100837
-----------
JOB SUCCESS
-----------
Start Time: 100809, End Time: 100837