MARKETING CAMPAIGNS JOB LOG 20260730_184109
----------------------
20260730_184109 ## Passed Parameter Values:
20260730_184109 DOMAIN: marketing
20260730_184109 SUB_DOMAIN: campaigns
20260730_184109 USER_NAME: marketing_user1
20260730_184109 TABLE_NAME: job_segment_users
20260730_184109 EXEC_SCOPE: DEV

20260730_184109 ## Derived Variable Values:
20260730_184109 STARTTIME: 184109
20260730_184109 LOGDATE: 20260730_184109
20260730_184109 JOB=job_segment_users

20260730_184109 ###############################################################
20260730_184109 ### RUNNING SEGMENT USERS SCRIPT
20260730_184109 ###############################################################

20260730_184109 ## Checking if script exists
20260730_184109 Script File: /scripts/marketing/campaigns/job_segment_users/job_segment_users.sql
20260730_184109 File exists...

20260730_184109 ## Running script
20260730_184109  *** Logon successfully completed.
  *** Total elapsed time was 2 seconds.
  *** Data extraction and transformation successful.
  *** Script execution successful.
  *** RC (return code) = 0
20260730_184116
20260730_184116
Execution Return Code: 0
20260730_184116
-----------
JOB SUCCESS
-----------
Start Time: 184109, End Time: 184116