HR PAYROLL JOB LOG 20260924_063928
----------------------
20260924_063928 ## Passed Parameter Values:
20260924_063928 DOMAIN: hr
20260924_063928 SUB_DOMAIN: payroll
20260924_063928 USER_NAME: hr_user1
20260924_063928 TABLE_NAME: job_salary_calc
20260924_063928 EXEC_SCOPE: TEST

20260924_063928 ## Derived Variable Values:
20260924_063928 STARTTIME: 063928
20260924_063928 LOGDATE: 20260924_063928
20260924_063928 JOB=job_salary_calc

20260924_063928 ###############################################################
20260924_063928 ### RUNNING SALARY CALC SCRIPT
20260924_063928 ###############################################################

20260924_063928 ## Checking if script exists
20260924_063928 Script File: /scripts/hr/payroll/job_salary_calc/job_salary_calc.sql
20260924_063928 File exists...

20260924_063928 ## Running script
20260924_063928  *** Logon successfully completed.
  *** Total elapsed time was 2 seconds.
  *** All data processed without errors.
  *** Script execution successful.
  *** RC (return code) = 0
20260924_063945
20260924_063945
Execution Return Code: 0
20260924_063945
-----------
JOB SUCCESS
-----------
Start Time: 063928, End Time: 063945