HR PAYROLL JOB LOG 20260922_172139
----------------------
20260922_172139 ## Passed Parameter Values:
20260922_172139 DOMAIN: hr
20260922_172139 SUB_DOMAIN: payroll
20260922_172139 USER_NAME: hr_user1
20260922_172139 TABLE_NAME: job_salary_calc
20260922_172139 EXEC_SCOPE: UAT

20260922_172139 ## Derived Variable Values:
20260922_172139 STARTTIME: 172139
20260922_172139 LOGDATE: 20260922_172139
20260922_172139 JOB=job_salary_calc

20260922_172139 ###############################################################
20260922_172139 ### RUNNING SALARY CALC SCRIPT
20260922_172139 ###############################################################

20260922_172139 ## Checking if script exists
20260922_172139 Script File: /scripts/hr/payroll/job_salary_calc/job_salary_calc.sql
20260922_172139 File exists...

20260922_172139 ## Running script
20260922_172139  *** Logon successfully completed.
  *** Total elapsed time was 5 seconds.
  *** Script executed successfully.
  *** Script execution successful.
  *** RC (return code) = 0
20260922_172227
20260922_172227
Execution Return Code: 0
20260922_172227
-----------
JOB SUCCESS
-----------
Start Time: 172139, End Time: 172227