HR PAYROLL JOB LOG 20260906_130500
----------------------
20260906_130500 ## Passed Parameter Values:
20260906_130500 DOMAIN: hr
20260906_130500 SUB_DOMAIN: payroll
20260906_130500 USER_NAME: recruiter1
20260906_130500 TABLE_NAME: job_tax_withhold
20260906_130500 EXEC_SCOPE: PROD

20260906_130500 ## Derived Variable Values:
20260906_130500 STARTTIME: 130500
20260906_130500 LOGDATE: 20260906_130500
20260906_130500 JOB=job_tax_withhold

20260906_130500 ###############################################################
20260906_130500 ### RUNNING TAX WITHHOLD SCRIPT
20260906_130500 ###############################################################

20260906_130500 ## Checking if script exists
20260906_130500 Script File: /scripts/hr/payroll/job_tax_withhold/job_tax_withhold.sql
20260906_130500 File exists...

20260906_130500 ## Running script
20260906_130500  *** Logon successfully completed.
  *** Total elapsed time was 2 seconds.
  *** Report generated successfully.
  *** Script execution successful.
  *** RC (return code) = 0
20260906_130516
20260906_130516
Execution Return Code: 0
20260906_130516
-----------
JOB SUCCESS
-----------
Start Time: 130500, End Time: 130516