HR PAYROLL JOB LOG 20260908_170828
----------------------
20260908_170828 ## Passed Parameter Values:
20260908_170828 DOMAIN: hr
20260908_170828 SUB_DOMAIN: payroll
20260908_170828 USER_NAME: hr_user1
20260908_170828 TABLE_NAME: job_tax_withhold
20260908_170828 EXEC_SCOPE: UAT

20260908_170828 ## Derived Variable Values:
20260908_170828 STARTTIME: 170828
20260908_170828 LOGDATE: 20260908_170828
20260908_170828 JOB=job_tax_withhold

20260908_170828 ###############################################################
20260908_170828 ### RUNNING TAX WITHHOLD SCRIPT
20260908_170828 ###############################################################

20260908_170828 ## Checking if script exists
20260908_170828 Script File: /scripts/hr/payroll/job_tax_withhold/job_tax_withhold.sql
20260908_170828 File exists...

20260908_170828 ## Running script
20260908_170828  *** Logon successfully completed.
  *** Total elapsed time was 3 seconds.
  *** Data extraction and transformation successful.
  *** Script execution successful.
  *** RC (return code) = 0
20260908_170833
20260908_170833
Execution Return Code: 0
20260908_170833
-----------
JOB SUCCESS
-----------
Start Time: 170828, End Time: 170833