HR PAYROLL JOB LOG 20260804_003207
----------------------
20260804_003207 ## Passed Parameter Values:
20260804_003207 DOMAIN: hr
20260804_003207 SUB_DOMAIN: payroll
20260804_003207 USER_NAME: recruiter1
20260804_003207 TABLE_NAME: job_tax_withhold
20260804_003207 EXEC_SCOPE: PROD

20260804_003207 ## Derived Variable Values:
20260804_003207 STARTTIME: 003207
20260804_003207 LOGDATE: 20260804_003207
20260804_003207 JOB=job_tax_withhold

20260804_003207 ###############################################################
20260804_003207 ### RUNNING TAX WITHHOLD SCRIPT
20260804_003207 ###############################################################

20260804_003207 ## Checking if script exists
20260804_003207 Script File: /scripts/hr/payroll/job_tax_withhold/job_tax_withhold.sql
20260804_003207 File exists...

20260804_003207 ## Running script
20260804_003207  *** Logon successfully completed.
  *** Total elapsed time was 5 seconds.
  *** All data processed without errors.
  *** Script execution successful.
  *** RC (return code) = 0
20260804_003242
20260804_003242
Execution Return Code: 0
20260804_003242
-----------
JOB SUCCESS
-----------
Start Time: 003207, End Time: 003242