HR PAYROLL JOB LOG 20260728_184045
----------------------
20260728_184045 ## Passed Parameter Values:
20260728_184045 DOMAIN: hr
20260728_184045 SUB_DOMAIN: payroll
20260728_184045 USER_NAME: payroll_admin
20260728_184045 TABLE_NAME: job_tax_withhold
20260728_184045 EXEC_SCOPE: PROD

20260728_184045 ## Derived Variable Values:
20260728_184045 STARTTIME: 184045
20260728_184045 LOGDATE: 20260728_184045
20260728_184045 JOB=job_tax_withhold

20260728_184045 ###############################################################
20260728_184045 ### RUNNING TAX WITHHOLD SCRIPT
20260728_184045 ###############################################################

20260728_184045 ## Checking if script exists
20260728_184045 Script File: /scripts/hr/payroll/job_tax_withhold/job_tax_withhold.sql
20260728_184045 File exists...

20260728_184045 ## Running script
20260728_184045  *** Logon successfully completed.
  *** Total elapsed time was 2 seconds.
  *** Data extraction and transformation successful.
  *** Script execution successful.
  *** RC (return code) = 0
20260728_184106
20260728_184106
Execution Return Code: 0
20260728_184106
-----------
JOB SUCCESS
-----------
Start Time: 184045, End Time: 184106