HR PAYROLL JOB LOG 20260816_141406
----------------------
20260816_141406 ## Passed Parameter Values:
20260816_141406 DOMAIN: hr
20260816_141406 SUB_DOMAIN: payroll
20260816_141406 USER_NAME: payroll_admin
20260816_141406 TABLE_NAME: job_tax_withhold
20260816_141406 EXEC_SCOPE: DEV

20260816_141406 ## Derived Variable Values:
20260816_141406 STARTTIME: 141406
20260816_141406 LOGDATE: 20260816_141406
20260816_141406 JOB=job_tax_withhold

20260816_141406 ###############################################################
20260816_141406 ### RUNNING TAX WITHHOLD SCRIPT
20260816_141406 ###############################################################

20260816_141406 ## Checking if script exists
20260816_141406 Script File: /scripts/hr/payroll/job_tax_withhold/job_tax_withhold.sql
20260816_141406 File exists...

20260816_141406 ## Running script
20260816_141406  *** Logon successfully completed.
  *** Total elapsed time was 4 seconds.
  *** Data extraction and transformation successful.
  *** Script execution successful.
  *** RC (return code) = 0
20260816_141421
20260816_141421
Execution Return Code: 0
20260816_141421
-----------
JOB SUCCESS
-----------
Start Time: 141406, End Time: 141421