HR PAYROLL JOB LOG 20260924_071111
----------------------
20260924_071111 ## Passed Parameter Values:
20260924_071111 DOMAIN: hr
20260924_071111 SUB_DOMAIN: payroll
20260924_071111 USER_NAME: payroll_admin
20260924_071111 TABLE_NAME: job_tax_withhold
20260924_071111 EXEC_SCOPE: PROD

20260924_071111 ## Derived Variable Values:
20260924_071111 STARTTIME: 071111
20260924_071111 LOGDATE: 20260924_071111
20260924_071111 JOB=job_tax_withhold

20260924_071111 ###############################################################
20260924_071111 ### RUNNING TAX WITHHOLD SCRIPT
20260924_071111 ###############################################################

20260924_071111 ## Checking if script exists
20260924_071111 Script File: /scripts/hr/payroll/job_tax_withhold/job_tax_withhold.sql
20260924_071111 File exists...

20260924_071111 ## Running script
20260924_071111  *** Logon successfully completed.
  *** Total elapsed time was 3 seconds.
  *** Script executed successfully.
  *** Script execution successful.
  *** RC (return code) = 0
20260924_071147
20260924_071147
Execution Return Code: 0
20260924_071147
-----------
JOB SUCCESS
-----------
Start Time: 071111, End Time: 071147