HR PAYROLL JOB LOG 20260903_071410
----------------------
20260903_071410 ## Passed Parameter Values:
20260903_071410 DOMAIN: hr
20260903_071410 SUB_DOMAIN: payroll
20260903_071410 USER_NAME: payroll_admin
20260903_071410 TABLE_NAME: job_tax_withhold
20260903_071410 EXEC_SCOPE: PROD

20260903_071410 ## Derived Variable Values:
20260903_071410 STARTTIME: 071410
20260903_071410 LOGDATE: 20260903_071410
20260903_071410 JOB=job_tax_withhold

20260903_071410 ###############################################################
20260903_071410 ### RUNNING TAX WITHHOLD SCRIPT
20260903_071410 ###############################################################

20260903_071410 ## Checking if script exists
20260903_071410 Script File: /scripts/hr/payroll/job_tax_withhold/job_tax_withhold.sql
20260903_071410 File exists...

20260903_071410 ## Running script
20260903_071410  *** Logon successfully completed.
  *** Total elapsed time was 4 seconds.
  *** All data processed without errors.
  *** Script execution successful.
  *** RC (return code) = 0
20260903_071457
20260903_071457
Execution Return Code: 0
20260903_071457
-----------
JOB SUCCESS
-----------
Start Time: 071410, End Time: 071457