HR PAYROLL JOB LOG 20260806_230942
----------------------
20260806_230942 ## Passed Parameter Values:
20260806_230942 DOMAIN: hr
20260806_230942 SUB_DOMAIN: payroll
20260806_230942 USER_NAME: payroll_admin
20260806_230942 TABLE_NAME: job_tax_withhold
20260806_230942 EXEC_SCOPE: UAT

20260806_230942 ## Derived Variable Values:
20260806_230942 STARTTIME: 230942
20260806_230942 LOGDATE: 20260806_230942
20260806_230942 JOB=job_tax_withhold

20260806_230942 ###############################################################
20260806_230942 ### RUNNING TAX WITHHOLD SCRIPT
20260806_230942 ###############################################################

20260806_230942 ## Checking if script exists
20260806_230942 Script File: /scripts/hr/payroll/job_tax_withhold/job_tax_withhold.sql
20260806_230942 File exists...

20260806_230942 ## Running script
20260806_230942  *** Logon successfully completed.
  *** Total elapsed time was 1 second.
  *** Report generated successfully.
  *** Script execution successful.
  *** RC (return code) = 0
20260806_230951
20260806_230951
Execution Return Code: 0
20260806_230951
-----------
JOB SUCCESS
-----------
Start Time: 230942, End Time: 230951