MARKETING ANALYTICS JOB LOG 20261001_211528
----------------------
20261001_211528 ## Passed Parameter Values:
20261001_211528 DOMAIN: marketing
20261001_211528 SUB_DOMAIN: analytics
20261001_211528 USER_NAME: marketing_user1
20261001_211528 TABLE_NAME: job_web_traffic
20261001_211528 EXEC_SCOPE: TEST

20261001_211528 ## Derived Variable Values:
20261001_211528 STARTTIME: 211528
20261001_211528 LOGDATE: 20261001_211528
20261001_211528 JOB=job_web_traffic

20261001_211528 ###############################################################
20261001_211528 ### RUNNING WEB TRAFFIC SCRIPT
20261001_211528 ###############################################################

20261001_211528 ## Checking if script exists
20261001_211528 Script File: /scripts/marketing/analytics/job_web_traffic/job_web_traffic.sql
20261001_211528 File exists...

20261001_211528 ## Running script
20261001_211528  *** Logon successfully completed.
  *** Total elapsed time was 4 seconds.
  *** Script executed successfully.
  *** Script execution successful.
  *** RC (return code) = 0
20261001_211622
20261001_211622
Execution Return Code: 0
20261001_211622
-----------
JOB SUCCESS
-----------
Start Time: 211528, End Time: 211622