MARKETING ANALYTICS JOB LOG 20260910_063105
----------------------
20260910_063105 ## Passed Parameter Values:
20260910_063105 DOMAIN: marketing
20260910_063105 SUB_DOMAIN: analytics
20260910_063105 USER_NAME: campaign_manager
20260910_063105 TABLE_NAME: job_web_traffic
20260910_063105 EXEC_SCOPE: PROD

20260910_063105 ## Derived Variable Values:
20260910_063105 STARTTIME: 063105
20260910_063105 LOGDATE: 20260910_063105
20260910_063105 JOB=job_web_traffic

20260910_063105 ###############################################################
20260910_063105 ### RUNNING WEB TRAFFIC SCRIPT
20260910_063105 ###############################################################

20260910_063105 ## Checking if script exists
20260910_063105 Script File: /scripts/marketing/analytics/job_web_traffic/job_web_traffic.sql
20260910_063105 File exists...

20260910_063105 ## Running script
20260910_063105  *** Logon successfully completed.
  *** Total elapsed time was 5 seconds.
  *** All data processed without errors.
  *** Script execution successful.
  *** RC (return code) = 0
20260910_063204
20260910_063204
Execution Return Code: 0
20260910_063204
-----------
JOB SUCCESS
-----------
Start Time: 063105, End Time: 063204