MARKETING ANALYTICS JOB LOG 20260804_060343
----------------------
20260804_060343 ## Passed Parameter Values:
20260804_060343 DOMAIN: marketing
20260804_060343 SUB_DOMAIN: analytics
20260804_060343 USER_NAME: analyst1
20260804_060343 TABLE_NAME: job_web_traffic
20260804_060343 EXEC_SCOPE: UAT

20260804_060343 ## Derived Variable Values:
20260804_060343 STARTTIME: 060343
20260804_060343 LOGDATE: 20260804_060343
20260804_060343 JOB=job_web_traffic

20260804_060343 ###############################################################
20260804_060343 ### RUNNING WEB TRAFFIC SCRIPT
20260804_060343 ###############################################################

20260804_060343 ## Checking if script exists
20260804_060343 Script File: /scripts/marketing/analytics/job_web_traffic/job_web_traffic.sql
20260804_060343 File exists...

20260804_060343 ## Running script
20260804_060343  *** Logon successfully completed.
  *** Total elapsed time was 2 seconds.
  *** Analysis completed with no issues.
  *** Script execution successful.
  *** RC (return code) = 0
20260804_060416
20260804_060416
Execution Return Code: 0
20260804_060416
-----------
JOB SUCCESS
-----------
Start Time: 060343, End Time: 060416