MARKETING ANALYTICS JOB LOG 20260908_040230
----------------------
20260908_040230 ## Passed Parameter Values:
20260908_040230 DOMAIN: marketing
20260908_040230 SUB_DOMAIN: analytics
20260908_040230 USER_NAME: marketing_user1
20260908_040230 TABLE_NAME: job_web_traffic
20260908_040230 EXEC_SCOPE: TEST

20260908_040230 ## Derived Variable Values:
20260908_040230 STARTTIME: 040230
20260908_040230 LOGDATE: 20260908_040230
20260908_040230 JOB=job_web_traffic

20260908_040230 ###############################################################
20260908_040230 ### RUNNING WEB TRAFFIC SCRIPT
20260908_040230 ###############################################################

20260908_040230 ## Checking if script exists
20260908_040230 Script File: /scripts/marketing/analytics/job_web_traffic/job_web_traffic.sql
20260908_040230 File exists...

20260908_040230 ## Running script
20260908_040230  *** Logon successfully completed.
  *** Total elapsed time was 5 seconds.
  *** Error: Traffic analysis error: Invalid source attribution.
  *** Script execution failed.
  *** RC (return code) = 4
20260908_040254
20260908_040254
Execution Return Code: 4
20260908_040254
---------
JOB ERROR
---------
Start Time: 040230, End Time: 040254