MARKETING ANALYTICS JOB LOG 20260929_225626
----------------------
20260929_225626 ## Passed Parameter Values:
20260929_225626 DOMAIN: marketing
20260929_225626 SUB_DOMAIN: analytics
20260929_225626 USER_NAME: campaign_manager
20260929_225626 TABLE_NAME: job_web_traffic
20260929_225626 EXEC_SCOPE: TEST

20260929_225626 ## Derived Variable Values:
20260929_225626 STARTTIME: 225626
20260929_225626 LOGDATE: 20260929_225626
20260929_225626 JOB=job_web_traffic

20260929_225626 ###############################################################
20260929_225626 ### RUNNING WEB TRAFFIC SCRIPT
20260929_225626 ###############################################################

20260929_225626 ## Checking if script exists
20260929_225626 Script File: /scripts/marketing/analytics/job_web_traffic/job_web_traffic.sql
20260929_225626 File exists...

20260929_225626 ## Running script
20260929_225626  *** Logon successfully completed.
  *** Total elapsed time was 5 seconds.
  *** All data processed without errors.
  *** Script execution successful.
  *** RC (return code) = 0
20260929_225726
20260929_225726
Execution Return Code: 0
20260929_225726
-----------
JOB SUCCESS
-----------
Start Time: 225626, End Time: 225726