MARKETING ANALYTICS JOB LOG 20260927_065441
----------------------
20260927_065441 ## Passed Parameter Values:
20260927_065441 DOMAIN: marketing
20260927_065441 SUB_DOMAIN: analytics
20260927_065441 USER_NAME: campaign_manager
20260927_065441 TABLE_NAME: job_web_traffic
20260927_065441 EXEC_SCOPE: DEV

20260927_065441 ## Derived Variable Values:
20260927_065441 STARTTIME: 065441
20260927_065441 LOGDATE: 20260927_065441
20260927_065441 JOB=job_web_traffic

20260927_065441 ###############################################################
20260927_065441 ### RUNNING WEB TRAFFIC SCRIPT
20260927_065441 ###############################################################

20260927_065441 ## Checking if script exists
20260927_065441 Script File: /scripts/marketing/analytics/job_web_traffic/job_web_traffic.sql
20260927_065441 File exists...

20260927_065441 ## Running script
20260927_065441  *** Logon successfully completed.
  *** Total elapsed time was 2 seconds.
  *** Error: Traffic analysis error: Invalid source attribution.
  *** Script execution failed.
  *** RC (return code) = 1
20260927_065455
20260927_065455
Execution Return Code: 1
20260927_065455
---------
JOB ERROR
---------
Start Time: 065441, End Time: 065455