MARKETING ANALYTICS JOB LOG 20260809_232253
----------------------
20260809_232253 ## Passed Parameter Values:
20260809_232253 DOMAIN: marketing
20260809_232253 SUB_DOMAIN: analytics
20260809_232253 USER_NAME: campaign_manager
20260809_232253 TABLE_NAME: job_web_traffic
20260809_232253 EXEC_SCOPE: DEV

20260809_232253 ## Derived Variable Values:
20260809_232253 STARTTIME: 232253
20260809_232253 LOGDATE: 20260809_232253
20260809_232253 JOB=job_web_traffic

20260809_232253 ###############################################################
20260809_232253 ### RUNNING WEB TRAFFIC SCRIPT
20260809_232253 ###############################################################

20260809_232253 ## Checking if script exists
20260809_232253 Script File: /scripts/marketing/analytics/job_web_traffic/job_web_traffic.sql
20260809_232253 File exists...

20260809_232253 ## Running script
20260809_232253  *** Logon successfully completed.
  *** Total elapsed time was 4 seconds.
  *** Script executed successfully.
  *** Script execution successful.
  *** RC (return code) = 0
20260809_232309
20260809_232309
Execution Return Code: 0
20260809_232309
-----------
JOB SUCCESS
-----------
Start Time: 232253, End Time: 232309