MARKETING ANALYTICS JOB LOG 20260820_072625
----------------------
20260820_072625 ## Passed Parameter Values:
20260820_072625 DOMAIN: marketing
20260820_072625 SUB_DOMAIN: analytics
20260820_072625 USER_NAME: campaign_manager
20260820_072625 TABLE_NAME: job_web_traffic
20260820_072625 EXEC_SCOPE: DEV

20260820_072625 ## Derived Variable Values:
20260820_072625 STARTTIME: 072625
20260820_072625 LOGDATE: 20260820_072625
20260820_072625 JOB=job_web_traffic

20260820_072625 ###############################################################
20260820_072625 ### RUNNING WEB TRAFFIC SCRIPT
20260820_072625 ###############################################################

20260820_072625 ## Checking if script exists
20260820_072625 Script File: /scripts/marketing/analytics/job_web_traffic/job_web_traffic.sql
20260820_072625 File exists...

20260820_072625 ## Running script
20260820_072625  *** Logon successfully completed.
  *** Total elapsed time was 3 seconds.
  *** Data extraction and transformation successful.
  *** Script execution successful.
  *** RC (return code) = 0
20260820_072634
20260820_072634
Execution Return Code: 0
20260820_072634
-----------
JOB SUCCESS
-----------
Start Time: 072625, End Time: 072634