MARKETING ANALYTICS JOB LOG 20260924_085747
----------------------
20260924_085747 ## Passed Parameter Values:
20260924_085747 DOMAIN: marketing
20260924_085747 SUB_DOMAIN: analytics
20260924_085747 USER_NAME: marketing_user1
20260924_085747 TABLE_NAME: job_web_traffic
20260924_085747 EXEC_SCOPE: TEST

20260924_085747 ## Derived Variable Values:
20260924_085747 STARTTIME: 085747
20260924_085747 LOGDATE: 20260924_085747
20260924_085747 JOB=job_web_traffic

20260924_085747 ###############################################################
20260924_085747 ### RUNNING WEB TRAFFIC SCRIPT
20260924_085747 ###############################################################

20260924_085747 ## Checking if script exists
20260924_085747 Script File: /scripts/marketing/analytics/job_web_traffic/job_web_traffic.sql
20260924_085747 File exists...

20260924_085747 ## Running script
20260924_085747  *** Logon successfully completed.
  *** Total elapsed time was 3 seconds.
  *** Error: Script completed with warnings: Missing optional parameters.
  *** Script execution failed.
  *** RC (return code) = 1
20260924_085815
20260924_085815
Execution Return Code: 1
20260924_085815
---------
JOB ERROR
---------
Start Time: 085747, End Time: 085815