MARKETING ANALYTICS JOB LOG 20260906_120030
----------------------
20260906_120030 ## Passed Parameter Values:
20260906_120030 DOMAIN: marketing
20260906_120030 SUB_DOMAIN: analytics
20260906_120030 USER_NAME: campaign_manager
20260906_120030 TABLE_NAME: job_web_traffic
20260906_120030 EXEC_SCOPE: PROD

20260906_120030 ## Derived Variable Values:
20260906_120030 STARTTIME: 120030
20260906_120030 LOGDATE: 20260906_120030
20260906_120030 JOB=job_web_traffic

20260906_120030 ###############################################################
20260906_120030 ### RUNNING WEB TRAFFIC SCRIPT
20260906_120030 ###############################################################

20260906_120030 ## Checking if script exists
20260906_120030 Script File: /scripts/marketing/analytics/job_web_traffic/job_web_traffic.sql
20260906_120030 File exists...

20260906_120030 ## Running script
20260906_120030  *** Logon successfully completed.
  *** Total elapsed time was 4 seconds.
  *** All data processed without errors.
  *** Script execution successful.
  *** RC (return code) = 0
20260906_120035
20260906_120035
Execution Return Code: 0
20260906_120035
-----------
JOB SUCCESS
-----------
Start Time: 120030, End Time: 120035