MARKETING ANALYTICS JOB LOG 20260825_205245
----------------------
20260825_205245 ## Passed Parameter Values:
20260825_205245 DOMAIN: marketing
20260825_205245 SUB_DOMAIN: analytics
20260825_205245 USER_NAME: analyst1
20260825_205245 TABLE_NAME: job_web_traffic
20260825_205245 EXEC_SCOPE: UAT

20260825_205245 ## Derived Variable Values:
20260825_205245 STARTTIME: 205245
20260825_205245 LOGDATE: 20260825_205245
20260825_205245 JOB=job_web_traffic

20260825_205245 ###############################################################
20260825_205245 ### RUNNING WEB TRAFFIC SCRIPT
20260825_205245 ###############################################################

20260825_205245 ## Checking if script exists
20260825_205245 Script File: /scripts/marketing/analytics/job_web_traffic/job_web_traffic.sql
20260825_205245 File exists...

20260825_205245 ## Running script
20260825_205245  *** Logon successfully completed.
  *** Total elapsed time was 2 seconds.
  *** Data extraction and transformation successful.
  *** Script execution successful.
  *** RC (return code) = 0
20260825_205342
20260825_205342
Execution Return Code: 0
20260825_205342
-----------
JOB SUCCESS
-----------
Start Time: 205245, End Time: 205342