MARKETING ANALYTICS JOB LOG 20261011_232908
----------------------
20261011_232908 ## Passed Parameter Values:
20261011_232908 DOMAIN: marketing
20261011_232908 SUB_DOMAIN: analytics
20261011_232908 USER_NAME: analyst1
20261011_232908 TABLE_NAME: job_web_traffic
20261011_232908 EXEC_SCOPE: PROD

20261011_232908 ## Derived Variable Values:
20261011_232908 STARTTIME: 232908
20261011_232908 LOGDATE: 20261011_232908
20261011_232908 JOB=job_web_traffic

20261011_232908 ###############################################################
20261011_232908 ### RUNNING WEB TRAFFIC SCRIPT
20261011_232908 ###############################################################

20261011_232908 ## Checking if script exists
20261011_232908 Script File: /scripts/marketing/analytics/job_web_traffic/job_web_traffic.sql
20261011_232908 File exists...

20261011_232908 ## Running script
20261011_232908  *** Logon successfully completed.
  *** Total elapsed time was 5 seconds.
  *** All data processed without errors.
  *** Script execution successful.
  *** RC (return code) = 0
20261011_232952
20261011_232952
Execution Return Code: 0
20261011_232952
-----------
JOB SUCCESS
-----------
Start Time: 232908, End Time: 232952