MARKETING ANALYTICS JOB LOG 20260915_002742
----------------------
20260915_002742 ## Passed Parameter Values:
20260915_002742 DOMAIN: marketing
20260915_002742 SUB_DOMAIN: analytics
20260915_002742 USER_NAME: analyst1
20260915_002742 TABLE_NAME: job_web_traffic
20260915_002742 EXEC_SCOPE: PROD

20260915_002742 ## Derived Variable Values:
20260915_002742 STARTTIME: 002742
20260915_002742 LOGDATE: 20260915_002742
20260915_002742 JOB=job_web_traffic

20260915_002742 ###############################################################
20260915_002742 ### RUNNING WEB TRAFFIC SCRIPT
20260915_002742 ###############################################################

20260915_002742 ## Checking if script exists
20260915_002742 Script File: /scripts/marketing/analytics/job_web_traffic/job_web_traffic.sql
20260915_002742 File exists...

20260915_002742 ## Running script
20260915_002742  *** Logon successfully completed.
  *** Total elapsed time was 5 seconds.
  *** Analysis completed with no issues.
  *** Script execution successful.
  *** RC (return code) = 0
20260915_002758
20260915_002758
Execution Return Code: 0
20260915_002758
-----------
JOB SUCCESS
-----------
Start Time: 002742, End Time: 002758