MARKETING ANALYTICS JOB LOG 20260913_112901
----------------------
20260913_112901 ## Passed Parameter Values:
20260913_112901 DOMAIN: marketing
20260913_112901 SUB_DOMAIN: analytics
20260913_112901 USER_NAME: marketing_user1
20260913_112901 TABLE_NAME: job_web_traffic
20260913_112901 EXEC_SCOPE: DEV

20260913_112901 ## Derived Variable Values:
20260913_112901 STARTTIME: 112901
20260913_112901 LOGDATE: 20260913_112901
20260913_112901 JOB=job_web_traffic

20260913_112901 ###############################################################
20260913_112901 ### RUNNING WEB TRAFFIC SCRIPT
20260913_112901 ###############################################################

20260913_112901 ## Checking if script exists
20260913_112901 Script File: /scripts/marketing/analytics/job_web_traffic/job_web_traffic.sql
20260913_112901 File exists...

20260913_112901 ## Running script
20260913_112901  *** Logon successfully completed.
  *** Total elapsed time was 3 seconds.
  *** Error: Conversion calculation error: Missing funnel stage data.
  *** Script execution failed.
  *** RC (return code) = 1
20260913_112928
20260913_112928
Execution Return Code: 1
20260913_112928
---------
JOB ERROR
---------
Start Time: 112901, End Time: 112928