MARKETING ANALYTICS JOB LOG 20260922_015112
----------------------
20260922_015112 ## Passed Parameter Values:
20260922_015112 DOMAIN: marketing
20260922_015112 SUB_DOMAIN: analytics
20260922_015112 USER_NAME: marketing_user1
20260922_015112 TABLE_NAME: job_web_traffic
20260922_015112 EXEC_SCOPE: DEV

20260922_015112 ## Derived Variable Values:
20260922_015112 STARTTIME: 015112
20260922_015112 LOGDATE: 20260922_015112
20260922_015112 JOB=job_web_traffic

20260922_015112 ###############################################################
20260922_015112 ### RUNNING WEB TRAFFIC SCRIPT
20260922_015112 ###############################################################

20260922_015112 ## Checking if script exists
20260922_015112 Script File: /scripts/marketing/analytics/job_web_traffic/job_web_traffic.sql
20260922_015112 File exists...

20260922_015112 ## Running script
20260922_015112  *** Logon successfully completed.
  *** Total elapsed time was 4 seconds.
  *** Script executed successfully.
  *** Script execution successful.
  *** RC (return code) = 0
20260922_015127
20260922_015127
Execution Return Code: 0
20260922_015127
-----------
JOB SUCCESS
-----------
Start Time: 015112, End Time: 015127