MARKETING ANALYTICS JOB LOG 20260816_133035
----------------------
20260816_133035 ## Passed Parameter Values:
20260816_133035 DOMAIN: marketing
20260816_133035 SUB_DOMAIN: analytics
20260816_133035 USER_NAME: campaign_manager
20260816_133035 TABLE_NAME: job_web_traffic
20260816_133035 EXEC_SCOPE: PROD

20260816_133035 ## Derived Variable Values:
20260816_133035 STARTTIME: 133035
20260816_133035 LOGDATE: 20260816_133035
20260816_133035 JOB=job_web_traffic

20260816_133035 ###############################################################
20260816_133035 ### RUNNING WEB TRAFFIC SCRIPT
20260816_133035 ###############################################################

20260816_133035 ## Checking if script exists
20260816_133035 Script File: /scripts/marketing/analytics/job_web_traffic/job_web_traffic.sql
20260816_133035 File exists...

20260816_133035 ## Running script
20260816_133035  *** Logon successfully completed.
  *** Total elapsed time was 1 second.
  *** Data extraction and transformation successful.
  *** Script execution successful.
  *** RC (return code) = 0
20260816_133113
20260816_133113
Execution Return Code: 0
20260816_133113
-----------
JOB SUCCESS
-----------
Start Time: 133035, End Time: 133113