MARKETING ANALYTICS JOB LOG 20260903_031747
----------------------
20260903_031747 ## Passed Parameter Values:
20260903_031747 DOMAIN: marketing
20260903_031747 SUB_DOMAIN: analytics
20260903_031747 USER_NAME: campaign_manager
20260903_031747 TABLE_NAME: job_web_traffic
20260903_031747 EXEC_SCOPE: TEST

20260903_031747 ## Derived Variable Values:
20260903_031747 STARTTIME: 031747
20260903_031747 LOGDATE: 20260903_031747
20260903_031747 JOB=job_web_traffic

20260903_031747 ###############################################################
20260903_031747 ### RUNNING WEB TRAFFIC SCRIPT
20260903_031747 ###############################################################

20260903_031747 ## Checking if script exists
20260903_031747 Script File: /scripts/marketing/analytics/job_web_traffic/job_web_traffic.sql
20260903_031747 File exists...

20260903_031747 ## Running script
20260903_031747  *** Logon successfully completed.
  *** Total elapsed time was 4 seconds.
  *** All data processed without errors.
  *** Script execution successful.
  *** RC (return code) = 0
20260903_031832
20260903_031832
Execution Return Code: 0
20260903_031832
-----------
JOB SUCCESS
-----------
Start Time: 031747, End Time: 031832