MARKETING ANALYTICS JOB LOG 20260730_034402
----------------------
20260730_034402 ## Passed Parameter Values:
20260730_034402 DOMAIN: marketing
20260730_034402 SUB_DOMAIN: analytics
20260730_034402 USER_NAME: analyst1
20260730_034402 TABLE_NAME: job_web_traffic
20260730_034402 EXEC_SCOPE: PROD

20260730_034402 ## Derived Variable Values:
20260730_034402 STARTTIME: 034402
20260730_034402 LOGDATE: 20260730_034402
20260730_034402 JOB=job_web_traffic

20260730_034402 ###############################################################
20260730_034402 ### RUNNING WEB TRAFFIC SCRIPT
20260730_034402 ###############################################################

20260730_034402 ## Checking if script exists
20260730_034402 Script File: /scripts/marketing/analytics/job_web_traffic/job_web_traffic.sql
20260730_034402 File exists...

20260730_034402 ## Running script
20260730_034402  *** Logon successfully completed.
  *** Total elapsed time was 1 second.
  *** Analysis completed with no issues.
  *** Script execution successful.
  *** RC (return code) = 0
20260730_034449
20260730_034449
Execution Return Code: 0
20260730_034449
-----------
JOB SUCCESS
-----------
Start Time: 034402, End Time: 034449