MARKETING ANALYTICS JOB LOG 20260920_000736
----------------------
20260920_000736 ## Passed Parameter Values:
20260920_000736 DOMAIN: marketing
20260920_000736 SUB_DOMAIN: analytics
20260920_000736 USER_NAME: campaign_manager
20260920_000736 TABLE_NAME: job_web_traffic
20260920_000736 EXEC_SCOPE: UAT

20260920_000736 ## Derived Variable Values:
20260920_000736 STARTTIME: 000736
20260920_000736 LOGDATE: 20260920_000736
20260920_000736 JOB=job_web_traffic

20260920_000736 ###############################################################
20260920_000736 ### RUNNING WEB TRAFFIC SCRIPT
20260920_000736 ###############################################################

20260920_000736 ## Checking if script exists
20260920_000736 Script File: /scripts/marketing/analytics/job_web_traffic/job_web_traffic.sql
20260920_000736 File exists...

20260920_000736 ## Running script
20260920_000736  *** Logon successfully completed.
  *** Total elapsed time was 3 seconds.
  *** Script executed successfully.
  *** Script execution successful.
  *** RC (return code) = 0
20260920_000821
20260920_000821
Execution Return Code: 0
20260920_000821
-----------
JOB SUCCESS
-----------
Start Time: 000736, End Time: 000821