FINANCE REPORTING JOB LOG 20260811_043940
----------------------
20260811_043940 ## Passed Parameter Values:
20260811_043940 DOMAIN: finance
20260811_043940 SUB_DOMAIN: reporting
20260811_043940 USER_NAME: finance_user1
20260811_043940 TABLE_NAME: job_report_daily
20260811_043940 EXEC_SCOPE: UAT

20260811_043940 ## Derived Variable Values:
20260811_043940 STARTTIME: 043940
20260811_043940 LOGDATE: 20260811_043940
20260811_043940 JOB=job_report_daily

20260811_043940 ###############################################################
20260811_043940 ### RUNNING REPORT DAILY SCRIPT
20260811_043940 ###############################################################

20260811_043940 ## Checking if script exists
20260811_043940 Script File: /scripts/finance/reporting/job_report_daily/job_report_daily.sql
20260811_043940 File exists...

20260811_043940 ## Running script
20260811_043940  *** Logon successfully completed.
  *** Total elapsed time was 5 seconds.
  *** Error: Report generation failed: Data source unavailable.
  *** Script execution failed.
  *** RC (return code) = 4
20260811_044000
20260811_044000
Execution Return Code: 4
20260811_044000
---------
JOB ERROR
---------
Start Time: 043940, End Time: 044000