FINANCE REPORTING JOB LOG 20260730_175833
----------------------
20260730_175833 ## Passed Parameter Values:
20260730_175833 DOMAIN: finance
20260730_175833 SUB_DOMAIN: reporting
20260730_175833 USER_NAME: finance_admin
20260730_175833 TABLE_NAME: job_report_daily
20260730_175833 EXEC_SCOPE: TEST

20260730_175833 ## Derived Variable Values:
20260730_175833 STARTTIME: 175833
20260730_175833 LOGDATE: 20260730_175833
20260730_175833 JOB=job_report_daily

20260730_175833 ###############################################################
20260730_175833 ### RUNNING REPORT DAILY SCRIPT
20260730_175833 ###############################################################

20260730_175833 ## Checking if script exists
20260730_175833 Script File: /scripts/finance/reporting/job_report_daily/job_report_daily.sql
20260730_175833 File exists...

20260730_175833 ## Running script
20260730_175833  *** Logon successfully completed.
  *** Total elapsed time was 4 seconds.
  *** Data extraction and transformation successful.
  *** Script execution successful.
  *** RC (return code) = 0
20260730_175841
20260730_175841
Execution Return Code: 0
20260730_175841
-----------
JOB SUCCESS
-----------
Start Time: 175833, End Time: 175841