FINANCE REPORTING JOB LOG 20260913_153949
----------------------
20260913_153949 ## Passed Parameter Values:
20260913_153949 DOMAIN: finance
20260913_153949 SUB_DOMAIN: reporting
20260913_153949 USER_NAME: accountant1
20260913_153949 TABLE_NAME: job_report_daily
20260913_153949 EXEC_SCOPE: PROD

20260913_153949 ## Derived Variable Values:
20260913_153949 STARTTIME: 153949
20260913_153949 LOGDATE: 20260913_153949
20260913_153949 JOB=job_report_daily

20260913_153949 ###############################################################
20260913_153949 ### RUNNING REPORT DAILY SCRIPT
20260913_153949 ###############################################################

20260913_153949 ## Checking if script exists
20260913_153949 Script File: /scripts/finance/reporting/job_report_daily/job_report_daily.sql
20260913_153949 File exists...

20260913_153949 ## Running script
20260913_153949  *** Logon successfully completed.
  *** Total elapsed time was 1 second.
  *** Script executed successfully.
  *** Script execution successful.
  *** RC (return code) = 0
20260913_154007
20260913_154007
Execution Return Code: 0
20260913_154007
-----------
JOB SUCCESS
-----------
Start Time: 153949, End Time: 154007