FINANCE REPORTING JOB LOG 20260726_222229
----------------------
20260726_222229 ## Passed Parameter Values:
20260726_222229 DOMAIN: finance
20260726_222229 SUB_DOMAIN: reporting
20260726_222229 USER_NAME: finance_admin
20260726_222229 TABLE_NAME: job_report_daily
20260726_222229 EXEC_SCOPE: TEST

20260726_222229 ## Derived Variable Values:
20260726_222229 STARTTIME: 222229
20260726_222229 LOGDATE: 20260726_222229
20260726_222229 JOB=job_report_daily

20260726_222229 ###############################################################
20260726_222229 ### RUNNING REPORT DAILY SCRIPT
20260726_222229 ###############################################################

20260726_222229 ## Checking if script exists
20260726_222229 Script File: /scripts/finance/reporting/job_report_daily/job_report_daily.sql
20260726_222229 File exists...

20260726_222229 ## Running script
20260726_222229  *** Logon successfully completed.
  *** Total elapsed time was 3 seconds.
  *** Report generated successfully.
  *** Script execution successful.
  *** RC (return code) = 0
20260726_222244
20260726_222244
Execution Return Code: 0
20260726_222244
-----------
JOB SUCCESS
-----------
Start Time: 222229, End Time: 222244