FINANCE REPORTING JOB LOG 20260924_095943
----------------------
20260924_095943 ## Passed Parameter Values:
20260924_095943 DOMAIN: finance
20260924_095943 SUB_DOMAIN: reporting
20260924_095943 USER_NAME: accountant1
20260924_095943 TABLE_NAME: job_report_daily
20260924_095943 EXEC_SCOPE: DEV

20260924_095943 ## Derived Variable Values:
20260924_095943 STARTTIME: 095943
20260924_095943 LOGDATE: 20260924_095943
20260924_095943 JOB=job_report_daily

20260924_095943 ###############################################################
20260924_095943 ### RUNNING REPORT DAILY SCRIPT
20260924_095943 ###############################################################

20260924_095943 ## Checking if script exists
20260924_095943 Script File: /scripts/finance/reporting/job_report_daily/job_report_daily.sql
20260924_095943 File exists...

20260924_095943 ## Running script
20260924_095943  *** Logon successfully completed.
  *** Total elapsed time was 2 seconds.
  *** All data processed without errors.
  *** Script execution successful.
  *** RC (return code) = 0
20260924_100016
20260924_100016
Execution Return Code: 0
20260924_100016
-----------
JOB SUCCESS
-----------
Start Time: 095943, End Time: 100016