FINANCE REPORTING JOB LOG 20260927_075242
----------------------
20260927_075242 ## Passed Parameter Values:
20260927_075242 DOMAIN: finance
20260927_075242 SUB_DOMAIN: reporting
20260927_075242 USER_NAME: accountant1
20260927_075242 TABLE_NAME: job_report_daily
20260927_075242 EXEC_SCOPE: DEV

20260927_075242 ## Derived Variable Values:
20260927_075242 STARTTIME: 075242
20260927_075242 LOGDATE: 20260927_075242
20260927_075242 JOB=job_report_daily

20260927_075242 ###############################################################
20260927_075242 ### RUNNING REPORT DAILY SCRIPT
20260927_075242 ###############################################################

20260927_075242 ## Checking if script exists
20260927_075242 Script File: /scripts/finance/reporting/job_report_daily/job_report_daily.sql
20260927_075242 File exists...

20260927_075242 ## Running script
20260927_075242  *** Logon successfully completed.
  *** Total elapsed time was 4 seconds.
  *** Report generated successfully.
  *** Script execution successful.
  *** RC (return code) = 0
20260927_075332
20260927_075332
Execution Return Code: 0
20260927_075332
-----------
JOB SUCCESS
-----------
Start Time: 075242, End Time: 075332