FINANCE REPORTING JOB LOG 20260903_052524
----------------------
20260903_052524 ## Passed Parameter Values:
20260903_052524 DOMAIN: finance
20260903_052524 SUB_DOMAIN: reporting
20260903_052524 USER_NAME: accountant1
20260903_052524 TABLE_NAME: job_report_daily
20260903_052524 EXEC_SCOPE: UAT

20260903_052524 ## Derived Variable Values:
20260903_052524 STARTTIME: 052524
20260903_052524 LOGDATE: 20260903_052524
20260903_052524 JOB=job_report_daily

20260903_052524 ###############################################################
20260903_052524 ### RUNNING REPORT DAILY SCRIPT
20260903_052524 ###############################################################

20260903_052524 ## Checking if script exists
20260903_052524 Script File: /scripts/finance/reporting/job_report_daily/job_report_daily.sql
20260903_052524 File exists...

20260903_052524 ## Running script
20260903_052524  *** Logon successfully completed.
  *** Total elapsed time was 5 seconds.
  *** Error: Invalid data format in source table.
  *** Script execution failed.
  *** RC (return code) = 4
20260903_052623
20260903_052623
Execution Return Code: 4
20260903_052623
---------
JOB ERROR
---------
Start Time: 052524, End Time: 052623