FINANCE REPORTING JOB LOG 20260802_174656
----------------------
20260802_174656 ## Passed Parameter Values:
20260802_174656 DOMAIN: finance
20260802_174656 SUB_DOMAIN: reporting
20260802_174656 USER_NAME: accountant1
20260802_174656 TABLE_NAME: job_report_daily
20260802_174656 EXEC_SCOPE: DEV

20260802_174656 ## Derived Variable Values:
20260802_174656 STARTTIME: 174656
20260802_174656 LOGDATE: 20260802_174656
20260802_174656 JOB=job_report_daily

20260802_174656 ###############################################################
20260802_174656 ### RUNNING REPORT DAILY SCRIPT
20260802_174656 ###############################################################

20260802_174656 ## Checking if script exists
20260802_174656 Script File: /scripts/finance/reporting/job_report_daily/job_report_daily.sql
20260802_174656 File exists...

20260802_174656 ## Running script
20260802_174656  *** Logon successfully completed.
  *** Total elapsed time was 3 seconds.
  *** All data processed without errors.
  *** Script execution successful.
  *** RC (return code) = 0
20260802_174746
20260802_174746
Execution Return Code: 0
20260802_174746
-----------
JOB SUCCESS
-----------
Start Time: 174656, End Time: 174746