FINANCE REPORTING JOB LOG 20260806_031922
----------------------
20260806_031922 ## Passed Parameter Values:
20260806_031922 DOMAIN: finance
20260806_031922 SUB_DOMAIN: reporting
20260806_031922 USER_NAME: finance_user1
20260806_031922 TABLE_NAME: job_report_daily
20260806_031922 EXEC_SCOPE: TEST

20260806_031922 ## Derived Variable Values:
20260806_031922 STARTTIME: 031922
20260806_031922 LOGDATE: 20260806_031922
20260806_031922 JOB=job_report_daily

20260806_031922 ###############################################################
20260806_031922 ### RUNNING REPORT DAILY SCRIPT
20260806_031922 ###############################################################

20260806_031922 ## Checking if script exists
20260806_031922 Script File: /scripts/finance/reporting/job_report_daily/job_report_daily.sql
20260806_031922 File exists...

20260806_031922 ## Running script
20260806_031922  *** Logon successfully completed.
  *** Total elapsed time was 2 seconds.
  *** Data extraction and transformation successful.
  *** Script execution successful.
  *** RC (return code) = 0
20260806_031946
20260806_031946
Execution Return Code: 0
20260806_031946
-----------
JOB SUCCESS
-----------
Start Time: 031922, End Time: 031946