FINANCE REPORTING JOB LOG 20260929_130933
----------------------
20260929_130933 ## Passed Parameter Values:
20260929_130933 DOMAIN: finance
20260929_130933 SUB_DOMAIN: reporting
20260929_130933 USER_NAME: finance_user1
20260929_130933 TABLE_NAME: job_report_daily
20260929_130933 EXEC_SCOPE: UAT

20260929_130933 ## Derived Variable Values:
20260929_130933 STARTTIME: 130933
20260929_130933 LOGDATE: 20260929_130933
20260929_130933 JOB=job_report_daily

20260929_130933 ###############################################################
20260929_130933 ### RUNNING REPORT DAILY SCRIPT
20260929_130933 ###############################################################

20260929_130933 ## Checking if script exists
20260929_130933 Script File: /scripts/finance/reporting/job_report_daily/job_report_daily.sql
20260929_130933 File exists...

20260929_130933 ## Running script
20260929_130933  *** Logon successfully completed.
  *** Total elapsed time was 2 seconds.
  *** Script executed successfully.
  *** Script execution successful.
  *** RC (return code) = 0
20260929_130942
20260929_130942
Execution Return Code: 0
20260929_130942
-----------
JOB SUCCESS
-----------
Start Time: 130933, End Time: 130942