FINANCE REPORTING JOB LOG 20260820_101014
----------------------
20260820_101014 ## Passed Parameter Values:
20260820_101014 DOMAIN: finance
20260820_101014 SUB_DOMAIN: reporting
20260820_101014 USER_NAME: finance_admin
20260820_101014 TABLE_NAME: job_report_daily
20260820_101014 EXEC_SCOPE: PROD

20260820_101014 ## Derived Variable Values:
20260820_101014 STARTTIME: 101014
20260820_101014 LOGDATE: 20260820_101014
20260820_101014 JOB=job_report_daily

20260820_101014 ###############################################################
20260820_101014 ### RUNNING REPORT DAILY SCRIPT
20260820_101014 ###############################################################

20260820_101014 ## Checking if script exists
20260820_101014 Script File: /scripts/finance/reporting/job_report_daily/job_report_daily.sql
20260820_101014 File exists...

20260820_101014 ## Running script
20260820_101014  *** Logon successfully completed.
  *** Total elapsed time was 1 second.
  *** All data processed without errors.
  *** Script execution successful.
  *** RC (return code) = 0
20260820_101052
20260820_101052
Execution Return Code: 0
20260820_101052
-----------
JOB SUCCESS
-----------
Start Time: 101014, End Time: 101052