FINANCE REPORTING JOB LOG 20260818_130744
----------------------
20260818_130744 ## Passed Parameter Values:
20260818_130744 DOMAIN: finance
20260818_130744 SUB_DOMAIN: reporting
20260818_130744 USER_NAME: finance_admin
20260818_130744 TABLE_NAME: job_report_daily
20260818_130744 EXEC_SCOPE: UAT

20260818_130744 ## Derived Variable Values:
20260818_130744 STARTTIME: 130744
20260818_130744 LOGDATE: 20260818_130744
20260818_130744 JOB=job_report_daily

20260818_130744 ###############################################################
20260818_130744 ### RUNNING REPORT DAILY SCRIPT
20260818_130744 ###############################################################

20260818_130744 ## Checking if script exists
20260818_130744 Script File: /scripts/finance/reporting/job_report_daily/job_report_daily.sql
20260818_130744 File exists...

20260818_130744 ## Running script
20260818_130744  *** Logon successfully completed.
  *** Total elapsed time was 5 seconds.
  *** Error: Performance warning: Query execution exceeded threshold.
  *** Script execution failed.
  *** RC (return code) = 1
20260818_130749
20260818_130749
Execution Return Code: 1
20260818_130749
---------
JOB ERROR
---------
Start Time: 130744, End Time: 130749