FINANCE REPORTING JOB LOG 20260804_073647
----------------------
20260804_073647 ## Passed Parameter Values:
20260804_073647 DOMAIN: finance
20260804_073647 SUB_DOMAIN: reporting
20260804_073647 USER_NAME: accountant1
20260804_073647 TABLE_NAME: job_report_daily
20260804_073647 EXEC_SCOPE: PROD

20260804_073647 ## Derived Variable Values:
20260804_073647 STARTTIME: 073647
20260804_073647 LOGDATE: 20260804_073647
20260804_073647 JOB=job_report_daily

20260804_073647 ###############################################################
20260804_073647 ### RUNNING REPORT DAILY SCRIPT
20260804_073647 ###############################################################

20260804_073647 ## Checking if script exists
20260804_073647 Script File: /scripts/finance/reporting/job_report_daily/job_report_daily.sql
20260804_073647 File exists...

20260804_073647 ## Running script
20260804_073647  *** Logon successfully completed.
  *** Total elapsed time was 3 seconds.
  *** Script executed successfully.
  *** Script execution successful.
  *** RC (return code) = 0
20260804_073654
20260804_073654
Execution Return Code: 0
20260804_073654
-----------
JOB SUCCESS
-----------
Start Time: 073647, End Time: 073654