FINANCE REPORTING JOB LOG 20260908_030828
----------------------
20260908_030828 ## Passed Parameter Values:
20260908_030828 DOMAIN: finance
20260908_030828 SUB_DOMAIN: reporting
20260908_030828 USER_NAME: finance_user1
20260908_030828 TABLE_NAME: job_report_daily
20260908_030828 EXEC_SCOPE: DEV

20260908_030828 ## Derived Variable Values:
20260908_030828 STARTTIME: 030828
20260908_030828 LOGDATE: 20260908_030828
20260908_030828 JOB=job_report_daily

20260908_030828 ###############################################################
20260908_030828 ### RUNNING REPORT DAILY SCRIPT
20260908_030828 ###############################################################

20260908_030828 ## Checking if script exists
20260908_030828 Script File: /scripts/finance/reporting/job_report_daily/job_report_daily.sql
20260908_030828 File exists...

20260908_030828 ## Running script
20260908_030828  *** Logon successfully completed.
  *** Total elapsed time was 2 seconds.
  *** Data extraction and transformation successful.
  *** Script execution successful.
  *** RC (return code) = 0
20260908_030905
20260908_030905
Execution Return Code: 0
20260908_030905
-----------
JOB SUCCESS
-----------
Start Time: 030828, End Time: 030905