FINANCE REPORTING JOB LOG 20260922_211006
----------------------
20260922_211006 ## Passed Parameter Values:
20260922_211006 DOMAIN: finance
20260922_211006 SUB_DOMAIN: reporting
20260922_211006 USER_NAME: finance_user1
20260922_211006 TABLE_NAME: job_report_daily
20260922_211006 EXEC_SCOPE: DEV

20260922_211006 ## Derived Variable Values:
20260922_211006 STARTTIME: 211006
20260922_211006 LOGDATE: 20260922_211006
20260922_211006 JOB=job_report_daily

20260922_211006 ###############################################################
20260922_211006 ### RUNNING REPORT DAILY SCRIPT
20260922_211006 ###############################################################

20260922_211006 ## Checking if script exists
20260922_211006 Script File: /scripts/finance/reporting/job_report_daily/job_report_daily.sql
20260922_211006 File exists...

20260922_211006 ## Running script
20260922_211006  *** Logon successfully completed.
  *** Total elapsed time was 2 seconds.
  *** Error: Report generation failed: Data source unavailable.
  *** Script execution failed.
  *** RC (return code) = 4
20260922_211047
20260922_211047
Execution Return Code: 4
20260922_211047
---------
JOB ERROR
---------
Start Time: 211006, End Time: 211047