OPERATIONS SCHEDULING JOB LOG 20260806_005954
----------------------
20260806_005954 ## Passed Parameter Values:
20260806_005954 DOMAIN: operations
20260806_005954 SUB_DOMAIN: scheduling
20260806_005954 USER_NAME: ops_user1
20260806_005954 TABLE_NAME: job_staff_roster
20260806_005954 EXEC_SCOPE: PROD

20260806_005954 ## Derived Variable Values:
20260806_005954 STARTTIME: 005954
20260806_005954 LOGDATE: 20260806_005954
20260806_005954 JOB=job_staff_roster

20260806_005954 ###############################################################
20260806_005954 ### RUNNING STAFF ROSTER SCRIPT
20260806_005954 ###############################################################

20260806_005954 ## Checking if script exists
20260806_005954 Script File: /scripts/operations/scheduling/job_staff_roster/job_staff_roster.sql
20260806_005954 File exists...

20260806_005954 ## Running script
20260806_005954  *** Logon successfully completed.
  *** Total elapsed time was 1 second.
  *** All data processed without errors.
  *** Script execution successful.
  *** RC (return code) = 0
20260806_010051
20260806_010051
Execution Return Code: 0
20260806_010051
-----------
JOB SUCCESS
-----------
Start Time: 005954, End Time: 010051