OPERATIONS SCHEDULING JOB LOG 20260915_072700
----------------------
20260915_072700 ## Passed Parameter Values:
20260915_072700 DOMAIN: operations
20260915_072700 SUB_DOMAIN: scheduling
20260915_072700 USER_NAME: logistics_manager
20260915_072700 TABLE_NAME: job_staff_roster
20260915_072700 EXEC_SCOPE: UAT

20260915_072700 ## Derived Variable Values:
20260915_072700 STARTTIME: 072700
20260915_072700 LOGDATE: 20260915_072700
20260915_072700 JOB=job_staff_roster

20260915_072700 ###############################################################
20260915_072700 ### RUNNING STAFF ROSTER SCRIPT
20260915_072700 ###############################################################

20260915_072700 ## Checking if script exists
20260915_072700 Script File: /scripts/operations/scheduling/job_staff_roster/job_staff_roster.sql
20260915_072700 File exists...

20260915_072700 ## Running script
20260915_072700  *** Logon successfully completed.
  *** Total elapsed time was 4 seconds.
  *** Error: Scheduling report failed: Missing required metrics.
  *** Script execution failed.
  *** RC (return code) = 1
20260915_072730
20260915_072730
Execution Return Code: 1
20260915_072730
---------
JOB ERROR
---------
Start Time: 072700, End Time: 072730