OPERATIONS SCHEDULING JOB LOG 20260730_214532
----------------------
20260730_214532 ## Passed Parameter Values:
20260730_214532 DOMAIN: operations
20260730_214532 SUB_DOMAIN: scheduling
20260730_214532 USER_NAME: logistics_manager
20260730_214532 TABLE_NAME: job_staff_roster
20260730_214532 EXEC_SCOPE: UAT

20260730_214532 ## Derived Variable Values:
20260730_214532 STARTTIME: 214532
20260730_214532 LOGDATE: 20260730_214532
20260730_214532 JOB=job_staff_roster

20260730_214532 ###############################################################
20260730_214532 ### RUNNING STAFF ROSTER SCRIPT
20260730_214532 ###############################################################

20260730_214532 ## Checking if script exists
20260730_214532 Script File: /scripts/operations/scheduling/job_staff_roster/job_staff_roster.sql
20260730_214532 File exists...

20260730_214532 ## Running script
20260730_214532  *** Logon successfully completed.
  *** Total elapsed time was 5 seconds.
  *** Data extraction and transformation successful.
  *** Script execution successful.
  *** RC (return code) = 0
20260730_214606
20260730_214606
Execution Return Code: 0
20260730_214606
-----------
JOB SUCCESS
-----------
Start Time: 214532, End Time: 214606