OPERATIONS SCHEDULING JOB LOG 20260809_091512
----------------------
20260809_091512 ## Passed Parameter Values:
20260809_091512 DOMAIN: operations
20260809_091512 SUB_DOMAIN: scheduling
20260809_091512 USER_NAME: ops_user1
20260809_091512 TABLE_NAME: job_staff_roster
20260809_091512 EXEC_SCOPE: PROD

20260809_091512 ## Derived Variable Values:
20260809_091512 STARTTIME: 091512
20260809_091512 LOGDATE: 20260809_091512
20260809_091512 JOB=job_staff_roster

20260809_091512 ###############################################################
20260809_091512 ### RUNNING STAFF ROSTER SCRIPT
20260809_091512 ###############################################################

20260809_091512 ## Checking if script exists
20260809_091512 Script File: /scripts/operations/scheduling/job_staff_roster/job_staff_roster.sql
20260809_091512 File exists...

20260809_091512 ## Running script
20260809_091512  *** Logon successfully completed.
  *** Total elapsed time was 3 seconds.
  *** Data extraction and transformation successful.
  *** Script execution successful.
  *** RC (return code) = 0
20260809_091602
20260809_091602
Execution Return Code: 0
20260809_091602
-----------
JOB SUCCESS
-----------
Start Time: 091512, End Time: 091602