OPERATIONS SCHEDULING JOB LOG 20261011_062853
----------------------
20261011_062853 ## Passed Parameter Values:
20261011_062853 DOMAIN: operations
20261011_062853 SUB_DOMAIN: scheduling
20261011_062853 USER_NAME: logistics_manager
20261011_062853 TABLE_NAME: job_staff_roster
20261011_062853 EXEC_SCOPE: PROD

20261011_062853 ## Derived Variable Values:
20261011_062853 STARTTIME: 062853
20261011_062853 LOGDATE: 20261011_062853
20261011_062853 JOB=job_staff_roster

20261011_062853 ###############################################################
20261011_062853 ### RUNNING STAFF ROSTER SCRIPT
20261011_062853 ###############################################################

20261011_062853 ## Checking if script exists
20261011_062853 Script File: /scripts/operations/scheduling/job_staff_roster/job_staff_roster.sql
20261011_062853 File exists...

20261011_062853 ## Running script
20261011_062853  *** Logon successfully completed.
  *** Total elapsed time was 4 seconds.
  *** Report generated successfully.
  *** Script execution successful.
  *** RC (return code) = 0
20261011_062932
20261011_062932
Execution Return Code: 0
20261011_062932
-----------
JOB SUCCESS
-----------
Start Time: 062853, End Time: 062932