OPERATIONS SCHEDULING JOB LOG 20260726_113258
----------------------
20260726_113258 ## Passed Parameter Values:
20260726_113258 DOMAIN: operations
20260726_113258 SUB_DOMAIN: scheduling
20260726_113258 USER_NAME: scheduler
20260726_113258 TABLE_NAME: job_staff_roster
20260726_113258 EXEC_SCOPE: PROD

20260726_113258 ## Derived Variable Values:
20260726_113258 STARTTIME: 113258
20260726_113258 LOGDATE: 20260726_113258
20260726_113258 JOB=job_staff_roster

20260726_113258 ###############################################################
20260726_113258 ### RUNNING STAFF ROSTER SCRIPT
20260726_113258 ###############################################################

20260726_113258 ## Checking if script exists
20260726_113258 Script File: /scripts/operations/scheduling/job_staff_roster/job_staff_roster.sql
20260726_113258 File exists...

20260726_113258 ## Running script
20260726_113258  *** Logon successfully completed.
  *** Total elapsed time was 5 seconds.
  *** All data processed without errors.
  *** Script execution successful.
  *** RC (return code) = 0
20260726_113306
20260726_113306
Execution Return Code: 0
20260726_113306
-----------
JOB SUCCESS
-----------
Start Time: 113258, End Time: 113306