OPERATIONS SCHEDULING JOB LOG 20260906_192518
----------------------
20260906_192518 ## Passed Parameter Values:
20260906_192518 DOMAIN: operations
20260906_192518 SUB_DOMAIN: scheduling
20260906_192518 USER_NAME: logistics_manager
20260906_192518 TABLE_NAME: job_staff_roster
20260906_192518 EXEC_SCOPE: UAT

20260906_192518 ## Derived Variable Values:
20260906_192518 STARTTIME: 192518
20260906_192518 LOGDATE: 20260906_192518
20260906_192518 JOB=job_staff_roster

20260906_192518 ###############################################################
20260906_192518 ### RUNNING STAFF ROSTER SCRIPT
20260906_192518 ###############################################################

20260906_192518 ## Checking if script exists
20260906_192518 Script File: /scripts/operations/scheduling/job_staff_roster/job_staff_roster.sql
20260906_192518 File exists...

20260906_192518 ## Running script
20260906_192518  *** Logon successfully completed.
  *** Total elapsed time was 3 seconds.
  *** Error: Scheduling report failed: Missing required metrics.
  *** Script execution failed.
  *** RC (return code) = 2
20260906_192618
20260906_192618
Execution Return Code: 2
20260906_192618
---------
JOB ERROR
---------
Start Time: 192518, End Time: 192618