FINANCE REPORTING JOB LOG 20260813_062856
----------------------
20260813_062856 ## Passed Parameter Values:
20260813_062856 DOMAIN: finance
20260813_062856 SUB_DOMAIN: reporting
20260813_062856 USER_NAME: accountant1
20260813_062856 TABLE_NAME: job_report_monthly
20260813_062856 EXEC_SCOPE: UAT

20260813_062856 ## Derived Variable Values:
20260813_062856 STARTTIME: 062856
20260813_062856 LOGDATE: 20260813_062856
20260813_062856 JOB=job_report_monthly

20260813_062856 ###############################################################
20260813_062856 ### RUNNING REPORT MONTHLY SCRIPT
20260813_062856 ###############################################################

20260813_062856 ## Checking if script exists
20260813_062856 Script File: /scripts/finance/reporting/job_report_monthly/job_report_monthly.sql
20260813_062856 File exists...

20260813_062856 ## Running script
20260813_062856  *** Logon successfully completed.
  *** Total elapsed time was 2 seconds.
  *** All data processed without errors.
  *** Script execution successful.
  *** RC (return code) = 0
20260813_062934
20260813_062934
Execution Return Code: 0
20260813_062934
-----------
JOB SUCCESS
-----------
Start Time: 062856, End Time: 062934