FINANCE REPORTING JOB LOG 20260728_023152
----------------------
20260728_023152 ## Passed Parameter Values:
20260728_023152 DOMAIN: finance
20260728_023152 SUB_DOMAIN: reporting
20260728_023152 USER_NAME: finance_user1
20260728_023152 TABLE_NAME: job_report_monthly
20260728_023152 EXEC_SCOPE: DEV

20260728_023152 ## Derived Variable Values:
20260728_023152 STARTTIME: 023152
20260728_023152 LOGDATE: 20260728_023152
20260728_023152 JOB=job_report_monthly

20260728_023152 ###############################################################
20260728_023152 ### RUNNING REPORT MONTHLY SCRIPT
20260728_023152 ###############################################################

20260728_023152 ## Checking if script exists
20260728_023152 Script File: /scripts/finance/reporting/job_report_monthly/job_report_monthly.sql
20260728_023152 File exists...

20260728_023152 ## Running script
20260728_023152  *** Logon successfully completed.
  *** Total elapsed time was 1 second.
  *** Analysis completed with no issues.
  *** Script execution successful.
  *** RC (return code) = 0
20260728_023203
20260728_023203
Execution Return Code: 0
20260728_023203
-----------
JOB SUCCESS
-----------
Start Time: 023152, End Time: 023203