FINANCE REPORTING JOB LOG 20261006_200107
----------------------
20261006_200107 ## Passed Parameter Values:
20261006_200107 DOMAIN: finance
20261006_200107 SUB_DOMAIN: reporting
20261006_200107 USER_NAME: accountant1
20261006_200107 TABLE_NAME: job_report_monthly
20261006_200107 EXEC_SCOPE: UAT

20261006_200107 ## Derived Variable Values:
20261006_200107 STARTTIME: 200107
20261006_200107 LOGDATE: 20261006_200107
20261006_200107 JOB=job_report_monthly

20261006_200107 ###############################################################
20261006_200107 ### RUNNING REPORT MONTHLY SCRIPT
20261006_200107 ###############################################################

20261006_200107 ## Checking if script exists
20261006_200107 Script File: /scripts/finance/reporting/job_report_monthly/job_report_monthly.sql
20261006_200107 File exists...

20261006_200107 ## Running script
20261006_200107  *** Logon successfully completed.
  *** Total elapsed time was 4 seconds.
  *** All data processed without errors.
  *** Script execution successful.
  *** RC (return code) = 0
20261006_200156
20261006_200156
Execution Return Code: 0
20261006_200156
-----------
JOB SUCCESS
-----------
Start Time: 200107, End Time: 200156