FINANCE REPORTING JOB LOG 20260917_031447
----------------------
20260917_031447 ## Passed Parameter Values:
20260917_031447 DOMAIN: finance
20260917_031447 SUB_DOMAIN: reporting
20260917_031447 USER_NAME: accountant1
20260917_031447 TABLE_NAME: job_report_monthly
20260917_031447 EXEC_SCOPE: PROD

20260917_031447 ## Derived Variable Values:
20260917_031447 STARTTIME: 031447
20260917_031447 LOGDATE: 20260917_031447
20260917_031447 JOB=job_report_monthly

20260917_031447 ###############################################################
20260917_031447 ### RUNNING REPORT MONTHLY SCRIPT
20260917_031447 ###############################################################

20260917_031447 ## Checking if script exists
20260917_031447 Script File: /scripts/finance/reporting/job_report_monthly/job_report_monthly.sql
20260917_031447 File exists...

20260917_031447 ## Running script
20260917_031447  *** Logon successfully completed.
  *** Total elapsed time was 2 seconds.
  *** Error: Performance warning: Query execution exceeded threshold.
  *** Script execution failed.
  *** RC (return code) = 1
20260917_031529
20260917_031529
Execution Return Code: 1
20260917_031529
---------
JOB ERROR
---------
Start Time: 031447, End Time: 031529