FINANCE REPORTING JOB LOG 20260809_065510
----------------------
20260809_065510 ## Passed Parameter Values:
20260809_065510 DOMAIN: finance
20260809_065510 SUB_DOMAIN: reporting
20260809_065510 USER_NAME: finance_user1
20260809_065510 TABLE_NAME: job_report_monthly
20260809_065510 EXEC_SCOPE: TEST

20260809_065510 ## Derived Variable Values:
20260809_065510 STARTTIME: 065510
20260809_065510 LOGDATE: 20260809_065510
20260809_065510 JOB=job_report_monthly

20260809_065510 ###############################################################
20260809_065510 ### RUNNING REPORT MONTHLY SCRIPT
20260809_065510 ###############################################################

20260809_065510 ## Checking if script exists
20260809_065510 Script File: /scripts/finance/reporting/job_report_monthly/job_report_monthly.sql
20260809_065510 File exists...

20260809_065510 ## Running script
20260809_065510  *** Logon successfully completed.
  *** Total elapsed time was 4 seconds.
  *** Error: Weekly report failed: Missing required metrics.
  *** Script execution failed.
  *** RC (return code) = 2
20260809_065548
20260809_065548
Execution Return Code: 2
20260809_065548
---------
JOB ERROR
---------
Start Time: 065510, End Time: 065548