FINANCE REPORTING JOB LOG 20260903_043634
----------------------
20260903_043634 ## Passed Parameter Values:
20260903_043634 DOMAIN: finance
20260903_043634 SUB_DOMAIN: reporting
20260903_043634 USER_NAME: accountant1
20260903_043634 TABLE_NAME: job_report_monthly
20260903_043634 EXEC_SCOPE: UAT

20260903_043634 ## Derived Variable Values:
20260903_043634 STARTTIME: 043634
20260903_043634 LOGDATE: 20260903_043634
20260903_043634 JOB=job_report_monthly

20260903_043634 ###############################################################
20260903_043634 ### RUNNING REPORT MONTHLY SCRIPT
20260903_043634 ###############################################################

20260903_043634 ## Checking if script exists
20260903_043634 Script File: /scripts/finance/reporting/job_report_monthly/job_report_monthly.sql
20260903_043634 File exists...

20260903_043634 ## Running script
20260903_043634  *** Logon successfully completed.
  *** Total elapsed time was 2 seconds.
  *** Script executed successfully.
  *** Script execution successful.
  *** RC (return code) = 0
20260903_043730
20260903_043730
Execution Return Code: 0
20260903_043730
-----------
JOB SUCCESS
-----------
Start Time: 043634, End Time: 043730