FINANCE REPORTING JOB LOG 20260802_193726
----------------------
20260802_193726 ## Passed Parameter Values:
20260802_193726 DOMAIN: finance
20260802_193726 SUB_DOMAIN: reporting
20260802_193726 USER_NAME: accountant1
20260802_193726 TABLE_NAME: job_report_monthly
20260802_193726 EXEC_SCOPE: PROD

20260802_193726 ## Derived Variable Values:
20260802_193726 STARTTIME: 193726
20260802_193726 LOGDATE: 20260802_193726
20260802_193726 JOB=job_report_monthly

20260802_193726 ###############################################################
20260802_193726 ### RUNNING REPORT MONTHLY SCRIPT
20260802_193726 ###############################################################

20260802_193726 ## Checking if script exists
20260802_193726 Script File: /scripts/finance/reporting/job_report_monthly/job_report_monthly.sql
20260802_193726 File exists...

20260802_193726 ## Running script
20260802_193726  *** Logon successfully completed.
  *** Total elapsed time was 2 seconds.
  *** All data processed without errors.
  *** Script execution successful.
  *** RC (return code) = 0
20260802_193810
20260802_193810
Execution Return Code: 0
20260802_193810
-----------
JOB SUCCESS
-----------
Start Time: 193726, End Time: 193810