FINANCE REPORTING JOB LOG 20260726_200132
----------------------
20260726_200132 ## Passed Parameter Values:
20260726_200132 DOMAIN: finance
20260726_200132 SUB_DOMAIN: reporting
20260726_200132 USER_NAME: finance_admin
20260726_200132 TABLE_NAME: job_report_monthly
20260726_200132 EXEC_SCOPE: UAT

20260726_200132 ## Derived Variable Values:
20260726_200132 STARTTIME: 200132
20260726_200132 LOGDATE: 20260726_200132
20260726_200132 JOB=job_report_monthly

20260726_200132 ###############################################################
20260726_200132 ### RUNNING REPORT MONTHLY SCRIPT
20260726_200132 ###############################################################

20260726_200132 ## Checking if script exists
20260726_200132 Script File: /scripts/finance/reporting/job_report_monthly/job_report_monthly.sql
20260726_200132 File exists...

20260726_200132 ## Running script
20260726_200132  *** Logon successfully completed.
  *** Total elapsed time was 4 seconds.
  *** All data processed without errors.
  *** Script execution successful.
  *** RC (return code) = 0
20260726_200158
20260726_200158
Execution Return Code: 0
20260726_200158
-----------
JOB SUCCESS
-----------
Start Time: 200132, End Time: 200158