FINANCE REPORTING JOB LOG 20260825_185349
----------------------
20260825_185349 ## Passed Parameter Values:
20260825_185349 DOMAIN: finance
20260825_185349 SUB_DOMAIN: reporting
20260825_185349 USER_NAME: finance_admin
20260825_185349 TABLE_NAME: job_report_monthly
20260825_185349 EXEC_SCOPE: UAT

20260825_185349 ## Derived Variable Values:
20260825_185349 STARTTIME: 185349
20260825_185349 LOGDATE: 20260825_185349
20260825_185349 JOB=job_report_monthly

20260825_185349 ###############################################################
20260825_185349 ### RUNNING REPORT MONTHLY SCRIPT
20260825_185349 ###############################################################

20260825_185349 ## Checking if script exists
20260825_185349 Script File: /scripts/finance/reporting/job_report_monthly/job_report_monthly.sql
20260825_185349 File exists...

20260825_185349 ## Running script
20260825_185349  *** Logon successfully completed.
  *** Total elapsed time was 1 second.
  *** Data extraction and transformation successful.
  *** Script execution successful.
  *** RC (return code) = 0
20260825_185432
20260825_185432
Execution Return Code: 0
20260825_185432
-----------
JOB SUCCESS
-----------
Start Time: 185349, End Time: 185432