FINANCE REPORTING JOB LOG 20260823_095700
----------------------
20260823_095700 ## Passed Parameter Values:
20260823_095700 DOMAIN: finance
20260823_095700 SUB_DOMAIN: reporting
20260823_095700 USER_NAME: finance_user1
20260823_095700 TABLE_NAME: job_report_monthly
20260823_095700 EXEC_SCOPE: DEV

20260823_095700 ## Derived Variable Values:
20260823_095700 STARTTIME: 095700
20260823_095700 LOGDATE: 20260823_095700
20260823_095700 JOB=job_report_monthly

20260823_095700 ###############################################################
20260823_095700 ### RUNNING REPORT MONTHLY SCRIPT
20260823_095700 ###############################################################

20260823_095700 ## Checking if script exists
20260823_095700 Script File: /scripts/finance/reporting/job_report_monthly/job_report_monthly.sql
20260823_095700 File exists...

20260823_095700 ## Running script
20260823_095700  *** Logon successfully completed.
  *** Total elapsed time was 3 seconds.
  *** Error: Script completed with warnings: Missing optional parameters.
  *** Script execution failed.
  *** RC (return code) = 1
20260823_095717
20260823_095717
Execution Return Code: 1
20260823_095717
---------
JOB ERROR
---------
Start Time: 095700, End Time: 095717