FINANCE REPORTING JOB LOG 20260927_184850
----------------------
20260927_184850 ## Passed Parameter Values:
20260927_184850 DOMAIN: finance
20260927_184850 SUB_DOMAIN: reporting
20260927_184850 USER_NAME: finance_admin
20260927_184850 TABLE_NAME: job_report_monthly
20260927_184850 EXEC_SCOPE: DEV

20260927_184850 ## Derived Variable Values:
20260927_184850 STARTTIME: 184850
20260927_184850 LOGDATE: 20260927_184850
20260927_184850 JOB=job_report_monthly

20260927_184850 ###############################################################
20260927_184850 ### RUNNING REPORT MONTHLY SCRIPT
20260927_184850 ###############################################################

20260927_184850 ## Checking if script exists
20260927_184850 Script File: /scripts/finance/reporting/job_report_monthly/job_report_monthly.sql
20260927_184850 File exists...

20260927_184850 ## Running script
20260927_184850  *** Logon successfully completed.
  *** Total elapsed time was 1 second.
  *** Report generated successfully.
  *** Script execution successful.
  *** RC (return code) = 0
20260927_184928
20260927_184928
Execution Return Code: 0
20260927_184928
-----------
JOB SUCCESS
-----------
Start Time: 184850, End Time: 184928