MARKETING ANALYTICS JOB LOG 20260915_094648
----------------------
20260915_094648 ## Passed Parameter Values:
20260915_094648 DOMAIN: marketing
20260915_094648 SUB_DOMAIN: analytics
20260915_094648 USER_NAME: marketing_user1
20260915_094648 TABLE_NAME: job_roi_report
20260915_094648 EXEC_SCOPE: UAT

20260915_094648 ## Derived Variable Values:
20260915_094648 STARTTIME: 094648
20260915_094648 LOGDATE: 20260915_094648
20260915_094648 JOB=job_roi_report

20260915_094648 ###############################################################
20260915_094648 ### RUNNING ROI REPORT SCRIPT
20260915_094648 ###############################################################

20260915_094648 ## Checking if script exists
20260915_094648 Script File: /scripts/marketing/analytics/job_roi_report/job_roi_report.sql
20260915_094648 File exists...

20260915_094648 ## Running script
20260915_094648  *** Logon successfully completed.
  *** Total elapsed time was 2 seconds.
  *** All data processed without errors.
  *** Script execution successful.
  *** RC (return code) = 0
20260915_094712
20260915_094712
Execution Return Code: 0
20260915_094712
-----------
JOB SUCCESS
-----------
Start Time: 094648, End Time: 094712