MARKETING ANALYTICS JOB LOG 20261001_055912
----------------------
20261001_055912 ## Passed Parameter Values:
20261001_055912 DOMAIN: marketing
20261001_055912 SUB_DOMAIN: analytics
20261001_055912 USER_NAME: campaign_manager
20261001_055912 TABLE_NAME: job_roi_report
20261001_055912 EXEC_SCOPE: UAT

20261001_055912 ## Derived Variable Values:
20261001_055912 STARTTIME: 055912
20261001_055912 LOGDATE: 20261001_055912
20261001_055912 JOB=job_roi_report

20261001_055912 ###############################################################
20261001_055912 ### RUNNING ROI REPORT SCRIPT
20261001_055912 ###############################################################

20261001_055912 ## Checking if script exists
20261001_055912 Script File: /scripts/marketing/analytics/job_roi_report/job_roi_report.sql
20261001_055912 File exists...

20261001_055912 ## Running script
20261001_055912  *** Logon successfully completed.
  *** Total elapsed time was 1 second.
  *** Analysis completed with no issues.
  *** Script execution successful.
  *** RC (return code) = 0
20261001_060002
20261001_060002
Execution Return Code: 0
20261001_060002
-----------
JOB SUCCESS
-----------
Start Time: 055912, End Time: 060002