MARKETING ANALYTICS JOB LOG 20260813_113221
----------------------
20260813_113221 ## Passed Parameter Values:
20260813_113221 DOMAIN: marketing
20260813_113221 SUB_DOMAIN: analytics
20260813_113221 USER_NAME: marketing_user1
20260813_113221 TABLE_NAME: job_roi_report
20260813_113221 EXEC_SCOPE: PROD

20260813_113221 ## Derived Variable Values:
20260813_113221 STARTTIME: 113221
20260813_113221 LOGDATE: 20260813_113221
20260813_113221 JOB=job_roi_report

20260813_113221 ###############################################################
20260813_113221 ### RUNNING ROI REPORT SCRIPT
20260813_113221 ###############################################################

20260813_113221 ## Checking if script exists
20260813_113221 Script File: /scripts/marketing/analytics/job_roi_report/job_roi_report.sql
20260813_113221 File exists...

20260813_113221 ## Running script
20260813_113221  *** Logon successfully completed.
  *** Total elapsed time was 4 seconds.
  *** All data processed without errors.
  *** Script execution successful.
  *** RC (return code) = 0
20260813_113238
20260813_113238
Execution Return Code: 0
20260813_113238
-----------
JOB SUCCESS
-----------
Start Time: 113221, End Time: 113238