MARKETING ANALYTICS JOB LOG 20260903_194354
----------------------
20260903_194354 ## Passed Parameter Values:
20260903_194354 DOMAIN: marketing
20260903_194354 SUB_DOMAIN: analytics
20260903_194354 USER_NAME: campaign_manager
20260903_194354 TABLE_NAME: job_roi_report
20260903_194354 EXEC_SCOPE: DEV

20260903_194354 ## Derived Variable Values:
20260903_194354 STARTTIME: 194354
20260903_194354 LOGDATE: 20260903_194354
20260903_194354 JOB=job_roi_report

20260903_194354 ###############################################################
20260903_194354 ### RUNNING ROI REPORT SCRIPT
20260903_194354 ###############################################################

20260903_194354 ## Checking if script exists
20260903_194354 Script File: /scripts/marketing/analytics/job_roi_report/job_roi_report.sql
20260903_194354 File exists...

20260903_194354 ## Running script
20260903_194354  *** Logon successfully completed.
  *** Total elapsed time was 4 seconds.
  *** Data extraction and transformation successful.
  *** Script execution successful.
  *** RC (return code) = 0
20260903_194436
20260903_194436
Execution Return Code: 0
20260903_194436
-----------
JOB SUCCESS
-----------
Start Time: 194354, End Time: 194436