MARKETING ANALYTICS JOB LOG 20260804_071739
----------------------
20260804_071739 ## Passed Parameter Values:
20260804_071739 DOMAIN: marketing
20260804_071739 SUB_DOMAIN: analytics
20260804_071739 USER_NAME: marketing_user1
20260804_071739 TABLE_NAME: job_roi_report
20260804_071739 EXEC_SCOPE: DEV

20260804_071739 ## Derived Variable Values:
20260804_071739 STARTTIME: 071739
20260804_071739 LOGDATE: 20260804_071739
20260804_071739 JOB=job_roi_report

20260804_071739 ###############################################################
20260804_071739 ### RUNNING ROI REPORT SCRIPT
20260804_071739 ###############################################################

20260804_071739 ## Checking if script exists
20260804_071739 Script File: /scripts/marketing/analytics/job_roi_report/job_roi_report.sql
20260804_071739 File exists...

20260804_071739 ## Running script
20260804_071739  *** Logon successfully completed.
  *** Total elapsed time was 5 seconds.
  *** All data processed without errors.
  *** Script execution successful.
  *** RC (return code) = 0
20260804_071826
20260804_071826
Execution Return Code: 0
20260804_071826
-----------
JOB SUCCESS
-----------
Start Time: 071739, End Time: 071826