MARKETING ANALYTICS JOB LOG 20260728_170808
----------------------
20260728_170808 ## Passed Parameter Values:
20260728_170808 DOMAIN: marketing
20260728_170808 SUB_DOMAIN: analytics
20260728_170808 USER_NAME: campaign_manager
20260728_170808 TABLE_NAME: job_roi_report
20260728_170808 EXEC_SCOPE: TEST

20260728_170808 ## Derived Variable Values:
20260728_170808 STARTTIME: 170808
20260728_170808 LOGDATE: 20260728_170808
20260728_170808 JOB=job_roi_report

20260728_170808 ###############################################################
20260728_170808 ### RUNNING ROI REPORT SCRIPT
20260728_170808 ###############################################################

20260728_170808 ## Checking if script exists
20260728_170808 Script File: /scripts/marketing/analytics/job_roi_report/job_roi_report.sql
20260728_170808 File exists...

20260728_170808 ## Running script
20260728_170808  *** Logon successfully completed.
  *** Total elapsed time was 5 seconds.
  *** All data processed without errors.
  *** Script execution successful.
  *** RC (return code) = 0
20260728_170824
20260728_170824
Execution Return Code: 0
20260728_170824
-----------
JOB SUCCESS
-----------
Start Time: 170808, End Time: 170824