MARKETING ANALYTICS JOB LOG 20260730_124747
----------------------
20260730_124747 ## Passed Parameter Values:
20260730_124747 DOMAIN: marketing
20260730_124747 SUB_DOMAIN: analytics
20260730_124747 USER_NAME: analyst1
20260730_124747 TABLE_NAME: job_roi_report
20260730_124747 EXEC_SCOPE: DEV

20260730_124747 ## Derived Variable Values:
20260730_124747 STARTTIME: 124747
20260730_124747 LOGDATE: 20260730_124747
20260730_124747 JOB=job_roi_report

20260730_124747 ###############################################################
20260730_124747 ### RUNNING ROI REPORT SCRIPT
20260730_124747 ###############################################################

20260730_124747 ## Checking if script exists
20260730_124747 Script File: /scripts/marketing/analytics/job_roi_report/job_roi_report.sql
20260730_124747 File exists...

20260730_124747 ## Running script
20260730_124747  *** Logon successfully completed.
  *** Total elapsed time was 2 seconds.
  *** Analysis completed with no issues.
  *** Script execution successful.
  *** RC (return code) = 0
20260730_124820
20260730_124820
Execution Return Code: 0
20260730_124820
-----------
JOB SUCCESS
-----------
Start Time: 124747, End Time: 124820