MARKETING ANALYTICS JOB LOG 20260913_142748
----------------------
20260913_142748 ## Passed Parameter Values:
20260913_142748 DOMAIN: marketing
20260913_142748 SUB_DOMAIN: analytics
20260913_142748 USER_NAME: campaign_manager
20260913_142748 TABLE_NAME: job_roi_report
20260913_142748 EXEC_SCOPE: PROD

20260913_142748 ## Derived Variable Values:
20260913_142748 STARTTIME: 142748
20260913_142748 LOGDATE: 20260913_142748
20260913_142748 JOB=job_roi_report

20260913_142748 ###############################################################
20260913_142748 ### RUNNING ROI REPORT SCRIPT
20260913_142748 ###############################################################

20260913_142748 ## Checking if script exists
20260913_142748 Script File: /scripts/marketing/analytics/job_roi_report/job_roi_report.sql
20260913_142748 File exists...

20260913_142748 ## Running script
20260913_142748  *** Logon successfully completed.
  *** Total elapsed time was 1 second.
  *** Error: ROI calculation failed: Revenue data unavailable.
  *** Script execution failed.
  *** RC (return code) = 8
20260913_142801
20260913_142801
Execution Return Code: 8
20260913_142801
---------
JOB ERROR
---------
Start Time: 142748, End Time: 142801