MARKETING ANALYTICS JOB LOG 20260908_124713
----------------------
20260908_124713 ## Passed Parameter Values:
20260908_124713 DOMAIN: marketing
20260908_124713 SUB_DOMAIN: analytics
20260908_124713 USER_NAME: marketing_user1
20260908_124713 TABLE_NAME: job_roi_report
20260908_124713 EXEC_SCOPE: UAT

20260908_124713 ## Derived Variable Values:
20260908_124713 STARTTIME: 124713
20260908_124713 LOGDATE: 20260908_124713
20260908_124713 JOB=job_roi_report

20260908_124713 ###############################################################
20260908_124713 ### RUNNING ROI REPORT SCRIPT
20260908_124713 ###############################################################

20260908_124713 ## Checking if script exists
20260908_124713 Script File: /scripts/marketing/analytics/job_roi_report/job_roi_report.sql
20260908_124713 File exists...

20260908_124713 ## Running script
20260908_124713  *** Logon successfully completed.
  *** Total elapsed time was 3 seconds.
  *** Error: Traffic analysis error: Invalid source attribution.
  *** Script execution failed.
  *** RC (return code) = 4
20260908_124802
20260908_124802
Execution Return Code: 4
20260908_124802
---------
JOB ERROR
---------
Start Time: 124713, End Time: 124802