MARKETING ANALYTICS JOB LOG 20260726_131840
----------------------
20260726_131840 ## Passed Parameter Values:
20260726_131840 DOMAIN: marketing
20260726_131840 SUB_DOMAIN: analytics
20260726_131840 USER_NAME: marketing_user1
20260726_131840 TABLE_NAME: job_roi_report
20260726_131840 EXEC_SCOPE: PROD

20260726_131840 ## Derived Variable Values:
20260726_131840 STARTTIME: 131840
20260726_131840 LOGDATE: 20260726_131840
20260726_131840 JOB=job_roi_report

20260726_131840 ###############################################################
20260726_131840 ### RUNNING ROI REPORT SCRIPT
20260726_131840 ###############################################################

20260726_131840 ## Checking if script exists
20260726_131840 Script File: /scripts/marketing/analytics/job_roi_report/job_roi_report.sql
20260726_131840 File exists...

20260726_131840 ## Running script
20260726_131840  *** Logon successfully completed.
  *** Total elapsed time was 4 seconds.
  *** Data extraction and transformation successful.
  *** Script execution successful.
  *** RC (return code) = 0
20260726_131851
20260726_131851
Execution Return Code: 0
20260726_131851
-----------
JOB SUCCESS
-----------
Start Time: 131840, End Time: 131851