MARKETING ANALYTICS JOB LOG 20260809_020546
----------------------
20260809_020546 ## Passed Parameter Values:
20260809_020546 DOMAIN: marketing
20260809_020546 SUB_DOMAIN: analytics
20260809_020546 USER_NAME: analyst1
20260809_020546 TABLE_NAME: job_roi_report
20260809_020546 EXEC_SCOPE: UAT

20260809_020546 ## Derived Variable Values:
20260809_020546 STARTTIME: 020546
20260809_020546 LOGDATE: 20260809_020546
20260809_020546 JOB=job_roi_report

20260809_020546 ###############################################################
20260809_020546 ### RUNNING ROI REPORT SCRIPT
20260809_020546 ###############################################################

20260809_020546 ## Checking if script exists
20260809_020546 Script File: /scripts/marketing/analytics/job_roi_report/job_roi_report.sql
20260809_020546 File exists...

20260809_020546 ## Running script
20260809_020546  *** Logon successfully completed.
  *** Total elapsed time was 4 seconds.
  *** Error: Traffic analysis error: Invalid source attribution.
  *** Script execution failed.
  *** RC (return code) = 8
20260809_020601
20260809_020601
Execution Return Code: 8
20260809_020601
---------
JOB ERROR
---------
Start Time: 020546, End Time: 020601