MARKETING ANALYTICS JOB LOG 20260901_180629
----------------------
20260901_180629 ## Passed Parameter Values:
20260901_180629 DOMAIN: marketing
20260901_180629 SUB_DOMAIN: analytics
20260901_180629 USER_NAME: marketing_user1
20260901_180629 TABLE_NAME: job_roi_report
20260901_180629 EXEC_SCOPE: TEST

20260901_180629 ## Derived Variable Values:
20260901_180629 STARTTIME: 180629
20260901_180629 LOGDATE: 20260901_180629
20260901_180629 JOB=job_roi_report

20260901_180629 ###############################################################
20260901_180629 ### RUNNING ROI REPORT SCRIPT
20260901_180629 ###############################################################

20260901_180629 ## Checking if script exists
20260901_180629 Script File: /scripts/marketing/analytics/job_roi_report/job_roi_report.sql
20260901_180629 File exists...

20260901_180629 ## Running script
20260901_180629  *** Logon successfully completed.
  *** Total elapsed time was 2 seconds.
  *** Data extraction and transformation successful.
  *** Script execution successful.
  *** RC (return code) = 0
20260901_180654
20260901_180654
Execution Return Code: 0
20260901_180654
-----------
JOB SUCCESS
-----------
Start Time: 180629, End Time: 180654