MARKETING ANALYTICS JOB LOG 20260802_001618
----------------------
20260802_001618 ## Passed Parameter Values:
20260802_001618 DOMAIN: marketing
20260802_001618 SUB_DOMAIN: analytics
20260802_001618 USER_NAME: marketing_user1
20260802_001618 TABLE_NAME: job_roi_report
20260802_001618 EXEC_SCOPE: UAT

20260802_001618 ## Derived Variable Values:
20260802_001618 STARTTIME: 001618
20260802_001618 LOGDATE: 20260802_001618
20260802_001618 JOB=job_roi_report

20260802_001618 ###############################################################
20260802_001618 ### RUNNING ROI REPORT SCRIPT
20260802_001618 ###############################################################

20260802_001618 ## Checking if script exists
20260802_001618 Script File: /scripts/marketing/analytics/job_roi_report/job_roi_report.sql
20260802_001618 File exists...

20260802_001618 ## Running script
20260802_001618  *** Logon successfully completed.
  *** Total elapsed time was 2 seconds.
  *** Data extraction and transformation successful.
  *** Script execution successful.
  *** RC (return code) = 0
20260802_001629
20260802_001629
Execution Return Code: 0
20260802_001629
-----------
JOB SUCCESS
-----------
Start Time: 001618, End Time: 001629