MARKETING ANALYTICS JOB LOG 20260827_075044
----------------------
20260827_075044 ## Passed Parameter Values:
20260827_075044 DOMAIN: marketing
20260827_075044 SUB_DOMAIN: analytics
20260827_075044 USER_NAME: marketing_user1
20260827_075044 TABLE_NAME: job_roi_report
20260827_075044 EXEC_SCOPE: TEST

20260827_075044 ## Derived Variable Values:
20260827_075044 STARTTIME: 075044
20260827_075044 LOGDATE: 20260827_075044
20260827_075044 JOB=job_roi_report

20260827_075044 ###############################################################
20260827_075044 ### RUNNING ROI REPORT SCRIPT
20260827_075044 ###############################################################

20260827_075044 ## Checking if script exists
20260827_075044 Script File: /scripts/marketing/analytics/job_roi_report/job_roi_report.sql
20260827_075044 File exists...

20260827_075044 ## Running script
20260827_075044  *** Logon successfully completed.
  *** Total elapsed time was 3 seconds.
  *** Error: ROI calculation failed: Revenue data unavailable.
  *** Script execution failed.
  *** RC (return code) = 4
20260827_075110
20260827_075110
Execution Return Code: 4
20260827_075110
---------
JOB ERROR
---------
Start Time: 075044, End Time: 075110