MARKETING ANALYTICS JOB LOG 20260924_053808
----------------------
20260924_053808 ## Passed Parameter Values:
20260924_053808 DOMAIN: marketing
20260924_053808 SUB_DOMAIN: analytics
20260924_053808 USER_NAME: campaign_manager
20260924_053808 TABLE_NAME: job_roi_report
20260924_053808 EXEC_SCOPE: TEST

20260924_053808 ## Derived Variable Values:
20260924_053808 STARTTIME: 053808
20260924_053808 LOGDATE: 20260924_053808
20260924_053808 JOB=job_roi_report

20260924_053808 ###############################################################
20260924_053808 ### RUNNING ROI REPORT SCRIPT
20260924_053808 ###############################################################

20260924_053808 ## Checking if script exists
20260924_053808 Script File: /scripts/marketing/analytics/job_roi_report/job_roi_report.sql
20260924_053808 File exists...

20260924_053808 ## Running script
20260924_053808  *** Logon successfully completed.
  *** Total elapsed time was 3 seconds.
  *** Data extraction and transformation successful.
  *** Script execution successful.
  *** RC (return code) = 0
20260924_053838
20260924_053838
Execution Return Code: 0
20260924_053838
-----------
JOB SUCCESS
-----------
Start Time: 053808, End Time: 053838