HR RECRUITING JOB LOG 20260809_025955
----------------------
20260809_025955 ## Passed Parameter Values:
20260809_025955 DOMAIN: hr
20260809_025955 SUB_DOMAIN: recruiting
20260809_025955 USER_NAME: recruiter1
20260809_025955 TABLE_NAME: job_offer_gen
20260809_025955 EXEC_SCOPE: PROD

20260809_025955 ## Derived Variable Values:
20260809_025955 STARTTIME: 025955
20260809_025955 LOGDATE: 20260809_025955
20260809_025955 JOB=job_offer_gen

20260809_025955 ###############################################################
20260809_025955 ### RUNNING OFFER GEN SCRIPT
20260809_025955 ###############################################################

20260809_025955 ## Checking if script exists
20260809_025955 Script File: /scripts/hr/recruiting/job_offer_gen/job_offer_gen.sql
20260809_025955 File exists...

20260809_025955 ## Running script
20260809_025955  *** Logon successfully completed.
  *** Total elapsed time was 3 seconds.
  *** Report generated successfully.
  *** Script execution successful.
  *** RC (return code) = 0
20260809_030005
20260809_030005
Execution Return Code: 0
20260809_030005
-----------
JOB SUCCESS
-----------
Start Time: 025955, End Time: 030005