HR RECRUITING JOB LOG 20260913_012110
----------------------
20260913_012110 ## Passed Parameter Values:
20260913_012110 DOMAIN: hr
20260913_012110 SUB_DOMAIN: recruiting
20260913_012110 USER_NAME: recruiter1
20260913_012110 TABLE_NAME: job_offer_gen
20260913_012110 EXEC_SCOPE: PROD

20260913_012110 ## Derived Variable Values:
20260913_012110 STARTTIME: 012110
20260913_012110 LOGDATE: 20260913_012110
20260913_012110 JOB=job_offer_gen

20260913_012110 ###############################################################
20260913_012110 ### RUNNING OFFER GEN SCRIPT
20260913_012110 ###############################################################

20260913_012110 ## Checking if script exists
20260913_012110 Script File: /scripts/hr/recruiting/job_offer_gen/job_offer_gen.sql
20260913_012110 File exists...

20260913_012110 ## Running script
20260913_012110  *** Logon successfully completed.
  *** Total elapsed time was 5 seconds.
  *** Analysis completed with no issues.
  *** Script execution successful.
  *** RC (return code) = 0
20260913_012153
20260913_012153
Execution Return Code: 0
20260913_012153
-----------
JOB SUCCESS
-----------
Start Time: 012110, End Time: 012153