HR RECRUITING JOB LOG 20260728_071046
----------------------
20260728_071046 ## Passed Parameter Values:
20260728_071046 DOMAIN: hr
20260728_071046 SUB_DOMAIN: recruiting
20260728_071046 USER_NAME: hr_user1
20260728_071046 TABLE_NAME: job_offer_gen
20260728_071046 EXEC_SCOPE: TEST

20260728_071046 ## Derived Variable Values:
20260728_071046 STARTTIME: 071046
20260728_071046 LOGDATE: 20260728_071046
20260728_071046 JOB=job_offer_gen

20260728_071046 ###############################################################
20260728_071046 ### RUNNING OFFER GEN SCRIPT
20260728_071046 ###############################################################

20260728_071046 ## Checking if script exists
20260728_071046 Script File: /scripts/hr/recruiting/job_offer_gen/job_offer_gen.sql
20260728_071046 File exists...

20260728_071046 ## Running script
20260728_071046  *** Logon successfully completed.
  *** Total elapsed time was 4 seconds.
  *** Analysis completed with no issues.
  *** Script execution successful.
  *** RC (return code) = 0
20260728_071104
20260728_071104
Execution Return Code: 0
20260728_071104
-----------
JOB SUCCESS
-----------
Start Time: 071046, End Time: 071104