HR RECRUITING JOB LOG 20261006_184930
----------------------
20261006_184930 ## Passed Parameter Values:
20261006_184930 DOMAIN: hr
20261006_184930 SUB_DOMAIN: recruiting
20261006_184930 USER_NAME: hr_user1
20261006_184930 TABLE_NAME: job_offer_gen
20261006_184930 EXEC_SCOPE: UAT

20261006_184930 ## Derived Variable Values:
20261006_184930 STARTTIME: 184930
20261006_184930 LOGDATE: 20261006_184930
20261006_184930 JOB=job_offer_gen

20261006_184930 ###############################################################
20261006_184930 ### RUNNING OFFER GEN SCRIPT
20261006_184930 ###############################################################

20261006_184930 ## Checking if script exists
20261006_184930 Script File: /scripts/hr/recruiting/job_offer_gen/job_offer_gen.sql
20261006_184930 File exists...

20261006_184930 ## Running script
20261006_184930  *** Logon successfully completed.
  *** Total elapsed time was 3 seconds.
  *** Error: Configuration warning: Using default settings due to missing config.
  *** Script execution failed.
  *** RC (return code) = 2
20261006_185022
20261006_185022
Execution Return Code: 2
20261006_185022
---------
JOB ERROR
---------
Start Time: 184930, End Time: 185022