HR RECRUITING JOB LOG 20260726_111523
----------------------
20260726_111523 ## Passed Parameter Values:
20260726_111523 DOMAIN: hr
20260726_111523 SUB_DOMAIN: recruiting
20260726_111523 USER_NAME: recruiter1
20260726_111523 TABLE_NAME: job_offer_gen
20260726_111523 EXEC_SCOPE: UAT

20260726_111523 ## Derived Variable Values:
20260726_111523 STARTTIME: 111523
20260726_111523 LOGDATE: 20260726_111523
20260726_111523 JOB=job_offer_gen

20260726_111523 ###############################################################
20260726_111523 ### RUNNING OFFER GEN SCRIPT
20260726_111523 ###############################################################

20260726_111523 ## Checking if script exists
20260726_111523 Script File: /scripts/hr/recruiting/job_offer_gen/job_offer_gen.sql
20260726_111523 File exists...

20260726_111523 ## Running script
20260726_111523  *** Logon successfully completed.
  *** Total elapsed time was 1 second.
  *** Error: Recruiting report failed: Missing required metrics.
  *** Script execution failed.
  *** RC (return code) = 4
20260726_111533
20260726_111533
Execution Return Code: 4
20260726_111533
---------
JOB ERROR
---------
Start Time: 111523, End Time: 111533