HR RECRUITING JOB LOG 20260818_081930
----------------------
20260818_081930 ## Passed Parameter Values:
20260818_081930 DOMAIN: hr
20260818_081930 SUB_DOMAIN: recruiting
20260818_081930 USER_NAME: payroll_admin
20260818_081930 TABLE_NAME: job_offer_gen
20260818_081930 EXEC_SCOPE: PROD

20260818_081930 ## Derived Variable Values:
20260818_081930 STARTTIME: 081930
20260818_081930 LOGDATE: 20260818_081930
20260818_081930 JOB=job_offer_gen

20260818_081930 ###############################################################
20260818_081930 ### RUNNING OFFER GEN SCRIPT
20260818_081930 ###############################################################

20260818_081930 ## Checking if script exists
20260818_081930 Script File: /scripts/hr/recruiting/job_offer_gen/job_offer_gen.sql
20260818_081930 File exists...

20260818_081930 ## Running script
20260818_081930  *** Logon successfully completed.
  *** Total elapsed time was 5 seconds.
  *** Data extraction and transformation successful.
  *** Script execution successful.
  *** RC (return code) = 0
20260818_082004
20260818_082004
Execution Return Code: 0
20260818_082004
-----------
JOB SUCCESS
-----------
Start Time: 081930, End Time: 082004