HR RECRUITING JOB LOG 20260825_040445
----------------------
20260825_040445 ## Passed Parameter Values:
20260825_040445 DOMAIN: hr
20260825_040445 SUB_DOMAIN: recruiting
20260825_040445 USER_NAME: payroll_admin
20260825_040445 TABLE_NAME: job_offer_gen
20260825_040445 EXEC_SCOPE: PROD

20260825_040445 ## Derived Variable Values:
20260825_040445 STARTTIME: 040445
20260825_040445 LOGDATE: 20260825_040445
20260825_040445 JOB=job_offer_gen

20260825_040445 ###############################################################
20260825_040445 ### RUNNING OFFER GEN SCRIPT
20260825_040445 ###############################################################

20260825_040445 ## Checking if script exists
20260825_040445 Script File: /scripts/hr/recruiting/job_offer_gen/job_offer_gen.sql
20260825_040445 File exists...

20260825_040445 ## Running script
20260825_040445  *** Logon successfully completed.
  *** Total elapsed time was 1 second.
  *** Analysis completed with no issues.
  *** Script execution successful.
  *** RC (return code) = 0
20260825_040501
20260825_040501
Execution Return Code: 0
20260825_040501
-----------
JOB SUCCESS
-----------
Start Time: 040445, End Time: 040501