HR RECRUITING JOB LOG 20260802_124137
----------------------
20260802_124137 ## Passed Parameter Values:
20260802_124137 DOMAIN: hr
20260802_124137 SUB_DOMAIN: recruiting
20260802_124137 USER_NAME: payroll_admin
20260802_124137 TABLE_NAME: job_offer_gen
20260802_124137 EXEC_SCOPE: UAT

20260802_124137 ## Derived Variable Values:
20260802_124137 STARTTIME: 124137
20260802_124137 LOGDATE: 20260802_124137
20260802_124137 JOB=job_offer_gen

20260802_124137 ###############################################################
20260802_124137 ### RUNNING OFFER GEN SCRIPT
20260802_124137 ###############################################################

20260802_124137 ## Checking if script exists
20260802_124137 Script File: /scripts/hr/recruiting/job_offer_gen/job_offer_gen.sql
20260802_124137 File exists...

20260802_124137 ## Running script
20260802_124137  *** Logon successfully completed.
  *** Total elapsed time was 4 seconds.
  *** Script executed successfully.
  *** Script execution successful.
  *** RC (return code) = 0
20260802_124206
20260802_124206
Execution Return Code: 0
20260802_124206
-----------
JOB SUCCESS
-----------
Start Time: 124137, End Time: 124206