HR RECRUITING JOB LOG 20261004_170706
----------------------
20261004_170706 ## Passed Parameter Values:
20261004_170706 DOMAIN: hr
20261004_170706 SUB_DOMAIN: recruiting
20261004_170706 USER_NAME: recruiter1
20261004_170706 TABLE_NAME: job_offer_gen
20261004_170706 EXEC_SCOPE: DEV

20261004_170706 ## Derived Variable Values:
20261004_170706 STARTTIME: 170706
20261004_170706 LOGDATE: 20261004_170706
20261004_170706 JOB=job_offer_gen

20261004_170706 ###############################################################
20261004_170706 ### RUNNING OFFER GEN SCRIPT
20261004_170706 ###############################################################

20261004_170706 ## Checking if script exists
20261004_170706 Script File: /scripts/hr/recruiting/job_offer_gen/job_offer_gen.sql
20261004_170706 File exists...

20261004_170706 ## Running script
20261004_170706  *** Logon successfully completed.
  *** Total elapsed time was 4 seconds.
  *** Error: Recruiting report failed: Missing required metrics.
  *** Script execution failed.
  *** RC (return code) = 4
20261004_170734
20261004_170734
Execution Return Code: 4
20261004_170734
---------
JOB ERROR
---------
Start Time: 170706, End Time: 170734