HR RECRUITING JOB LOG 20260929_143418
----------------------
20260929_143418 ## Passed Parameter Values:
20260929_143418 DOMAIN: hr
20260929_143418 SUB_DOMAIN: recruiting
20260929_143418 USER_NAME: payroll_admin
20260929_143418 TABLE_NAME: job_offer_gen
20260929_143418 EXEC_SCOPE: DEV

20260929_143418 ## Derived Variable Values:
20260929_143418 STARTTIME: 143418
20260929_143418 LOGDATE: 20260929_143418
20260929_143418 JOB=job_offer_gen

20260929_143418 ###############################################################
20260929_143418 ### RUNNING OFFER GEN SCRIPT
20260929_143418 ###############################################################

20260929_143418 ## Checking if script exists
20260929_143418 Script File: /scripts/hr/recruiting/job_offer_gen/job_offer_gen.sql
20260929_143418 File exists...

20260929_143418 ## Running script
20260929_143418  *** Logon successfully completed.
  *** Total elapsed time was 4 seconds.
  *** Analysis completed with no issues.
  *** Script execution successful.
  *** RC (return code) = 0
20260929_143515
20260929_143515
Execution Return Code: 0
20260929_143515
-----------
JOB SUCCESS
-----------
Start Time: 143418, End Time: 143515