HR RECRUITING JOB LOG 20260910_194520
----------------------
20260910_194520 ## Passed Parameter Values:
20260910_194520 DOMAIN: hr
20260910_194520 SUB_DOMAIN: recruiting
20260910_194520 USER_NAME: payroll_admin
20260910_194520 TABLE_NAME: job_offer_gen
20260910_194520 EXEC_SCOPE: UAT

20260910_194520 ## Derived Variable Values:
20260910_194520 STARTTIME: 194520
20260910_194520 LOGDATE: 20260910_194520
20260910_194520 JOB=job_offer_gen

20260910_194520 ###############################################################
20260910_194520 ### RUNNING OFFER GEN SCRIPT
20260910_194520 ###############################################################

20260910_194520 ## Checking if script exists
20260910_194520 Script File: /scripts/hr/recruiting/job_offer_gen/job_offer_gen.sql
20260910_194520 File exists...

20260910_194520 ## Running script
20260910_194520  *** Logon successfully completed.
  *** Total elapsed time was 1 second.
  *** Report generated successfully.
  *** Script execution successful.
  *** RC (return code) = 0
20260910_194549
20260910_194549
Execution Return Code: 0
20260910_194549
-----------
JOB SUCCESS
-----------
Start Time: 194520, End Time: 194549