HR RECRUITING JOB LOG 20260820_081718
----------------------
20260820_081718 ## Passed Parameter Values:
20260820_081718 DOMAIN: hr
20260820_081718 SUB_DOMAIN: recruiting
20260820_081718 USER_NAME: hr_user1
20260820_081718 TABLE_NAME: job_offer_gen
20260820_081718 EXEC_SCOPE: TEST

20260820_081718 ## Derived Variable Values:
20260820_081718 STARTTIME: 081718
20260820_081718 LOGDATE: 20260820_081718
20260820_081718 JOB=job_offer_gen

20260820_081718 ###############################################################
20260820_081718 ### RUNNING OFFER GEN SCRIPT
20260820_081718 ###############################################################

20260820_081718 ## Checking if script exists
20260820_081718 Script File: /scripts/hr/recruiting/job_offer_gen/job_offer_gen.sql
20260820_081718 File exists...

20260820_081718 ## Running script
20260820_081718  *** Logon successfully completed.
  *** Total elapsed time was 3 seconds.
  *** Error: Unexpected NULL values in required columns.
  *** Script execution failed.
  *** RC (return code) = 4
20260820_081734
20260820_081734
Execution Return Code: 4
20260820_081734
---------
JOB ERROR
---------
Start Time: 081718, End Time: 081734