HR RECRUITING JOB LOG 20260908_143507
----------------------
20260908_143507 ## Passed Parameter Values:
20260908_143507 DOMAIN: hr
20260908_143507 SUB_DOMAIN: recruiting
20260908_143507 USER_NAME: payroll_admin
20260908_143507 TABLE_NAME: job_offer_gen
20260908_143507 EXEC_SCOPE: PROD

20260908_143507 ## Derived Variable Values:
20260908_143507 STARTTIME: 143507
20260908_143507 LOGDATE: 20260908_143507
20260908_143507 JOB=job_offer_gen

20260908_143507 ###############################################################
20260908_143507 ### RUNNING OFFER GEN SCRIPT
20260908_143507 ###############################################################

20260908_143507 ## Checking if script exists
20260908_143507 Script File: /scripts/hr/recruiting/job_offer_gen/job_offer_gen.sql
20260908_143507 File exists...

20260908_143507 ## Running script
20260908_143507  *** Logon successfully completed.
  *** Total elapsed time was 1 second.
  *** Analysis completed with no issues.
  *** Script execution successful.
  *** RC (return code) = 0
20260908_143527
20260908_143527
Execution Return Code: 0
20260908_143527
-----------
JOB SUCCESS
-----------
Start Time: 143507, End Time: 143527