HR RECRUITING JOB LOG 20260901_055640
----------------------
20260901_055640 ## Passed Parameter Values:
20260901_055640 DOMAIN: hr
20260901_055640 SUB_DOMAIN: recruiting
20260901_055640 USER_NAME: payroll_admin
20260901_055640 TABLE_NAME: job_offer_gen
20260901_055640 EXEC_SCOPE: UAT

20260901_055640 ## Derived Variable Values:
20260901_055640 STARTTIME: 055640
20260901_055640 LOGDATE: 20260901_055640
20260901_055640 JOB=job_offer_gen

20260901_055640 ###############################################################
20260901_055640 ### RUNNING OFFER GEN SCRIPT
20260901_055640 ###############################################################

20260901_055640 ## Checking if script exists
20260901_055640 Script File: /scripts/hr/recruiting/job_offer_gen/job_offer_gen.sql
20260901_055640 File exists...

20260901_055640 ## Running script
20260901_055640  *** Logon successfully completed.
  *** Total elapsed time was 2 seconds.
  *** Analysis completed with no issues.
  *** Script execution successful.
  *** RC (return code) = 0
20260901_055707
20260901_055707
Execution Return Code: 0
20260901_055707
-----------
JOB SUCCESS
-----------
Start Time: 055640, End Time: 055707