HR RECRUITING JOB LOG 20260804_163634
----------------------
20260804_163634 ## Passed Parameter Values:
20260804_163634 DOMAIN: hr
20260804_163634 SUB_DOMAIN: recruiting
20260804_163634 USER_NAME: recruiter1
20260804_163634 TABLE_NAME: job_offer_gen
20260804_163634 EXEC_SCOPE: PROD

20260804_163634 ## Derived Variable Values:
20260804_163634 STARTTIME: 163634
20260804_163634 LOGDATE: 20260804_163634
20260804_163634 JOB=job_offer_gen

20260804_163634 ###############################################################
20260804_163634 ### RUNNING OFFER GEN SCRIPT
20260804_163634 ###############################################################

20260804_163634 ## Checking if script exists
20260804_163634 Script File: /scripts/hr/recruiting/job_offer_gen/job_offer_gen.sql
20260804_163634 File exists...

20260804_163634 ## Running script
20260804_163634  *** Logon successfully completed.
  *** Total elapsed time was 1 second.
  *** All data processed without errors.
  *** Script execution successful.
  *** RC (return code) = 0
20260804_163645
20260804_163645
Execution Return Code: 0
20260804_163645
-----------
JOB SUCCESS
-----------
Start Time: 163634, End Time: 163645