HR RECRUITING JOB LOG 20260920_015644
----------------------
20260920_015644 ## Passed Parameter Values:
20260920_015644 DOMAIN: hr
20260920_015644 SUB_DOMAIN: recruiting
20260920_015644 USER_NAME: recruiter1
20260920_015644 TABLE_NAME: job_offer_gen
20260920_015644 EXEC_SCOPE: UAT

20260920_015644 ## Derived Variable Values:
20260920_015644 STARTTIME: 015644
20260920_015644 LOGDATE: 20260920_015644
20260920_015644 JOB=job_offer_gen

20260920_015644 ###############################################################
20260920_015644 ### RUNNING OFFER GEN SCRIPT
20260920_015644 ###############################################################

20260920_015644 ## Checking if script exists
20260920_015644 Script File: /scripts/hr/recruiting/job_offer_gen/job_offer_gen.sql
20260920_015644 File exists...

20260920_015644 ## Running script
20260920_015644  *** Logon successfully completed.
  *** Total elapsed time was 4 seconds.
  *** All data processed without errors.
  *** Script execution successful.
  *** RC (return code) = 0
20260920_015742
20260920_015742
Execution Return Code: 0
20260920_015742
-----------
JOB SUCCESS
-----------
Start Time: 015644, End Time: 015742