HR RECRUITING JOB LOG 20260830_140833
----------------------
20260830_140833 ## Passed Parameter Values:
20260830_140833 DOMAIN: hr
20260830_140833 SUB_DOMAIN: recruiting
20260830_140833 USER_NAME: payroll_admin
20260830_140833 TABLE_NAME: job_interview_sched
20260830_140833 EXEC_SCOPE: UAT

20260830_140833 ## Derived Variable Values:
20260830_140833 STARTTIME: 140833
20260830_140833 LOGDATE: 20260830_140833
20260830_140833 JOB=job_interview_sched

20260830_140833 ###############################################################
20260830_140833 ### RUNNING INTERVIEW SCHED SCRIPT
20260830_140833 ###############################################################

20260830_140833 ## Checking if script exists
20260830_140833 Script File: /scripts/hr/recruiting/job_interview_sched/job_interview_sched.sql
20260830_140833 File exists...

20260830_140833 ## Running script
20260830_140833  *** Logon successfully completed.
  *** Total elapsed time was 2 seconds.
  *** All data processed without errors.
  *** Script execution successful.
  *** RC (return code) = 0
20260830_140900
20260830_140900
Execution Return Code: 0
20260830_140900
-----------
JOB SUCCESS
-----------
Start Time: 140833, End Time: 140900