HR RECRUITING JOB LOG 20260922_201516
----------------------
20260922_201516 ## Passed Parameter Values:
20260922_201516 DOMAIN: hr
20260922_201516 SUB_DOMAIN: recruiting
20260922_201516 USER_NAME: recruiter1
20260922_201516 TABLE_NAME: job_interview_sched
20260922_201516 EXEC_SCOPE: UAT

20260922_201516 ## Derived Variable Values:
20260922_201516 STARTTIME: 201516
20260922_201516 LOGDATE: 20260922_201516
20260922_201516 JOB=job_interview_sched

20260922_201516 ###############################################################
20260922_201516 ### RUNNING INTERVIEW SCHED SCRIPT
20260922_201516 ###############################################################

20260922_201516 ## Checking if script exists
20260922_201516 Script File: /scripts/hr/recruiting/job_interview_sched/job_interview_sched.sql
20260922_201516 File exists...

20260922_201516 ## Running script
20260922_201516  *** Logon successfully completed.
  *** Total elapsed time was 4 seconds.
  *** Error: Failed to connect to dependent data source.
  *** Script execution failed.
  *** RC (return code) = 4
20260922_201521
20260922_201521
Execution Return Code: 4
20260922_201521
---------
JOB ERROR
---------
Start Time: 201516, End Time: 201521