HR RECRUITING JOB LOG 20260813_060259
----------------------
20260813_060259 ## Passed Parameter Values:
20260813_060259 DOMAIN: hr
20260813_060259 SUB_DOMAIN: recruiting
20260813_060259 USER_NAME: payroll_admin
20260813_060259 TABLE_NAME: job_interview_sched
20260813_060259 EXEC_SCOPE: PROD

20260813_060259 ## Derived Variable Values:
20260813_060259 STARTTIME: 060259
20260813_060259 LOGDATE: 20260813_060259
20260813_060259 JOB=job_interview_sched

20260813_060259 ###############################################################
20260813_060259 ### RUNNING INTERVIEW SCHED SCRIPT
20260813_060259 ###############################################################

20260813_060259 ## Checking if script exists
20260813_060259 Script File: /scripts/hr/recruiting/job_interview_sched/job_interview_sched.sql
20260813_060259 File exists...

20260813_060259 ## Running script
20260813_060259  *** Logon successfully completed.
  *** Total elapsed time was 2 seconds.
  *** Data extraction and transformation successful.
  *** Script execution successful.
  *** RC (return code) = 0
20260813_060319
20260813_060319
Execution Return Code: 0
20260813_060319
-----------
JOB SUCCESS
-----------
Start Time: 060259, End Time: 060319