HR RECRUITING JOB LOG 20260730_190203
----------------------
20260730_190203 ## Passed Parameter Values:
20260730_190203 DOMAIN: hr
20260730_190203 SUB_DOMAIN: recruiting
20260730_190203 USER_NAME: payroll_admin
20260730_190203 TABLE_NAME: job_interview_sched
20260730_190203 EXEC_SCOPE: UAT

20260730_190203 ## Derived Variable Values:
20260730_190203 STARTTIME: 190203
20260730_190203 LOGDATE: 20260730_190203
20260730_190203 JOB=job_interview_sched

20260730_190203 ###############################################################
20260730_190203 ### RUNNING INTERVIEW SCHED SCRIPT
20260730_190203 ###############################################################

20260730_190203 ## Checking if script exists
20260730_190203 Script File: /scripts/hr/recruiting/job_interview_sched/job_interview_sched.sql
20260730_190203 File exists...

20260730_190203 ## Running script
20260730_190203  *** Logon successfully completed.
  *** Total elapsed time was 4 seconds.
  *** Script executed successfully.
  *** Script execution successful.
  *** RC (return code) = 0
20260730_190233
20260730_190233
Execution Return Code: 0
20260730_190233
-----------
JOB SUCCESS
-----------
Start Time: 190203, End Time: 190233