HR RECRUITING JOB LOG 20260726_200325
----------------------
20260726_200325 ## Passed Parameter Values:
20260726_200325 DOMAIN: hr
20260726_200325 SUB_DOMAIN: recruiting
20260726_200325 USER_NAME: payroll_admin
20260726_200325 TABLE_NAME: job_interview_sched
20260726_200325 EXEC_SCOPE: PROD

20260726_200325 ## Derived Variable Values:
20260726_200325 STARTTIME: 200325
20260726_200325 LOGDATE: 20260726_200325
20260726_200325 JOB=job_interview_sched

20260726_200325 ###############################################################
20260726_200325 ### RUNNING INTERVIEW SCHED SCRIPT
20260726_200325 ###############################################################

20260726_200325 ## Checking if script exists
20260726_200325 Script File: /scripts/hr/recruiting/job_interview_sched/job_interview_sched.sql
20260726_200325 File exists...

20260726_200325 ## Running script
20260726_200325  *** Logon successfully completed.
  *** Total elapsed time was 1 second.
  *** All data processed without errors.
  *** Script execution successful.
  *** RC (return code) = 0
20260726_200403
20260726_200403
Execution Return Code: 0
20260726_200403
-----------
JOB SUCCESS
-----------
Start Time: 200325, End Time: 200403