HR RECRUITING JOB LOG 20261011_044206
----------------------
20261011_044206 ## Passed Parameter Values:
20261011_044206 DOMAIN: hr
20261011_044206 SUB_DOMAIN: recruiting
20261011_044206 USER_NAME: recruiter1
20261011_044206 TABLE_NAME: job_interview_sched
20261011_044206 EXEC_SCOPE: UAT

20261011_044206 ## Derived Variable Values:
20261011_044206 STARTTIME: 044206
20261011_044206 LOGDATE: 20261011_044206
20261011_044206 JOB=job_interview_sched

20261011_044206 ###############################################################
20261011_044206 ### RUNNING INTERVIEW SCHED SCRIPT
20261011_044206 ###############################################################

20261011_044206 ## Checking if script exists
20261011_044206 Script File: /scripts/hr/recruiting/job_interview_sched/job_interview_sched.sql
20261011_044206 File exists...

20261011_044206 ## Running script
20261011_044206  *** Logon successfully completed.
  *** Total elapsed time was 5 seconds.
  *** Error: Recruiting aggregation error: Inconsistent daily data.
  *** Script execution failed.
  *** RC (return code) = 1
20261011_044255
20261011_044255
Execution Return Code: 1
20261011_044255
---------
JOB ERROR
---------
Start Time: 044206, End Time: 044255