HR RECRUITING JOB LOG 20260910_102506
----------------------
20260910_102506 ## Passed Parameter Values:
20260910_102506 DOMAIN: hr
20260910_102506 SUB_DOMAIN: recruiting
20260910_102506 USER_NAME: hr_user1
20260910_102506 TABLE_NAME: job_interview_sched
20260910_102506 EXEC_SCOPE: TEST

20260910_102506 ## Derived Variable Values:
20260910_102506 STARTTIME: 102506
20260910_102506 LOGDATE: 20260910_102506
20260910_102506 JOB=job_interview_sched

20260910_102506 ###############################################################
20260910_102506 ### RUNNING INTERVIEW SCHED SCRIPT
20260910_102506 ###############################################################

20260910_102506 ## Checking if script exists
20260910_102506 Script File: /scripts/hr/recruiting/job_interview_sched/job_interview_sched.sql
20260910_102506 File exists...

20260910_102506 ## Running script
20260910_102506  *** Logon successfully completed.
  *** Total elapsed time was 5 seconds.
  *** All data processed without errors.
  *** Script execution successful.
  *** RC (return code) = 0
20260910_102544
20260910_102544
Execution Return Code: 0
20260910_102544
-----------
JOB SUCCESS
-----------
Start Time: 102506, End Time: 102544