FINANCE REPORTING JOB LOG 20261008_204137
----------------------
20261008_204137 ## Passed Parameter Values:
20261008_204137 DOMAIN: finance
20261008_204137 SUB_DOMAIN: reporting
20261008_204137 USER_NAME: accountant1
20261008_204137 TABLE_NAME: job_report_weekly
20261008_204137 EXEC_SCOPE: TEST

20261008_204137 ## Derived Variable Values:
20261008_204137 STARTTIME: 204137
20261008_204137 LOGDATE: 20261008_204137
20261008_204137 JOB=job_report_weekly

20261008_204137 ###############################################################
20261008_204137 ### RUNNING REPORT WEEKLY SCRIPT
20261008_204137 ###############################################################

20261008_204137 ## Checking if script exists
20261008_204137 Script File: /scripts/finance/reporting/job_report_weekly/job_report_weekly.sql
20261008_204137 File exists...

20261008_204137 ## Running script
20261008_204137  *** Logon successfully completed.
  *** Total elapsed time was 3 seconds.
  *** Data extraction and transformation successful.
  *** Script execution successful.
  *** RC (return code) = 0
20261008_204145
20261008_204145
Execution Return Code: 0
20261008_204145
-----------
JOB SUCCESS
-----------
Start Time: 204137, End Time: 204145