FINANCE REPORTING JOB LOG 20260929_172443
----------------------
20260929_172443 ## Passed Parameter Values:
20260929_172443 DOMAIN: finance
20260929_172443 SUB_DOMAIN: reporting
20260929_172443 USER_NAME: accountant1
20260929_172443 TABLE_NAME: job_report_weekly
20260929_172443 EXEC_SCOPE: DEV

20260929_172443 ## Derived Variable Values:
20260929_172443 STARTTIME: 172443
20260929_172443 LOGDATE: 20260929_172443
20260929_172443 JOB=job_report_weekly

20260929_172443 ###############################################################
20260929_172443 ### RUNNING REPORT WEEKLY SCRIPT
20260929_172443 ###############################################################

20260929_172443 ## Checking if script exists
20260929_172443 Script File: /scripts/finance/reporting/job_report_weekly/job_report_weekly.sql
20260929_172443 File exists...

20260929_172443 ## Running script
20260929_172443  *** Logon successfully completed.
  *** Total elapsed time was 5 seconds.
  *** Report generated successfully.
  *** Script execution successful.
  *** RC (return code) = 0
20260929_172512
20260929_172512
Execution Return Code: 0
20260929_172512
-----------
JOB SUCCESS
-----------
Start Time: 172443, End Time: 172512