FINANCE REPORTING JOB LOG 20260906_162758
----------------------
20260906_162758 ## Passed Parameter Values:
20260906_162758 DOMAIN: finance
20260906_162758 SUB_DOMAIN: reporting
20260906_162758 USER_NAME: accountant1
20260906_162758 TABLE_NAME: job_report_weekly
20260906_162758 EXEC_SCOPE: PROD

20260906_162758 ## Derived Variable Values:
20260906_162758 STARTTIME: 162758
20260906_162758 LOGDATE: 20260906_162758
20260906_162758 JOB=job_report_weekly

20260906_162758 ###############################################################
20260906_162758 ### RUNNING REPORT WEEKLY SCRIPT
20260906_162758 ###############################################################

20260906_162758 ## Checking if script exists
20260906_162758 Script File: /scripts/finance/reporting/job_report_weekly/job_report_weekly.sql
20260906_162758 File exists...

20260906_162758 ## Running script
20260906_162758  *** Logon successfully completed.
  *** Total elapsed time was 5 seconds.
  *** Error: Report generation failed: Data source unavailable.
  *** Script execution failed.
  *** RC (return code) = 1
20260906_162814
20260906_162814
Execution Return Code: 1
20260906_162814
---------
JOB ERROR
---------
Start Time: 162758, End Time: 162814