FINANCE REPORTING JOB LOG 20260823_074552
----------------------
20260823_074552 ## Passed Parameter Values:
20260823_074552 DOMAIN: finance
20260823_074552 SUB_DOMAIN: reporting
20260823_074552 USER_NAME: accountant1
20260823_074552 TABLE_NAME: job_report_weekly
20260823_074552 EXEC_SCOPE: TEST

20260823_074552 ## Derived Variable Values:
20260823_074552 STARTTIME: 074552
20260823_074552 LOGDATE: 20260823_074552
20260823_074552 JOB=job_report_weekly

20260823_074552 ###############################################################
20260823_074552 ### RUNNING REPORT WEEKLY SCRIPT
20260823_074552 ###############################################################

20260823_074552 ## Checking if script exists
20260823_074552 Script File: /scripts/finance/reporting/job_report_weekly/job_report_weekly.sql
20260823_074552 File exists...

20260823_074552 ## Running script
20260823_074552  *** Logon successfully completed.
  *** Total elapsed time was 1 second.
  *** Report generated successfully.
  *** Script execution successful.
  *** RC (return code) = 0
20260823_074618
20260823_074618
Execution Return Code: 0
20260823_074618
-----------
JOB SUCCESS
-----------
Start Time: 074552, End Time: 074618