FINANCE REPORTING JOB LOG 20260820_150906
----------------------
20260820_150906 ## Passed Parameter Values:
20260820_150906 DOMAIN: finance
20260820_150906 SUB_DOMAIN: reporting
20260820_150906 USER_NAME: finance_user1
20260820_150906 TABLE_NAME: job_report_weekly
20260820_150906 EXEC_SCOPE: TEST

20260820_150906 ## Derived Variable Values:
20260820_150906 STARTTIME: 150906
20260820_150906 LOGDATE: 20260820_150906
20260820_150906 JOB=job_report_weekly

20260820_150906 ###############################################################
20260820_150906 ### RUNNING REPORT WEEKLY SCRIPT
20260820_150906 ###############################################################

20260820_150906 ## Checking if script exists
20260820_150906 Script File: /scripts/finance/reporting/job_report_weekly/job_report_weekly.sql
20260820_150906 File exists...

20260820_150906 ## Running script
20260820_150906  *** Logon successfully completed.
  *** Total elapsed time was 1 second.
  *** Error: Non-critical data quality issue detected: Null values in optional fields.
  *** Script execution failed.
  *** RC (return code) = 1
20260820_151001
20260820_151001
Execution Return Code: 1
20260820_151001
---------
JOB ERROR
---------
Start Time: 150906, End Time: 151001