FINANCE REPORTING JOB LOG 20260806_133758
----------------------
20260806_133758 ## Passed Parameter Values:
20260806_133758 DOMAIN: finance
20260806_133758 SUB_DOMAIN: reporting
20260806_133758 USER_NAME: accountant1
20260806_133758 TABLE_NAME: job_report_weekly
20260806_133758 EXEC_SCOPE: TEST

20260806_133758 ## Derived Variable Values:
20260806_133758 STARTTIME: 133758
20260806_133758 LOGDATE: 20260806_133758
20260806_133758 JOB=job_report_weekly

20260806_133758 ###############################################################
20260806_133758 ### RUNNING REPORT WEEKLY SCRIPT
20260806_133758 ###############################################################

20260806_133758 ## Checking if script exists
20260806_133758 Script File: /scripts/finance/reporting/job_report_weekly/job_report_weekly.sql
20260806_133758 File exists...

20260806_133758 ## Running script
20260806_133758  *** Logon successfully completed.
  *** Total elapsed time was 5 seconds.
  *** Error: Invalid data format in source table.
  *** Script execution failed.
  *** RC (return code) = 4
20260806_133816
20260806_133816
Execution Return Code: 4
20260806_133816
---------
JOB ERROR
---------
Start Time: 133758, End Time: 133816