FINANCE REPORTING JOB LOG 20260816_085548
----------------------
20260816_085548 ## Passed Parameter Values:
20260816_085548 DOMAIN: finance
20260816_085548 SUB_DOMAIN: reporting
20260816_085548 USER_NAME: accountant1
20260816_085548 TABLE_NAME: job_report_weekly
20260816_085548 EXEC_SCOPE: TEST

20260816_085548 ## Derived Variable Values:
20260816_085548 STARTTIME: 085548
20260816_085548 LOGDATE: 20260816_085548
20260816_085548 JOB=job_report_weekly

20260816_085548 ###############################################################
20260816_085548 ### RUNNING REPORT WEEKLY SCRIPT
20260816_085548 ###############################################################

20260816_085548 ## Checking if script exists
20260816_085548 Script File: /scripts/finance/reporting/job_report_weekly/job_report_weekly.sql
20260816_085548 File exists...

20260816_085548 ## Running script
20260816_085548  *** Logon successfully completed.
  *** Total elapsed time was 3 seconds.
  *** Report generated successfully.
  *** Script execution successful.
  *** RC (return code) = 0
20260816_085559
20260816_085559
Execution Return Code: 0
20260816_085559
-----------
JOB SUCCESS
-----------
Start Time: 085548, End Time: 085559