FINANCE REPORTING JOB LOG 20260917_074751
----------------------
20260917_074751 ## Passed Parameter Values:
20260917_074751 DOMAIN: finance
20260917_074751 SUB_DOMAIN: reporting
20260917_074751 USER_NAME: accountant1
20260917_074751 TABLE_NAME: job_report_weekly
20260917_074751 EXEC_SCOPE: TEST

20260917_074751 ## Derived Variable Values:
20260917_074751 STARTTIME: 074751
20260917_074751 LOGDATE: 20260917_074751
20260917_074751 JOB=job_report_weekly

20260917_074751 ###############################################################
20260917_074751 ### RUNNING REPORT WEEKLY SCRIPT
20260917_074751 ###############################################################

20260917_074751 ## Checking if script exists
20260917_074751 Script File: /scripts/finance/reporting/job_report_weekly/job_report_weekly.sql
20260917_074751 File exists...

20260917_074751 ## Running script
20260917_074751  *** Logon successfully completed.
  *** Total elapsed time was 4 seconds.
  *** All data processed without errors.
  *** Script execution successful.
  *** RC (return code) = 0
20260917_074844
20260917_074844
Execution Return Code: 0
20260917_074844
-----------
JOB SUCCESS
-----------
Start Time: 074751, End Time: 074844