FINANCE REPORTING JOB LOG 20260920_194113
----------------------
20260920_194113 ## Passed Parameter Values:
20260920_194113 DOMAIN: finance
20260920_194113 SUB_DOMAIN: reporting
20260920_194113 USER_NAME: accountant1
20260920_194113 TABLE_NAME: job_report_weekly
20260920_194113 EXEC_SCOPE: TEST

20260920_194113 ## Derived Variable Values:
20260920_194113 STARTTIME: 194113
20260920_194113 LOGDATE: 20260920_194113
20260920_194113 JOB=job_report_weekly

20260920_194113 ###############################################################
20260920_194113 ### RUNNING REPORT WEEKLY SCRIPT
20260920_194113 ###############################################################

20260920_194113 ## Checking if script exists
20260920_194113 Script File: /scripts/finance/reporting/job_report_weekly/job_report_weekly.sql
20260920_194113 File exists...

20260920_194113 ## Running script
20260920_194113  *** Logon successfully completed.
  *** Total elapsed time was 3 seconds.
  *** All data processed without errors.
  *** Script execution successful.
  *** RC (return code) = 0
20260920_194147
20260920_194147
Execution Return Code: 0
20260920_194147
-----------
JOB SUCCESS
-----------
Start Time: 194113, End Time: 194147