FINANCE REPORTING JOB LOG 20260825_210953
----------------------
20260825_210953 ## Passed Parameter Values:
20260825_210953 DOMAIN: finance
20260825_210953 SUB_DOMAIN: reporting
20260825_210953 USER_NAME: finance_admin
20260825_210953 TABLE_NAME: job_report_weekly
20260825_210953 EXEC_SCOPE: UAT

20260825_210953 ## Derived Variable Values:
20260825_210953 STARTTIME: 210953
20260825_210953 LOGDATE: 20260825_210953
20260825_210953 JOB=job_report_weekly

20260825_210953 ###############################################################
20260825_210953 ### RUNNING REPORT WEEKLY SCRIPT
20260825_210953 ###############################################################

20260825_210953 ## Checking if script exists
20260825_210953 Script File: /scripts/finance/reporting/job_report_weekly/job_report_weekly.sql
20260825_210953 File exists...

20260825_210953 ## Running script
20260825_210953  *** Logon successfully completed.
  *** Total elapsed time was 2 seconds.
  *** All data processed without errors.
  *** Script execution successful.
  *** RC (return code) = 0
20260825_211002
20260825_211002
Execution Return Code: 0
20260825_211002
-----------
JOB SUCCESS
-----------
Start Time: 210953, End Time: 211002