MARKETING ANALYTICS JOB LOG 20260820_195128
----------------------
20260820_195128 ## Passed Parameter Values:
20260820_195128 DOMAIN: marketing
20260820_195128 SUB_DOMAIN: analytics
20260820_195128 USER_NAME: marketing_user1
20260820_195128 TABLE_NAME: job_conversion_rate
20260820_195128 EXEC_SCOPE: TEST

20260820_195128 ## Derived Variable Values:
20260820_195128 STARTTIME: 195128
20260820_195128 LOGDATE: 20260820_195128
20260820_195128 JOB=job_conversion_rate

20260820_195128 ###############################################################
20260820_195128 ### RUNNING CONVERSION RATE SCRIPT
20260820_195128 ###############################################################

20260820_195128 ## Checking if script exists
20260820_195128 Script File: /scripts/marketing/analytics/job_conversion_rate/job_conversion_rate.sql
20260820_195128 File exists...

20260820_195128 ## Running script
20260820_195128  *** Logon successfully completed.
  *** Total elapsed time was 3 seconds.
  *** Analysis completed with no issues.
  *** Script execution successful.
  *** RC (return code) = 0
20260820_195146
20260820_195146
Execution Return Code: 0
20260820_195146
-----------
JOB SUCCESS
-----------
Start Time: 195128, End Time: 195146