MARKETING ANALYTICS JOB LOG 20260823_100241
----------------------
20260823_100241 ## Passed Parameter Values:
20260823_100241 DOMAIN: marketing
20260823_100241 SUB_DOMAIN: analytics
20260823_100241 USER_NAME: campaign_manager
20260823_100241 TABLE_NAME: job_conversion_rate
20260823_100241 EXEC_SCOPE: UAT

20260823_100241 ## Derived Variable Values:
20260823_100241 STARTTIME: 100241
20260823_100241 LOGDATE: 20260823_100241
20260823_100241 JOB=job_conversion_rate

20260823_100241 ###############################################################
20260823_100241 ### RUNNING CONVERSION RATE SCRIPT
20260823_100241 ###############################################################

20260823_100241 ## Checking if script exists
20260823_100241 Script File: /scripts/marketing/analytics/job_conversion_rate/job_conversion_rate.sql
20260823_100241 File exists...

20260823_100241 ## Running script
20260823_100241  *** Logon successfully completed.
  *** Total elapsed time was 2 seconds.
  *** Analysis completed with no issues.
  *** Script execution successful.
  *** RC (return code) = 0
20260823_100246
20260823_100246
Execution Return Code: 0
20260823_100246
-----------
JOB SUCCESS
-----------
Start Time: 100241, End Time: 100246