MARKETING ANALYTICS JOB LOG 20260806_061251
----------------------
20260806_061251 ## Passed Parameter Values:
20260806_061251 DOMAIN: marketing
20260806_061251 SUB_DOMAIN: analytics
20260806_061251 USER_NAME: marketing_user1
20260806_061251 TABLE_NAME: job_conversion_rate
20260806_061251 EXEC_SCOPE: DEV

20260806_061251 ## Derived Variable Values:
20260806_061251 STARTTIME: 061251
20260806_061251 LOGDATE: 20260806_061251
20260806_061251 JOB=job_conversion_rate

20260806_061251 ###############################################################
20260806_061251 ### RUNNING CONVERSION RATE SCRIPT
20260806_061251 ###############################################################

20260806_061251 ## Checking if script exists
20260806_061251 Script File: /scripts/marketing/analytics/job_conversion_rate/job_conversion_rate.sql
20260806_061251 File exists...

20260806_061251 ## Running script
20260806_061251  *** Logon successfully completed.
  *** Total elapsed time was 5 seconds.
  *** All data processed without errors.
  *** Script execution successful.
  *** RC (return code) = 0
20260806_061331
20260806_061331
Execution Return Code: 0
20260806_061331
-----------
JOB SUCCESS
-----------
Start Time: 061251, End Time: 061331