MARKETING ANALYTICS JOB LOG 20261006_070336
----------------------
20261006_070336 ## Passed Parameter Values:
20261006_070336 DOMAIN: marketing
20261006_070336 SUB_DOMAIN: analytics
20261006_070336 USER_NAME: marketing_user1
20261006_070336 TABLE_NAME: job_conversion_rate
20261006_070336 EXEC_SCOPE: DEV

20261006_070336 ## Derived Variable Values:
20261006_070336 STARTTIME: 070336
20261006_070336 LOGDATE: 20261006_070336
20261006_070336 JOB=job_conversion_rate

20261006_070336 ###############################################################
20261006_070336 ### RUNNING CONVERSION RATE SCRIPT
20261006_070336 ###############################################################

20261006_070336 ## Checking if script exists
20261006_070336 Script File: /scripts/marketing/analytics/job_conversion_rate/job_conversion_rate.sql
20261006_070336 File exists...

20261006_070336 ## Running script
20261006_070336  *** Logon successfully completed.
  *** Total elapsed time was 4 seconds.
  *** Report generated successfully.
  *** Script execution successful.
  *** RC (return code) = 0
20261006_070433
20261006_070433
Execution Return Code: 0
20261006_070433
-----------
JOB SUCCESS
-----------
Start Time: 070336, End Time: 070433