MARKETING ANALYTICS JOB LOG 20260917_185549
----------------------
20260917_185549 ## Passed Parameter Values:
20260917_185549 DOMAIN: marketing
20260917_185549 SUB_DOMAIN: analytics
20260917_185549 USER_NAME: analyst1
20260917_185549 TABLE_NAME: job_conversion_rate
20260917_185549 EXEC_SCOPE: PROD

20260917_185549 ## Derived Variable Values:
20260917_185549 STARTTIME: 185549
20260917_185549 LOGDATE: 20260917_185549
20260917_185549 JOB=job_conversion_rate

20260917_185549 ###############################################################
20260917_185549 ### RUNNING CONVERSION RATE SCRIPT
20260917_185549 ###############################################################

20260917_185549 ## Checking if script exists
20260917_185549 Script File: /scripts/marketing/analytics/job_conversion_rate/job_conversion_rate.sql
20260917_185549 File exists...

20260917_185549 ## Running script
20260917_185549  *** Logon successfully completed.
  *** Total elapsed time was 3 seconds.
  *** Analysis completed with no issues.
  *** Script execution successful.
  *** RC (return code) = 0
20260917_185601
20260917_185601
Execution Return Code: 0
20260917_185601
-----------
JOB SUCCESS
-----------
Start Time: 185549, End Time: 185601