MARKETING ANALYTICS JOB LOG 20261008_055613
----------------------
20261008_055613 ## Passed Parameter Values:
20261008_055613 DOMAIN: marketing
20261008_055613 SUB_DOMAIN: analytics
20261008_055613 USER_NAME: campaign_manager
20261008_055613 TABLE_NAME: job_conversion_rate
20261008_055613 EXEC_SCOPE: PROD

20261008_055613 ## Derived Variable Values:
20261008_055613 STARTTIME: 055613
20261008_055613 LOGDATE: 20261008_055613
20261008_055613 JOB=job_conversion_rate

20261008_055613 ###############################################################
20261008_055613 ### RUNNING CONVERSION RATE SCRIPT
20261008_055613 ###############################################################

20261008_055613 ## Checking if script exists
20261008_055613 Script File: /scripts/marketing/analytics/job_conversion_rate/job_conversion_rate.sql
20261008_055613 File exists...

20261008_055613 ## Running script
20261008_055613  *** Logon successfully completed.
  *** Total elapsed time was 2 seconds.
  *** Script executed successfully.
  *** Script execution successful.
  *** RC (return code) = 0
20261008_055642
20261008_055642
Execution Return Code: 0
20261008_055642
-----------
JOB SUCCESS
-----------
Start Time: 055613, End Time: 055642