MARKETING ANALYTICS JOB LOG 20260728_051136
----------------------
20260728_051136 ## Passed Parameter Values:
20260728_051136 DOMAIN: marketing
20260728_051136 SUB_DOMAIN: analytics
20260728_051136 USER_NAME: marketing_user1
20260728_051136 TABLE_NAME: job_conversion_rate
20260728_051136 EXEC_SCOPE: PROD

20260728_051136 ## Derived Variable Values:
20260728_051136 STARTTIME: 051136
20260728_051136 LOGDATE: 20260728_051136
20260728_051136 JOB=job_conversion_rate

20260728_051136 ###############################################################
20260728_051136 ### RUNNING CONVERSION RATE SCRIPT
20260728_051136 ###############################################################

20260728_051136 ## Checking if script exists
20260728_051136 Script File: /scripts/marketing/analytics/job_conversion_rate/job_conversion_rate.sql
20260728_051136 File exists...

20260728_051136 ## Running script
20260728_051136  *** Logon successfully completed.
  *** Total elapsed time was 5 seconds.
  *** Analysis completed with no issues.
  *** Script execution successful.
  *** RC (return code) = 0
20260728_051200
20260728_051200
Execution Return Code: 0
20260728_051200
-----------
JOB SUCCESS
-----------
Start Time: 051136, End Time: 051200