MARKETING ANALYTICS JOB LOG 20260910_225524
----------------------
20260910_225524 ## Passed Parameter Values:
20260910_225524 DOMAIN: marketing
20260910_225524 SUB_DOMAIN: analytics
20260910_225524 USER_NAME: marketing_user1
20260910_225524 TABLE_NAME: job_conversion_rate
20260910_225524 EXEC_SCOPE: DEV

20260910_225524 ## Derived Variable Values:
20260910_225524 STARTTIME: 225524
20260910_225524 LOGDATE: 20260910_225524
20260910_225524 JOB=job_conversion_rate

20260910_225524 ###############################################################
20260910_225524 ### RUNNING CONVERSION RATE SCRIPT
20260910_225524 ###############################################################

20260910_225524 ## Checking if script exists
20260910_225524 Script File: /scripts/marketing/analytics/job_conversion_rate/job_conversion_rate.sql
20260910_225524 File exists...

20260910_225524 ## Running script
20260910_225524  *** Logon successfully completed.
  *** Total elapsed time was 3 seconds.
  *** Report generated successfully.
  *** Script execution successful.
  *** RC (return code) = 0
20260910_225610
20260910_225610
Execution Return Code: 0
20260910_225610
-----------
JOB SUCCESS
-----------
Start Time: 225524, End Time: 225610