MARKETING ANALYTICS JOB LOG 20260924_211450
----------------------
20260924_211450 ## Passed Parameter Values:
20260924_211450 DOMAIN: marketing
20260924_211450 SUB_DOMAIN: analytics
20260924_211450 USER_NAME: marketing_user1
20260924_211450 TABLE_NAME: job_conversion_rate
20260924_211450 EXEC_SCOPE: PROD

20260924_211450 ## Derived Variable Values:
20260924_211450 STARTTIME: 211450
20260924_211450 LOGDATE: 20260924_211450
20260924_211450 JOB=job_conversion_rate

20260924_211450 ###############################################################
20260924_211450 ### RUNNING CONVERSION RATE SCRIPT
20260924_211450 ###############################################################

20260924_211450 ## Checking if script exists
20260924_211450 Script File: /scripts/marketing/analytics/job_conversion_rate/job_conversion_rate.sql
20260924_211450 File exists...

20260924_211450 ## Running script
20260924_211450  *** Logon successfully completed.
  *** Total elapsed time was 2 seconds.
  *** Data extraction and transformation successful.
  *** Script execution successful.
  *** RC (return code) = 0
20260924_211515
20260924_211515
Execution Return Code: 0
20260924_211515
-----------
JOB SUCCESS
-----------
Start Time: 211450, End Time: 211515