MARKETING ANALYTICS JOB LOG 20260901_141535
----------------------
20260901_141535 ## Passed Parameter Values:
20260901_141535 DOMAIN: marketing
20260901_141535 SUB_DOMAIN: analytics
20260901_141535 USER_NAME: campaign_manager
20260901_141535 TABLE_NAME: job_conversion_rate
20260901_141535 EXEC_SCOPE: PROD

20260901_141535 ## Derived Variable Values:
20260901_141535 STARTTIME: 141535
20260901_141535 LOGDATE: 20260901_141535
20260901_141535 JOB=job_conversion_rate

20260901_141535 ###############################################################
20260901_141535 ### RUNNING CONVERSION RATE SCRIPT
20260901_141535 ###############################################################

20260901_141535 ## Checking if script exists
20260901_141535 Script File: /scripts/marketing/analytics/job_conversion_rate/job_conversion_rate.sql
20260901_141535 File exists...

20260901_141535 ## Running script
20260901_141535  *** Logon successfully completed.
  *** Total elapsed time was 2 seconds.
  *** Error: Traffic analysis error: Invalid source attribution.
  *** Script execution failed.
  *** RC (return code) = 1
20260901_141553
20260901_141553
Execution Return Code: 1
20260901_141553
---------
JOB ERROR
---------
Start Time: 141535, End Time: 141553