MARKETING ANALYTICS JOB LOG 20260811_163053
----------------------
20260811_163053 ## Passed Parameter Values:
20260811_163053 DOMAIN: marketing
20260811_163053 SUB_DOMAIN: analytics
20260811_163053 USER_NAME: marketing_user1
20260811_163053 TABLE_NAME: job_conversion_rate
20260811_163053 EXEC_SCOPE: PROD

20260811_163053 ## Derived Variable Values:
20260811_163053 STARTTIME: 163053
20260811_163053 LOGDATE: 20260811_163053
20260811_163053 JOB=job_conversion_rate

20260811_163053 ###############################################################
20260811_163053 ### RUNNING CONVERSION RATE SCRIPT
20260811_163053 ###############################################################

20260811_163053 ## Checking if script exists
20260811_163053 Script File: /scripts/marketing/analytics/job_conversion_rate/job_conversion_rate.sql
20260811_163053 File exists...

20260811_163053 ## Running script
20260811_163053  *** Logon successfully completed.
  *** Total elapsed time was 2 seconds.
  *** Error: Failed to connect to dependent data source.
  *** Script execution failed.
  *** RC (return code) = 4
20260811_163130
20260811_163130
Execution Return Code: 4
20260811_163130
---------
JOB ERROR
---------
Start Time: 163053, End Time: 163130