MARKETING ANALYTICS JOB LOG 20260903_095116
----------------------
20260903_095116 ## Passed Parameter Values:
20260903_095116 DOMAIN: marketing
20260903_095116 SUB_DOMAIN: analytics
20260903_095116 USER_NAME: analyst1
20260903_095116 TABLE_NAME: job_conversion_rate
20260903_095116 EXEC_SCOPE: PROD

20260903_095116 ## Derived Variable Values:
20260903_095116 STARTTIME: 095116
20260903_095116 LOGDATE: 20260903_095116
20260903_095116 JOB=job_conversion_rate

20260903_095116 ###############################################################
20260903_095116 ### RUNNING CONVERSION RATE SCRIPT
20260903_095116 ###############################################################

20260903_095116 ## Checking if script exists
20260903_095116 Script File: /scripts/marketing/analytics/job_conversion_rate/job_conversion_rate.sql
20260903_095116 File exists...

20260903_095116 ## Running script
20260903_095116  *** Logon successfully completed.
  *** Total elapsed time was 2 seconds.
  *** Report generated successfully.
  *** Script execution successful.
  *** RC (return code) = 0
20260903_095152
20260903_095152
Execution Return Code: 0
20260903_095152
-----------
JOB SUCCESS
-----------
Start Time: 095116, End Time: 095152