MARKETING ANALYTICS JOB LOG 20261001_060437
----------------------
20261001_060437 ## Passed Parameter Values:
20261001_060437 DOMAIN: marketing
20261001_060437 SUB_DOMAIN: analytics
20261001_060437 USER_NAME: marketing_user1
20261001_060437 TABLE_NAME: job_conversion_rate
20261001_060437 EXEC_SCOPE: TEST

20261001_060437 ## Derived Variable Values:
20261001_060437 STARTTIME: 060437
20261001_060437 LOGDATE: 20261001_060437
20261001_060437 JOB=job_conversion_rate

20261001_060437 ###############################################################
20261001_060437 ### RUNNING CONVERSION RATE SCRIPT
20261001_060437 ###############################################################

20261001_060437 ## Checking if script exists
20261001_060437 Script File: /scripts/marketing/analytics/job_conversion_rate/job_conversion_rate.sql
20261001_060437 File exists...

20261001_060437 ## Running script
20261001_060437  *** Logon successfully completed.
  *** Total elapsed time was 2 seconds.
  *** Script executed successfully.
  *** Script execution successful.
  *** RC (return code) = 0
20261001_060513
20261001_060513
Execution Return Code: 0
20261001_060513
-----------
JOB SUCCESS
-----------
Start Time: 060437, End Time: 060513