OPERATIONS SCHEDULING JOB LOG 20260906_094500
----------------------
20260906_094500 ## Passed Parameter Values:
20260906_094500 DOMAIN: operations
20260906_094500 SUB_DOMAIN: scheduling
20260906_094500 USER_NAME: logistics_manager
20260906_094500 TABLE_NAME: job_maintenance_plan
20260906_094500 EXEC_SCOPE: DEV

20260906_094500 ## Derived Variable Values:
20260906_094500 STARTTIME: 094500
20260906_094500 LOGDATE: 20260906_094500
20260906_094500 JOB=job_maintenance_plan

20260906_094500 ###############################################################
20260906_094500 ### RUNNING MAINTENANCE PLAN SCRIPT
20260906_094500 ###############################################################

20260906_094500 ## Checking if script exists
20260906_094500 Script File: /scripts/operations/scheduling/job_maintenance_plan/job_maintenance_plan.sql
20260906_094500 File exists...

20260906_094500 ## Running script
20260906_094500  *** Logon successfully completed.
  *** Total elapsed time was 5 seconds.
  *** Error: Scheduling generation failed: Data source unavailable.
  *** Script execution failed.
  *** RC (return code) = 1
20260906_094526
20260906_094526
Execution Return Code: 1
20260906_094526
---------
JOB ERROR
---------
Start Time: 094500, End Time: 094526