OPERATIONS SCHEDULING JOB LOG 20261006_214759
----------------------
20261006_214759 ## Passed Parameter Values:
20261006_214759 DOMAIN: operations
20261006_214759 SUB_DOMAIN: scheduling
20261006_214759 USER_NAME: logistics_manager
20261006_214759 TABLE_NAME: job_maintenance_plan
20261006_214759 EXEC_SCOPE: TEST

20261006_214759 ## Derived Variable Values:
20261006_214759 STARTTIME: 214759
20261006_214759 LOGDATE: 20261006_214759
20261006_214759 JOB=job_maintenance_plan

20261006_214759 ###############################################################
20261006_214759 ### RUNNING MAINTENANCE PLAN SCRIPT
20261006_214759 ###############################################################

20261006_214759 ## Checking if script exists
20261006_214759 Script File: /scripts/operations/scheduling/job_maintenance_plan/job_maintenance_plan.sql
20261006_214759 File exists...

20261006_214759 ## Running script
20261006_214759  *** Logon successfully completed.
  *** Total elapsed time was 5 seconds.
  *** All data processed without errors.
  *** Script execution successful.
  *** RC (return code) = 0
20261006_214817
20261006_214817
Execution Return Code: 0
20261006_214817
-----------
JOB SUCCESS
-----------
Start Time: 214759, End Time: 214817