OPERATIONS SCHEDULING JOB LOG 20260830_042109
----------------------
20260830_042109 ## Passed Parameter Values:
20260830_042109 DOMAIN: operations
20260830_042109 SUB_DOMAIN: scheduling
20260830_042109 USER_NAME: logistics_manager
20260830_042109 TABLE_NAME: job_maintenance_plan
20260830_042109 EXEC_SCOPE: UAT

20260830_042109 ## Derived Variable Values:
20260830_042109 STARTTIME: 042109
20260830_042109 LOGDATE: 20260830_042109
20260830_042109 JOB=job_maintenance_plan

20260830_042109 ###############################################################
20260830_042109 ### RUNNING MAINTENANCE PLAN SCRIPT
20260830_042109 ###############################################################

20260830_042109 ## Checking if script exists
20260830_042109 Script File: /scripts/operations/scheduling/job_maintenance_plan/job_maintenance_plan.sql
20260830_042109 File exists...

20260830_042109 ## Running script
20260830_042109  *** Logon successfully completed.
  *** Total elapsed time was 2 seconds.
  *** Error: Scheduling report failed: Missing required metrics.
  *** Script execution failed.
  *** RC (return code) = 1
20260830_042204
20260830_042204
Execution Return Code: 1
20260830_042204
---------
JOB ERROR
---------
Start Time: 042109, End Time: 042204