OPERATIONS SCHEDULING JOB LOG 20260827_213049
----------------------
20260827_213049 ## Passed Parameter Values:
20260827_213049 DOMAIN: operations
20260827_213049 SUB_DOMAIN: scheduling
20260827_213049 USER_NAME: ops_user1
20260827_213049 TABLE_NAME: job_maintenance_plan
20260827_213049 EXEC_SCOPE: DEV

20260827_213049 ## Derived Variable Values:
20260827_213049 STARTTIME: 213049
20260827_213049 LOGDATE: 20260827_213049
20260827_213049 JOB=job_maintenance_plan

20260827_213049 ###############################################################
20260827_213049 ### RUNNING MAINTENANCE PLAN SCRIPT
20260827_213049 ###############################################################

20260827_213049 ## Checking if script exists
20260827_213049 Script File: /scripts/operations/scheduling/job_maintenance_plan/job_maintenance_plan.sql
20260827_213049 File exists...

20260827_213049 ## Running script
20260827_213049  *** Logon successfully completed.
  *** Total elapsed time was 5 seconds.
  *** Error: Scheduling report failed: Missing required metrics.
  *** Script execution failed.
  *** RC (return code) = 1
20260827_213058
20260827_213058
Execution Return Code: 1
20260827_213058
---------
JOB ERROR
---------
Start Time: 213049, End Time: 213058