OPERATIONS SCHEDULING JOB LOG 20260913_175808
----------------------
20260913_175808 ## Passed Parameter Values:
20260913_175808 DOMAIN: operations
20260913_175808 SUB_DOMAIN: scheduling
20260913_175808 USER_NAME: ops_user1
20260913_175808 TABLE_NAME: job_maintenance_plan
20260913_175808 EXEC_SCOPE: PROD

20260913_175808 ## Derived Variable Values:
20260913_175808 STARTTIME: 175808
20260913_175808 LOGDATE: 20260913_175808
20260913_175808 JOB=job_maintenance_plan

20260913_175808 ###############################################################
20260913_175808 ### RUNNING MAINTENANCE PLAN SCRIPT
20260913_175808 ###############################################################

20260913_175808 ## Checking if script exists
20260913_175808 Script File: /scripts/operations/scheduling/job_maintenance_plan/job_maintenance_plan.sql
20260913_175808 File exists...

20260913_175808 ## Running script
20260913_175808  *** Logon successfully completed.
  *** Total elapsed time was 4 seconds.
  *** All data processed without errors.
  *** Script execution successful.
  *** RC (return code) = 0
20260913_175818
20260913_175818
Execution Return Code: 0
20260913_175818
-----------
JOB SUCCESS
-----------
Start Time: 175808, End Time: 175818