OPERATIONS SCHEDULING JOB LOG 20260820_095149
----------------------
20260820_095149 ## Passed Parameter Values:
20260820_095149 DOMAIN: operations
20260820_095149 SUB_DOMAIN: scheduling
20260820_095149 USER_NAME: logistics_manager
20260820_095149 TABLE_NAME: job_maintenance_plan
20260820_095149 EXEC_SCOPE: TEST

20260820_095149 ## Derived Variable Values:
20260820_095149 STARTTIME: 095149
20260820_095149 LOGDATE: 20260820_095149
20260820_095149 JOB=job_maintenance_plan

20260820_095149 ###############################################################
20260820_095149 ### RUNNING MAINTENANCE PLAN SCRIPT
20260820_095149 ###############################################################

20260820_095149 ## Checking if script exists
20260820_095149 Script File: /scripts/operations/scheduling/job_maintenance_plan/job_maintenance_plan.sql
20260820_095149 File exists...

20260820_095149 ## Running script
20260820_095149  *** Logon successfully completed.
  *** Total elapsed time was 4 seconds.
  *** Error: Scheduling aggregation error: Inconsistent daily data.
  *** Script execution failed.
  *** RC (return code) = 1
20260820_095207
20260820_095207
Execution Return Code: 1
20260820_095207
---------
JOB ERROR
---------
Start Time: 095149, End Time: 095207