OPERATIONS SCHEDULING JOB LOG 20260922_153745
----------------------
20260922_153745 ## Passed Parameter Values:
20260922_153745 DOMAIN: operations
20260922_153745 SUB_DOMAIN: scheduling
20260922_153745 USER_NAME: logistics_manager
20260922_153745 TABLE_NAME: job_maintenance_plan
20260922_153745 EXEC_SCOPE: PROD

20260922_153745 ## Derived Variable Values:
20260922_153745 STARTTIME: 153745
20260922_153745 LOGDATE: 20260922_153745
20260922_153745 JOB=job_maintenance_plan

20260922_153745 ###############################################################
20260922_153745 ### RUNNING MAINTENANCE PLAN SCRIPT
20260922_153745 ###############################################################

20260922_153745 ## Checking if script exists
20260922_153745 Script File: /scripts/operations/scheduling/job_maintenance_plan/job_maintenance_plan.sql
20260922_153745 File exists...

20260922_153745 ## Running script
20260922_153745  *** Logon successfully completed.
  *** Total elapsed time was 5 seconds.
  *** Error: Scheduling aggregation error: Inconsistent daily data.
  *** Script execution failed.
  *** RC (return code) = 8
20260922_153832
20260922_153832
Execution Return Code: 8
20260922_153832
---------
JOB ERROR
---------
Start Time: 153745, End Time: 153832