OPERATIONS SCHEDULING JOB LOG 20260726_081741
----------------------
20260726_081741 ## Passed Parameter Values:
20260726_081741 DOMAIN: operations
20260726_081741 SUB_DOMAIN: scheduling
20260726_081741 USER_NAME: logistics_manager
20260726_081741 TABLE_NAME: job_maintenance_plan
20260726_081741 EXEC_SCOPE: TEST

20260726_081741 ## Derived Variable Values:
20260726_081741 STARTTIME: 081741
20260726_081741 LOGDATE: 20260726_081741
20260726_081741 JOB=job_maintenance_plan

20260726_081741 ###############################################################
20260726_081741 ### RUNNING MAINTENANCE PLAN SCRIPT
20260726_081741 ###############################################################

20260726_081741 ## Checking if script exists
20260726_081741 Script File: /scripts/operations/scheduling/job_maintenance_plan/job_maintenance_plan.sql
20260726_081741 File exists...

20260726_081741 ## Running script
20260726_081741  *** Logon successfully completed.
  *** Total elapsed time was 1 second.
  *** Error: Unexpected NULL values in required columns.
  *** Script execution failed.
  *** RC (return code) = 4
20260726_081750
20260726_081750
Execution Return Code: 4
20260726_081750
---------
JOB ERROR
---------
Start Time: 081741, End Time: 081750