OPERATIONS LOGISTICS JOB LOG 20260823_084538
----------------------
20260823_084538 ## Passed Parameter Values:
20260823_084538 DOMAIN: operations
20260823_084538 SUB_DOMAIN: logistics
20260823_084538 USER_NAME: ops_user1
20260823_084538 TABLE_NAME: job_shipment_track
20260823_084538 EXEC_SCOPE: UAT

20260823_084538 ## Derived Variable Values:
20260823_084538 STARTTIME: 084538
20260823_084538 LOGDATE: 20260823_084538
20260823_084538 JOB=job_shipment_track

20260823_084538 ###############################################################
20260823_084538 ### RUNNING SHIPMENT TRACK SCRIPT
20260823_084538 ###############################################################

20260823_084538 ## Checking if script exists
20260823_084538 Script File: /scripts/operations/logistics/job_shipment_track/job_shipment_track.sql
20260823_084538 File exists...

20260823_084538 ## Running script
20260823_084538  *** Logon successfully completed.
  *** Total elapsed time was 2 seconds.
  *** Report generated successfully.
  *** Script execution successful.
  *** RC (return code) = 0
20260823_084550
20260823_084550
Execution Return Code: 0
20260823_084550
-----------
JOB SUCCESS
-----------
Start Time: 084538, End Time: 084550