OPERATIONS LOGISTICS JOB LOG 20260906_125846
----------------------
20260906_125846 ## Passed Parameter Values:
20260906_125846 DOMAIN: operations
20260906_125846 SUB_DOMAIN: logistics
20260906_125846 USER_NAME: ops_user1
20260906_125846 TABLE_NAME: job_shipment_track
20260906_125846 EXEC_SCOPE: PROD

20260906_125846 ## Derived Variable Values:
20260906_125846 STARTTIME: 125846
20260906_125846 LOGDATE: 20260906_125846
20260906_125846 JOB=job_shipment_track

20260906_125846 ###############################################################
20260906_125846 ### RUNNING SHIPMENT TRACK SCRIPT
20260906_125846 ###############################################################

20260906_125846 ## Checking if script exists
20260906_125846 Script File: /scripts/operations/logistics/job_shipment_track/job_shipment_track.sql
20260906_125846 File exists...

20260906_125846 ## Running script
20260906_125846  *** Logon successfully completed.
  *** Total elapsed time was 5 seconds.
  *** Script executed successfully.
  *** Script execution successful.
  *** RC (return code) = 0
20260906_125903
20260906_125903
Execution Return Code: 0
20260906_125903
-----------
JOB SUCCESS
-----------
Start Time: 125846, End Time: 125903