OPERATIONS LOGISTICS JOB LOG 20261011_000755
----------------------
20261011_000755 ## Passed Parameter Values:
20261011_000755 DOMAIN: operations
20261011_000755 SUB_DOMAIN: logistics
20261011_000755 USER_NAME: scheduler
20261011_000755 TABLE_NAME: job_shipment_track
20261011_000755 EXEC_SCOPE: PROD

20261011_000755 ## Derived Variable Values:
20261011_000755 STARTTIME: 000755
20261011_000755 LOGDATE: 20261011_000755
20261011_000755 JOB=job_shipment_track

20261011_000755 ###############################################################
20261011_000755 ### RUNNING SHIPMENT TRACK SCRIPT
20261011_000755 ###############################################################

20261011_000755 ## Checking if script exists
20261011_000755 Script File: /scripts/operations/logistics/job_shipment_track/job_shipment_track.sql
20261011_000755 File exists...

20261011_000755 ## Running script
20261011_000755  *** Logon successfully completed.
  *** Total elapsed time was 5 seconds.
  *** All data processed without errors.
  *** Script execution successful.
  *** RC (return code) = 0
20261011_000847
20261011_000847
Execution Return Code: 0
20261011_000847
-----------
JOB SUCCESS
-----------
Start Time: 000755, End Time: 000847