OPERATIONS LOGISTICS JOB LOG 20260927_023618
----------------------
20260927_023618 ## Passed Parameter Values:
20260927_023618 DOMAIN: operations
20260927_023618 SUB_DOMAIN: logistics
20260927_023618 USER_NAME: ops_user1
20260927_023618 TABLE_NAME: job_shipment_track
20260927_023618 EXEC_SCOPE: PROD

20260927_023618 ## Derived Variable Values:
20260927_023618 STARTTIME: 023618
20260927_023618 LOGDATE: 20260927_023618
20260927_023618 JOB=job_shipment_track

20260927_023618 ###############################################################
20260927_023618 ### RUNNING SHIPMENT TRACK SCRIPT
20260927_023618 ###############################################################

20260927_023618 ## Checking if script exists
20260927_023618 Script File: /scripts/operations/logistics/job_shipment_track/job_shipment_track.sql
20260927_023618 File exists...

20260927_023618 ## Running script
20260927_023618  *** Logon successfully completed.
  *** Total elapsed time was 4 seconds.
  *** Data extraction and transformation successful.
  *** Script execution successful.
  *** RC (return code) = 0
20260927_023707
20260927_023707
Execution Return Code: 0
20260927_023707
-----------
JOB SUCCESS
-----------
Start Time: 023618, End Time: 023707