OPERATIONS LOGISTICS JOB LOG 20260818_105928
----------------------
20260818_105928 ## Passed Parameter Values:
20260818_105928 DOMAIN: operations
20260818_105928 SUB_DOMAIN: logistics
20260818_105928 USER_NAME: logistics_manager
20260818_105928 TABLE_NAME: job_shipment_track
20260818_105928 EXEC_SCOPE: UAT

20260818_105928 ## Derived Variable Values:
20260818_105928 STARTTIME: 105928
20260818_105928 LOGDATE: 20260818_105928
20260818_105928 JOB=job_shipment_track

20260818_105928 ###############################################################
20260818_105928 ### RUNNING SHIPMENT TRACK SCRIPT
20260818_105928 ###############################################################

20260818_105928 ## Checking if script exists
20260818_105928 Script File: /scripts/operations/logistics/job_shipment_track/job_shipment_track.sql
20260818_105928 File exists...

20260818_105928 ## Running script
20260818_105928  *** Logon successfully completed.
  *** Total elapsed time was 3 seconds.
  *** All data processed without errors.
  *** Script execution successful.
  *** RC (return code) = 0
20260818_105940
20260818_105940
Execution Return Code: 0
20260818_105940
-----------
JOB SUCCESS
-----------
Start Time: 105928, End Time: 105940