HR PAYROLL JOB LOG 20260915_035543
----------------------
20260915_035543 ## Passed Parameter Values:
20260915_035543 DOMAIN: hr
20260915_035543 SUB_DOMAIN: payroll
20260915_035543 USER_NAME: payroll_admin
20260915_035543 TABLE_NAME: job_bonus_process
20260915_035543 EXEC_SCOPE: DEV

20260915_035543 ## Derived Variable Values:
20260915_035543 STARTTIME: 035543
20260915_035543 LOGDATE: 20260915_035543
20260915_035543 JOB=job_bonus_process

20260915_035543 ###############################################################
20260915_035543 ### RUNNING BONUS PROCESS SCRIPT
20260915_035543 ###############################################################

20260915_035543 ## Checking if script exists
20260915_035543 Script File: /scripts/hr/payroll/job_bonus_process/job_bonus_process.sql
20260915_035543 File exists...

20260915_035543 ## Running script
20260915_035543  *** Logon successfully completed.
  *** Total elapsed time was 3 seconds.
  *** All data processed without errors.
  *** Script execution successful.
  *** RC (return code) = 0
20260915_035628
20260915_035628
Execution Return Code: 0
20260915_035628
-----------
JOB SUCCESS
-----------
Start Time: 035543, End Time: 035628