HR PAYROLL JOB LOG 20260827_053757
----------------------
20260827_053757 ## Passed Parameter Values:
20260827_053757 DOMAIN: hr
20260827_053757 SUB_DOMAIN: payroll
20260827_053757 USER_NAME: hr_user1
20260827_053757 TABLE_NAME: job_bonus_process
20260827_053757 EXEC_SCOPE: TEST

20260827_053757 ## Derived Variable Values:
20260827_053757 STARTTIME: 053757
20260827_053757 LOGDATE: 20260827_053757
20260827_053757 JOB=job_bonus_process

20260827_053757 ###############################################################
20260827_053757 ### RUNNING BONUS PROCESS SCRIPT
20260827_053757 ###############################################################

20260827_053757 ## Checking if script exists
20260827_053757 Script File: /scripts/hr/payroll/job_bonus_process/job_bonus_process.sql
20260827_053757 File exists...

20260827_053757 ## Running script
20260827_053757  *** Logon successfully completed.
  *** Total elapsed time was 1 second.
  *** Error: Payroll report failed: Missing required metrics.
  *** Script execution failed.
  *** RC (return code) = 8
20260827_053850
20260827_053850
Execution Return Code: 8
20260827_053850
---------
JOB ERROR
---------
Start Time: 053757, End Time: 053850