HR PAYROLL JOB LOG 20260820_041039
----------------------
20260820_041039 ## Passed Parameter Values:
20260820_041039 DOMAIN: hr
20260820_041039 SUB_DOMAIN: payroll
20260820_041039 USER_NAME: hr_user1
20260820_041039 TABLE_NAME: job_bonus_process
20260820_041039 EXEC_SCOPE: TEST

20260820_041039 ## Derived Variable Values:
20260820_041039 STARTTIME: 041039
20260820_041039 LOGDATE: 20260820_041039
20260820_041039 JOB=job_bonus_process

20260820_041039 ###############################################################
20260820_041039 ### RUNNING BONUS PROCESS SCRIPT
20260820_041039 ###############################################################

20260820_041039 ## Checking if script exists
20260820_041039 Script File: /scripts/hr/payroll/job_bonus_process/job_bonus_process.sql
20260820_041039 File exists...

20260820_041039 ## Running script
20260820_041039  *** Logon successfully completed.
  *** Total elapsed time was 4 seconds.
  *** Analysis completed with no issues.
  *** Script execution successful.
  *** RC (return code) = 0
20260820_041055
20260820_041055
Execution Return Code: 0
20260820_041055
-----------
JOB SUCCESS
-----------
Start Time: 041039, End Time: 041055