HR PAYROLL JOB LOG 20260726_203900
----------------------
20260726_203900 ## Passed Parameter Values:
20260726_203900 DOMAIN: hr
20260726_203900 SUB_DOMAIN: payroll
20260726_203900 USER_NAME: payroll_admin
20260726_203900 TABLE_NAME: job_bonus_process
20260726_203900 EXEC_SCOPE: TEST

20260726_203900 ## Derived Variable Values:
20260726_203900 STARTTIME: 203900
20260726_203900 LOGDATE: 20260726_203900
20260726_203900 JOB=job_bonus_process

20260726_203900 ###############################################################
20260726_203900 ### RUNNING BONUS PROCESS SCRIPT
20260726_203900 ###############################################################

20260726_203900 ## Checking if script exists
20260726_203900 Script File: /scripts/hr/payroll/job_bonus_process/job_bonus_process.sql
20260726_203900 File exists...

20260726_203900 ## Running script
20260726_203900  *** Logon successfully completed.
  *** Total elapsed time was 2 seconds.
  *** Analysis completed with no issues.
  *** Script execution successful.
  *** RC (return code) = 0
20260726_203957
20260726_203957
Execution Return Code: 0
20260726_203957
-----------
JOB SUCCESS
-----------
Start Time: 203900, End Time: 203957