HR PAYROLL JOB LOG 20260806_064710
----------------------
20260806_064710 ## Passed Parameter Values:
20260806_064710 DOMAIN: hr
20260806_064710 SUB_DOMAIN: payroll
20260806_064710 USER_NAME: recruiter1
20260806_064710 TABLE_NAME: job_bonus_process
20260806_064710 EXEC_SCOPE: DEV

20260806_064710 ## Derived Variable Values:
20260806_064710 STARTTIME: 064710
20260806_064710 LOGDATE: 20260806_064710
20260806_064710 JOB=job_bonus_process

20260806_064710 ###############################################################
20260806_064710 ### RUNNING BONUS PROCESS SCRIPT
20260806_064710 ###############################################################

20260806_064710 ## Checking if script exists
20260806_064710 Script File: /scripts/hr/payroll/job_bonus_process/job_bonus_process.sql
20260806_064710 File exists...

20260806_064710 ## Running script
20260806_064710  *** Logon successfully completed.
  *** Total elapsed time was 4 seconds.
  *** Analysis completed with no issues.
  *** Script execution successful.
  *** RC (return code) = 0
20260806_064716
20260806_064716
Execution Return Code: 0
20260806_064716
-----------
JOB SUCCESS
-----------
Start Time: 064710, End Time: 064716