HR PAYROLL JOB LOG 20260825_223840
----------------------
20260825_223840 ## Passed Parameter Values:
20260825_223840 DOMAIN: hr
20260825_223840 SUB_DOMAIN: payroll
20260825_223840 USER_NAME: hr_user1
20260825_223840 TABLE_NAME: job_bonus_process
20260825_223840 EXEC_SCOPE: UAT

20260825_223840 ## Derived Variable Values:
20260825_223840 STARTTIME: 223840
20260825_223840 LOGDATE: 20260825_223840
20260825_223840 JOB=job_bonus_process

20260825_223840 ###############################################################
20260825_223840 ### RUNNING BONUS PROCESS SCRIPT
20260825_223840 ###############################################################

20260825_223840 ## Checking if script exists
20260825_223840 Script File: /scripts/hr/payroll/job_bonus_process/job_bonus_process.sql
20260825_223840 File exists...

20260825_223840 ## Running script
20260825_223840  *** Logon successfully completed.
  *** Total elapsed time was 2 seconds.
  *** Data extraction and transformation successful.
  *** Script execution successful.
  *** RC (return code) = 0
20260825_223928
20260825_223928
Execution Return Code: 0
20260825_223928
-----------
JOB SUCCESS
-----------
Start Time: 223840, End Time: 223928