HR PAYROLL JOB LOG 20260816_053750
----------------------
20260816_053750 ## Passed Parameter Values:
20260816_053750 DOMAIN: hr
20260816_053750 SUB_DOMAIN: payroll
20260816_053750 USER_NAME: recruiter1
20260816_053750 TABLE_NAME: job_bonus_process
20260816_053750 EXEC_SCOPE: DEV

20260816_053750 ## Derived Variable Values:
20260816_053750 STARTTIME: 053750
20260816_053750 LOGDATE: 20260816_053750
20260816_053750 JOB=job_bonus_process

20260816_053750 ###############################################################
20260816_053750 ### RUNNING BONUS PROCESS SCRIPT
20260816_053750 ###############################################################

20260816_053750 ## Checking if script exists
20260816_053750 Script File: /scripts/hr/payroll/job_bonus_process/job_bonus_process.sql
20260816_053750 File exists...

20260816_053750 ## Running script
20260816_053750  *** Logon successfully completed.
  *** Total elapsed time was 2 seconds.
  *** All data processed without errors.
  *** Script execution successful.
  *** RC (return code) = 0
20260816_053808
20260816_053808
Execution Return Code: 0
20260816_053808
-----------
JOB SUCCESS
-----------
Start Time: 053750, End Time: 053808