HR PAYROLL JOB LOG 20260927_193103
----------------------
20260927_193103 ## Passed Parameter Values:
20260927_193103 DOMAIN: hr
20260927_193103 SUB_DOMAIN: payroll
20260927_193103 USER_NAME: recruiter1
20260927_193103 TABLE_NAME: job_bonus_process
20260927_193103 EXEC_SCOPE: PROD

20260927_193103 ## Derived Variable Values:
20260927_193103 STARTTIME: 193103
20260927_193103 LOGDATE: 20260927_193103
20260927_193103 JOB=job_bonus_process

20260927_193103 ###############################################################
20260927_193103 ### RUNNING BONUS PROCESS SCRIPT
20260927_193103 ###############################################################

20260927_193103 ## Checking if script exists
20260927_193103 Script File: /scripts/hr/payroll/job_bonus_process/job_bonus_process.sql
20260927_193103 File exists...

20260927_193103 ## Running script
20260927_193103  *** Logon successfully completed.
  *** Total elapsed time was 2 seconds.
  *** Error: Payroll aggregation error: Inconsistent daily data.
  *** Script execution failed.
  *** RC (return code) = 1
20260927_193142
20260927_193142
Execution Return Code: 1
20260927_193142
---------
JOB ERROR
---------
Start Time: 193103, End Time: 193142