HR PAYROLL JOB LOG 20260903_014944
----------------------
20260903_014944 ## Passed Parameter Values:
20260903_014944 DOMAIN: hr
20260903_014944 SUB_DOMAIN: payroll
20260903_014944 USER_NAME: payroll_admin
20260903_014944 TABLE_NAME: job_bonus_process
20260903_014944 EXEC_SCOPE: TEST

20260903_014944 ## Derived Variable Values:
20260903_014944 STARTTIME: 014944
20260903_014944 LOGDATE: 20260903_014944
20260903_014944 JOB=job_bonus_process

20260903_014944 ###############################################################
20260903_014944 ### RUNNING BONUS PROCESS SCRIPT
20260903_014944 ###############################################################

20260903_014944 ## Checking if script exists
20260903_014944 Script File: /scripts/hr/payroll/job_bonus_process/job_bonus_process.sql
20260903_014944 File exists...

20260903_014944 ## Running script
20260903_014944  *** Logon successfully completed.
  *** Total elapsed time was 4 seconds.
  *** Analysis completed with no issues.
  *** Script execution successful.
  *** RC (return code) = 0
20260903_015039
20260903_015039
Execution Return Code: 0
20260903_015039
-----------
JOB SUCCESS
-----------
Start Time: 014944, End Time: 015039