HR PAYROLL JOB LOG 20260830_032345
----------------------
20260830_032345 ## Passed Parameter Values:
20260830_032345 DOMAIN: hr
20260830_032345 SUB_DOMAIN: payroll
20260830_032345 USER_NAME: payroll_admin
20260830_032345 TABLE_NAME: job_bonus_process
20260830_032345 EXEC_SCOPE: UAT

20260830_032345 ## Derived Variable Values:
20260830_032345 STARTTIME: 032345
20260830_032345 LOGDATE: 20260830_032345
20260830_032345 JOB=job_bonus_process

20260830_032345 ###############################################################
20260830_032345 ### RUNNING BONUS PROCESS SCRIPT
20260830_032345 ###############################################################

20260830_032345 ## Checking if script exists
20260830_032345 Script File: /scripts/hr/payroll/job_bonus_process/job_bonus_process.sql
20260830_032345 File exists...

20260830_032345 ## Running script
20260830_032345  *** Logon successfully completed.
  *** Total elapsed time was 3 seconds.
  *** Report generated successfully.
  *** Script execution successful.
  *** RC (return code) = 0
20260830_032440
20260830_032440
Execution Return Code: 0
20260830_032440
-----------
JOB SUCCESS
-----------
Start Time: 032345, End Time: 032440