HR PAYROLL JOB LOG 20260804_061256
----------------------
20260804_061256 ## Passed Parameter Values:
20260804_061256 DOMAIN: hr
20260804_061256 SUB_DOMAIN: payroll
20260804_061256 USER_NAME: hr_user1
20260804_061256 TABLE_NAME: job_bonus_process
20260804_061256 EXEC_SCOPE: UAT

20260804_061256 ## Derived Variable Values:
20260804_061256 STARTTIME: 061256
20260804_061256 LOGDATE: 20260804_061256
20260804_061256 JOB=job_bonus_process

20260804_061256 ###############################################################
20260804_061256 ### RUNNING BONUS PROCESS SCRIPT
20260804_061256 ###############################################################

20260804_061256 ## Checking if script exists
20260804_061256 Script File: /scripts/hr/payroll/job_bonus_process/job_bonus_process.sql
20260804_061256 File exists...

20260804_061256 ## Running script
20260804_061256  *** Logon successfully completed.
  *** Total elapsed time was 1 second.
  *** All data processed without errors.
  *** Script execution successful.
  *** RC (return code) = 0
20260804_061339
20260804_061339
Execution Return Code: 0
20260804_061339
-----------
JOB SUCCESS
-----------
Start Time: 061256, End Time: 061339