HR PAYROLL JOB LOG 20261001_200925
----------------------
20261001_200925 ## Passed Parameter Values:
20261001_200925 DOMAIN: hr
20261001_200925 SUB_DOMAIN: payroll
20261001_200925 USER_NAME: hr_user1
20261001_200925 TABLE_NAME: job_bonus_process
20261001_200925 EXEC_SCOPE: DEV

20261001_200925 ## Derived Variable Values:
20261001_200925 STARTTIME: 200925
20261001_200925 LOGDATE: 20261001_200925
20261001_200925 JOB=job_bonus_process

20261001_200925 ###############################################################
20261001_200925 ### RUNNING BONUS PROCESS SCRIPT
20261001_200925 ###############################################################

20261001_200925 ## Checking if script exists
20261001_200925 Script File: /scripts/hr/payroll/job_bonus_process/job_bonus_process.sql
20261001_200925 File exists...

20261001_200925 ## Running script
20261001_200925  *** Logon successfully completed.
  *** Total elapsed time was 2 seconds.
  *** Analysis completed with no issues.
  *** Script execution successful.
  *** RC (return code) = 0
20261001_201019
20261001_201019
Execution Return Code: 0
20261001_201019
-----------
JOB SUCCESS
-----------
Start Time: 200925, End Time: 201019