HR PAYROLL JOB LOG 20260924_015622
----------------------
20260924_015622 ## Passed Parameter Values:
20260924_015622 DOMAIN: hr
20260924_015622 SUB_DOMAIN: payroll
20260924_015622 USER_NAME: recruiter1
20260924_015622 TABLE_NAME: job_bonus_process
20260924_015622 EXEC_SCOPE: DEV

20260924_015622 ## Derived Variable Values:
20260924_015622 STARTTIME: 015622
20260924_015622 LOGDATE: 20260924_015622
20260924_015622 JOB=job_bonus_process

20260924_015622 ###############################################################
20260924_015622 ### RUNNING BONUS PROCESS SCRIPT
20260924_015622 ###############################################################

20260924_015622 ## Checking if script exists
20260924_015622 Script File: /scripts/hr/payroll/job_bonus_process/job_bonus_process.sql
20260924_015622 File exists...

20260924_015622 ## Running script
20260924_015622  *** Logon successfully completed.
  *** Total elapsed time was 3 seconds.
  *** Script executed successfully.
  *** Script execution successful.
  *** RC (return code) = 0
20260924_015722
20260924_015722
Execution Return Code: 0
20260924_015722
-----------
JOB SUCCESS
-----------
Start Time: 015622, End Time: 015722