HR PAYROLL JOB LOG 20260913_025702
----------------------
20260913_025702 ## Passed Parameter Values:
20260913_025702 DOMAIN: hr
20260913_025702 SUB_DOMAIN: payroll
20260913_025702 USER_NAME: payroll_admin
20260913_025702 TABLE_NAME: job_bonus_process
20260913_025702 EXEC_SCOPE: TEST

20260913_025702 ## Derived Variable Values:
20260913_025702 STARTTIME: 025702
20260913_025702 LOGDATE: 20260913_025702
20260913_025702 JOB=job_bonus_process

20260913_025702 ###############################################################
20260913_025702 ### RUNNING BONUS PROCESS SCRIPT
20260913_025702 ###############################################################

20260913_025702 ## Checking if script exists
20260913_025702 Script File: /scripts/hr/payroll/job_bonus_process/job_bonus_process.sql
20260913_025702 File exists...

20260913_025702 ## Running script
20260913_025702  *** Logon successfully completed.
  *** Total elapsed time was 2 seconds.
  *** Data extraction and transformation successful.
  *** Script execution successful.
  *** RC (return code) = 0
20260913_025726
20260913_025726
Execution Return Code: 0
20260913_025726
-----------
JOB SUCCESS
-----------
Start Time: 025702, End Time: 025726