MARKETING CAMPAIGNS JOB LOG 20260908_022503
----------------------
20260908_022503 ## Passed Parameter Values:
20260908_022503 DOMAIN: marketing
20260908_022503 SUB_DOMAIN: campaigns
20260908_022503 USER_NAME: marketing_user1
20260908_022503 TABLE_NAME: job_email_blast
20260908_022503 EXEC_SCOPE: UAT

20260908_022503 ## Derived Variable Values:
20260908_022503 STARTTIME: 022503
20260908_022503 LOGDATE: 20260908_022503
20260908_022503 JOB=job_email_blast

20260908_022503 ###############################################################
20260908_022503 ### RUNNING EMAIL BLAST SCRIPT
20260908_022503 ###############################################################

20260908_022503 ## Checking if script exists
20260908_022503 Script File: /scripts/marketing/campaigns/job_email_blast/job_email_blast.sql
20260908_022503 File exists...

20260908_022503 ## Running script
20260908_022503  *** Logon successfully completed.
  *** Total elapsed time was 4 seconds.
  *** Report generated successfully.
  *** Script execution successful.
  *** RC (return code) = 0
20260908_022525
20260908_022525
Execution Return Code: 0
20260908_022525
-----------
JOB SUCCESS
-----------
Start Time: 022503, End Time: 022525