MARKETING CAMPAIGNS JOB LOG 20260917_104959
----------------------
20260917_104959 ## Passed Parameter Values:
20260917_104959 DOMAIN: marketing
20260917_104959 SUB_DOMAIN: campaigns
20260917_104959 USER_NAME: campaign_manager
20260917_104959 TABLE_NAME: job_email_blast
20260917_104959 EXEC_SCOPE: DEV

20260917_104959 ## Derived Variable Values:
20260917_104959 STARTTIME: 104959
20260917_104959 LOGDATE: 20260917_104959
20260917_104959 JOB=job_email_blast

20260917_104959 ###############################################################
20260917_104959 ### RUNNING EMAIL BLAST SCRIPT
20260917_104959 ###############################################################

20260917_104959 ## Checking if script exists
20260917_104959 Script File: /scripts/marketing/campaigns/job_email_blast/job_email_blast.sql
20260917_104959 File exists...

20260917_104959 ## Running script
20260917_104959  *** Logon successfully completed.
  *** Total elapsed time was 3 seconds.
  *** Script executed successfully.
  *** Script execution successful.
  *** RC (return code) = 0
20260917_105030
20260917_105030
Execution Return Code: 0
20260917_105030
-----------
JOB SUCCESS
-----------
Start Time: 104959, End Time: 105030