MARKETING CAMPAIGNS JOB LOG 20260726_030551
----------------------
20260726_030551 ## Passed Parameter Values:
20260726_030551 DOMAIN: marketing
20260726_030551 SUB_DOMAIN: campaigns
20260726_030551 USER_NAME: campaign_manager
20260726_030551 TABLE_NAME: job_email_blast
20260726_030551 EXEC_SCOPE: PROD

20260726_030551 ## Derived Variable Values:
20260726_030551 STARTTIME: 030551
20260726_030551 LOGDATE: 20260726_030551
20260726_030551 JOB=job_email_blast

20260726_030551 ###############################################################
20260726_030551 ### RUNNING EMAIL BLAST SCRIPT
20260726_030551 ###############################################################

20260726_030551 ## Checking if script exists
20260726_030551 Script File: /scripts/marketing/campaigns/job_email_blast/job_email_blast.sql
20260726_030551 File exists...

20260726_030551 ## Running script
20260726_030551  *** Logon successfully completed.
  *** Total elapsed time was 5 seconds.
  *** Report generated successfully.
  *** Script execution successful.
  *** RC (return code) = 0
20260726_030557
20260726_030557
Execution Return Code: 0
20260726_030557
-----------
JOB SUCCESS
-----------
Start Time: 030551, End Time: 030557