MARKETING CAMPAIGNS JOB LOG 20260922_180035
----------------------
20260922_180035 ## Passed Parameter Values:
20260922_180035 DOMAIN: marketing
20260922_180035 SUB_DOMAIN: campaigns
20260922_180035 USER_NAME: analyst1
20260922_180035 TABLE_NAME: job_email_blast
20260922_180035 EXEC_SCOPE: UAT

20260922_180035 ## Derived Variable Values:
20260922_180035 STARTTIME: 180035
20260922_180035 LOGDATE: 20260922_180035
20260922_180035 JOB=job_email_blast

20260922_180035 ###############################################################
20260922_180035 ### RUNNING EMAIL BLAST SCRIPT
20260922_180035 ###############################################################

20260922_180035 ## Checking if script exists
20260922_180035 Script File: /scripts/marketing/campaigns/job_email_blast/job_email_blast.sql
20260922_180035 File exists...

20260922_180035 ## Running script
20260922_180035  *** Logon successfully completed.
  *** Total elapsed time was 4 seconds.
  *** Error: Performance warning: Query execution exceeded threshold.
  *** Script execution failed.
  *** RC (return code) = 1
20260922_180107
20260922_180107
Execution Return Code: 1
20260922_180107
---------
JOB ERROR
---------
Start Time: 180035, End Time: 180107