MARKETING CAMPAIGNS JOB LOG 20261008_024945
----------------------
20261008_024945 ## Passed Parameter Values:
20261008_024945 DOMAIN: marketing
20261008_024945 SUB_DOMAIN: campaigns
20261008_024945 USER_NAME: analyst1
20261008_024945 TABLE_NAME: job_email_blast
20261008_024945 EXEC_SCOPE: PROD

20261008_024945 ## Derived Variable Values:
20261008_024945 STARTTIME: 024945
20261008_024945 LOGDATE: 20261008_024945
20261008_024945 JOB=job_email_blast

20261008_024945 ###############################################################
20261008_024945 ### RUNNING EMAIL BLAST SCRIPT
20261008_024945 ###############################################################

20261008_024945 ## Checking if script exists
20261008_024945 Script File: /scripts/marketing/campaigns/job_email_blast/job_email_blast.sql
20261008_024945 File exists...

20261008_024945 ## Running script
20261008_024945  *** Logon successfully completed.
  *** Total elapsed time was 1 second.
  *** All data processed without errors.
  *** Script execution successful.
  *** RC (return code) = 0
20261008_025035
20261008_025035
Execution Return Code: 0
20261008_025035
-----------
JOB SUCCESS
-----------
Start Time: 024945, End Time: 025035