MARKETING CAMPAIGNS JOB LOG 20260804_192430
----------------------
20260804_192430 ## Passed Parameter Values:
20260804_192430 DOMAIN: marketing
20260804_192430 SUB_DOMAIN: campaigns
20260804_192430 USER_NAME: marketing_user1
20260804_192430 TABLE_NAME: job_email_blast
20260804_192430 EXEC_SCOPE: PROD

20260804_192430 ## Derived Variable Values:
20260804_192430 STARTTIME: 192430
20260804_192430 LOGDATE: 20260804_192430
20260804_192430 JOB=job_email_blast

20260804_192430 ###############################################################
20260804_192430 ### RUNNING EMAIL BLAST SCRIPT
20260804_192430 ###############################################################

20260804_192430 ## Checking if script exists
20260804_192430 Script File: /scripts/marketing/campaigns/job_email_blast/job_email_blast.sql
20260804_192430 File exists...

20260804_192430 ## Running script
20260804_192430  *** Logon successfully completed.
  *** Total elapsed time was 3 seconds.
  *** Error: Email blast failed: SMTP server connection error.
  *** Script execution failed.
  *** RC (return code) = 2
20260804_192443
20260804_192443
Execution Return Code: 2
20260804_192443
---------
JOB ERROR
---------
Start Time: 192430, End Time: 192443