MARKETING CAMPAIGNS JOB LOG 20260818_202340
----------------------
20260818_202340 ## Passed Parameter Values:
20260818_202340 DOMAIN: marketing
20260818_202340 SUB_DOMAIN: campaigns
20260818_202340 USER_NAME: analyst1
20260818_202340 TABLE_NAME: job_email_blast
20260818_202340 EXEC_SCOPE: PROD

20260818_202340 ## Derived Variable Values:
20260818_202340 STARTTIME: 202340
20260818_202340 LOGDATE: 20260818_202340
20260818_202340 JOB=job_email_blast

20260818_202340 ###############################################################
20260818_202340 ### RUNNING EMAIL BLAST SCRIPT
20260818_202340 ###############################################################

20260818_202340 ## Checking if script exists
20260818_202340 Script File: /scripts/marketing/campaigns/job_email_blast/job_email_blast.sql
20260818_202340 File exists...

20260818_202340 ## Running script
20260818_202340  *** Logon successfully completed.
  *** Total elapsed time was 3 seconds.
  *** Error: Performance warning: Query execution exceeded threshold.
  *** Script execution failed.
  *** RC (return code) = 1
20260818_202434
20260818_202434
Execution Return Code: 1
20260818_202434
---------
JOB ERROR
---------
Start Time: 202340, End Time: 202434