MARKETING CAMPAIGNS JOB LOG 20260806_000709
----------------------
20260806_000709 ## Passed Parameter Values:
20260806_000709 DOMAIN: marketing
20260806_000709 SUB_DOMAIN: campaigns
20260806_000709 USER_NAME: marketing_user1
20260806_000709 TABLE_NAME: job_email_blast
20260806_000709 EXEC_SCOPE: TEST

20260806_000709 ## Derived Variable Values:
20260806_000709 STARTTIME: 000709
20260806_000709 LOGDATE: 20260806_000709
20260806_000709 JOB=job_email_blast

20260806_000709 ###############################################################
20260806_000709 ### RUNNING EMAIL BLAST SCRIPT
20260806_000709 ###############################################################

20260806_000709 ## Checking if script exists
20260806_000709 Script File: /scripts/marketing/campaigns/job_email_blast/job_email_blast.sql
20260806_000709 File exists...

20260806_000709 ## Running script
20260806_000709  *** Logon successfully completed.
  *** Total elapsed time was 5 seconds.
  *** Report generated successfully.
  *** Script execution successful.
  *** RC (return code) = 0
20260806_000715
20260806_000715
Execution Return Code: 0
20260806_000715
-----------
JOB SUCCESS
-----------
Start Time: 000709, End Time: 000715