MARKETING CAMPAIGNS JOB LOG 20260903_214053
----------------------
20260903_214053 ## Passed Parameter Values:
20260903_214053 DOMAIN: marketing
20260903_214053 SUB_DOMAIN: campaigns
20260903_214053 USER_NAME: marketing_user1
20260903_214053 TABLE_NAME: job_email_blast
20260903_214053 EXEC_SCOPE: DEV

20260903_214053 ## Derived Variable Values:
20260903_214053 STARTTIME: 214053
20260903_214053 LOGDATE: 20260903_214053
20260903_214053 JOB=job_email_blast

20260903_214053 ###############################################################
20260903_214053 ### RUNNING EMAIL BLAST SCRIPT
20260903_214053 ###############################################################

20260903_214053 ## Checking if script exists
20260903_214053 Script File: /scripts/marketing/campaigns/job_email_blast/job_email_blast.sql
20260903_214053 File exists...

20260903_214053 ## Running script
20260903_214053  *** Logon successfully completed.
  *** Total elapsed time was 1 second.
  *** Data extraction and transformation successful.
  *** Script execution successful.
  *** RC (return code) = 0
20260903_214145
20260903_214145
Execution Return Code: 0
20260903_214145
-----------
JOB SUCCESS
-----------
Start Time: 214053, End Time: 214145