MARKETING CAMPAIGNS JOB LOG 20260802_172355
----------------------
20260802_172355 ## Passed Parameter Values:
20260802_172355 DOMAIN: marketing
20260802_172355 SUB_DOMAIN: campaigns
20260802_172355 USER_NAME: marketing_user1
20260802_172355 TABLE_NAME: job_email_blast
20260802_172355 EXEC_SCOPE: DEV

20260802_172355 ## Derived Variable Values:
20260802_172355 STARTTIME: 172355
20260802_172355 LOGDATE: 20260802_172355
20260802_172355 JOB=job_email_blast

20260802_172355 ###############################################################
20260802_172355 ### RUNNING EMAIL BLAST SCRIPT
20260802_172355 ###############################################################

20260802_172355 ## Checking if script exists
20260802_172355 Script File: /scripts/marketing/campaigns/job_email_blast/job_email_blast.sql
20260802_172355 File exists...

20260802_172355 ## Running script
20260802_172355  *** Logon successfully completed.
  *** Total elapsed time was 2 seconds.
  *** Report generated successfully.
  *** Script execution successful.
  *** RC (return code) = 0
20260802_172409
20260802_172409
Execution Return Code: 0
20260802_172409
-----------
JOB SUCCESS
-----------
Start Time: 172355, End Time: 172409