MARKETING CAMPAIGNS JOB LOG 20260920_110405
----------------------
20260920_110405 ## Passed Parameter Values:
20260920_110405 DOMAIN: marketing
20260920_110405 SUB_DOMAIN: campaigns
20260920_110405 USER_NAME: campaign_manager
20260920_110405 TABLE_NAME: job_email_blast
20260920_110405 EXEC_SCOPE: PROD

20260920_110405 ## Derived Variable Values:
20260920_110405 STARTTIME: 110405
20260920_110405 LOGDATE: 20260920_110405
20260920_110405 JOB=job_email_blast

20260920_110405 ###############################################################
20260920_110405 ### RUNNING EMAIL BLAST SCRIPT
20260920_110405 ###############################################################

20260920_110405 ## Checking if script exists
20260920_110405 Script File: /scripts/marketing/campaigns/job_email_blast/job_email_blast.sql
20260920_110405 File exists...

20260920_110405 ## Running script
20260920_110405  *** Logon successfully completed.
  *** Total elapsed time was 1 second.
  *** All data processed without errors.
  *** Script execution successful.
  *** RC (return code) = 0
20260920_110437
20260920_110437
Execution Return Code: 0
20260920_110437
-----------
JOB SUCCESS
-----------
Start Time: 110405, End Time: 110437