MARKETING CAMPAIGNS JOB LOG 20261004_005950
----------------------
20261004_005950 ## Passed Parameter Values:
20261004_005950 DOMAIN: marketing
20261004_005950 SUB_DOMAIN: campaigns
20261004_005950 USER_NAME: marketing_user1
20261004_005950 TABLE_NAME: job_email_blast
20261004_005950 EXEC_SCOPE: UAT

20261004_005950 ## Derived Variable Values:
20261004_005950 STARTTIME: 005950
20261004_005950 LOGDATE: 20261004_005950
20261004_005950 JOB=job_email_blast

20261004_005950 ###############################################################
20261004_005950 ### RUNNING EMAIL BLAST SCRIPT
20261004_005950 ###############################################################

20261004_005950 ## Checking if script exists
20261004_005950 Script File: /scripts/marketing/campaigns/job_email_blast/job_email_blast.sql
20261004_005950 File exists...

20261004_005950 ## Running script
20261004_005950  *** Logon successfully completed.
  *** Total elapsed time was 2 seconds.
  *** Script executed successfully.
  *** Script execution successful.
  *** RC (return code) = 0
20261004_010026
20261004_010026
Execution Return Code: 0
20261004_010026
-----------
JOB SUCCESS
-----------
Start Time: 005950, End Time: 010026