MARKETING CAMPAIGNS JOB LOG 20260929_080808
----------------------
20260929_080808 ## Passed Parameter Values:
20260929_080808 DOMAIN: marketing
20260929_080808 SUB_DOMAIN: campaigns
20260929_080808 USER_NAME: marketing_user1
20260929_080808 TABLE_NAME: job_email_blast
20260929_080808 EXEC_SCOPE: TEST

20260929_080808 ## Derived Variable Values:
20260929_080808 STARTTIME: 080808
20260929_080808 LOGDATE: 20260929_080808
20260929_080808 JOB=job_email_blast

20260929_080808 ###############################################################
20260929_080808 ### RUNNING EMAIL BLAST SCRIPT
20260929_080808 ###############################################################

20260929_080808 ## Checking if script exists
20260929_080808 Script File: /scripts/marketing/campaigns/job_email_blast/job_email_blast.sql
20260929_080808 File exists...

20260929_080808 ## Running script
20260929_080808  *** Logon successfully completed.
  *** Total elapsed time was 2 seconds.
  *** Report generated successfully.
  *** Script execution successful.
  *** RC (return code) = 0
20260929_080821
20260929_080821
Execution Return Code: 0
20260929_080821
-----------
JOB SUCCESS
-----------
Start Time: 080808, End Time: 080821