MARKETING CAMPAIGNS JOB LOG 20260901_020354
----------------------
20260901_020354 ## Passed Parameter Values:
20260901_020354 DOMAIN: marketing
20260901_020354 SUB_DOMAIN: campaigns
20260901_020354 USER_NAME: campaign_manager
20260901_020354 TABLE_NAME: job_email_blast
20260901_020354 EXEC_SCOPE: PROD

20260901_020354 ## Derived Variable Values:
20260901_020354 STARTTIME: 020354
20260901_020354 LOGDATE: 20260901_020354
20260901_020354 JOB=job_email_blast

20260901_020354 ###############################################################
20260901_020354 ### RUNNING EMAIL BLAST SCRIPT
20260901_020354 ###############################################################

20260901_020354 ## Checking if script exists
20260901_020354 Script File: /scripts/marketing/campaigns/job_email_blast/job_email_blast.sql
20260901_020354 File exists...

20260901_020354 ## Running script
20260901_020354  *** Logon successfully completed.
  *** Total elapsed time was 3 seconds.
  *** Error: Email blast failed: SMTP server connection error.
  *** Script execution failed.
  *** RC (return code) = 4
20260901_020440
20260901_020440
Execution Return Code: 4
20260901_020440
---------
JOB ERROR
---------
Start Time: 020354, End Time: 020440