MARKETING CAMPAIGNS JOB LOG 20260830_114839
----------------------
20260830_114839 ## Passed Parameter Values:
20260830_114839 DOMAIN: marketing
20260830_114839 SUB_DOMAIN: campaigns
20260830_114839 USER_NAME: campaign_manager
20260830_114839 TABLE_NAME: job_email_blast
20260830_114839 EXEC_SCOPE: TEST

20260830_114839 ## Derived Variable Values:
20260830_114839 STARTTIME: 114839
20260830_114839 LOGDATE: 20260830_114839
20260830_114839 JOB=job_email_blast

20260830_114839 ###############################################################
20260830_114839 ### RUNNING EMAIL BLAST SCRIPT
20260830_114839 ###############################################################

20260830_114839 ## Checking if script exists
20260830_114839 Script File: /scripts/marketing/campaigns/job_email_blast/job_email_blast.sql
20260830_114839 File exists...

20260830_114839 ## Running script
20260830_114839  *** Logon successfully completed.
  *** Total elapsed time was 2 seconds.
  *** Error: Email blast failed: SMTP server connection error.
  *** Script execution failed.
  *** RC (return code) = 4
20260830_114927
20260830_114927
Execution Return Code: 4
20260830_114927
---------
JOB ERROR
---------
Start Time: 114839, End Time: 114927