MARKETING CAMPAIGNS JOB LOG 20260813_173732
----------------------
20260813_173732 ## Passed Parameter Values:
20260813_173732 DOMAIN: marketing
20260813_173732 SUB_DOMAIN: campaigns
20260813_173732 USER_NAME: analyst1
20260813_173732 TABLE_NAME: job_email_blast
20260813_173732 EXEC_SCOPE: DEV

20260813_173732 ## Derived Variable Values:
20260813_173732 STARTTIME: 173732
20260813_173732 LOGDATE: 20260813_173732
20260813_173732 JOB=job_email_blast

20260813_173732 ###############################################################
20260813_173732 ### RUNNING EMAIL BLAST SCRIPT
20260813_173732 ###############################################################

20260813_173732 ## Checking if script exists
20260813_173732 Script File: /scripts/marketing/campaigns/job_email_blast/job_email_blast.sql
20260813_173732 File exists...

20260813_173732 ## Running script
20260813_173732  *** Logon successfully completed.
  *** Total elapsed time was 3 seconds.
  *** Report generated successfully.
  *** Script execution successful.
  *** RC (return code) = 0
20260813_173752
20260813_173752
Execution Return Code: 0
20260813_173752
-----------
JOB SUCCESS
-----------
Start Time: 173732, End Time: 173752