MARKETING CAMPAIGNS JOB LOG 20260816_180745
----------------------
20260816_180745 ## Passed Parameter Values:
20260816_180745 DOMAIN: marketing
20260816_180745 SUB_DOMAIN: campaigns
20260816_180745 USER_NAME: analyst1
20260816_180745 TABLE_NAME: job_email_blast
20260816_180745 EXEC_SCOPE: PROD

20260816_180745 ## Derived Variable Values:
20260816_180745 STARTTIME: 180745
20260816_180745 LOGDATE: 20260816_180745
20260816_180745 JOB=job_email_blast

20260816_180745 ###############################################################
20260816_180745 ### RUNNING EMAIL BLAST SCRIPT
20260816_180745 ###############################################################

20260816_180745 ## Checking if script exists
20260816_180745 Script File: /scripts/marketing/campaigns/job_email_blast/job_email_blast.sql
20260816_180745 File exists...

20260816_180745 ## Running script
20260816_180745  *** Logon successfully completed.
  *** Total elapsed time was 3 seconds.
  *** All data processed without errors.
  *** Script execution successful.
  *** RC (return code) = 0
20260816_180837
20260816_180837
Execution Return Code: 0
20260816_180837
-----------
JOB SUCCESS
-----------
Start Time: 180745, End Time: 180837