MARKETING CAMPAIGNS JOB LOG 20260915_054457
----------------------
20260915_054457 ## Passed Parameter Values:
20260915_054457 DOMAIN: marketing
20260915_054457 SUB_DOMAIN: campaigns
20260915_054457 USER_NAME: marketing_user1
20260915_054457 TABLE_NAME: job_email_blast
20260915_054457 EXEC_SCOPE: UAT

20260915_054457 ## Derived Variable Values:
20260915_054457 STARTTIME: 054457
20260915_054457 LOGDATE: 20260915_054457
20260915_054457 JOB=job_email_blast

20260915_054457 ###############################################################
20260915_054457 ### RUNNING EMAIL BLAST SCRIPT
20260915_054457 ###############################################################

20260915_054457 ## Checking if script exists
20260915_054457 Script File: /scripts/marketing/campaigns/job_email_blast/job_email_blast.sql
20260915_054457 File exists...

20260915_054457 ## Running script
20260915_054457  *** Logon successfully completed.
  *** Total elapsed time was 2 seconds.
  *** Error: CRM update failed: API authentication error.
  *** Script execution failed.
  *** RC (return code) = 4
20260915_054505
20260915_054505
Execution Return Code: 4
20260915_054505
---------
JOB ERROR
---------
Start Time: 054457, End Time: 054505