MARKETING CAMPAIGNS JOB LOG 20260827_082509
----------------------
20260827_082509 ## Passed Parameter Values:
20260827_082509 DOMAIN: marketing
20260827_082509 SUB_DOMAIN: campaigns
20260827_082509 USER_NAME: analyst1
20260827_082509 TABLE_NAME: job_email_blast
20260827_082509 EXEC_SCOPE: TEST

20260827_082509 ## Derived Variable Values:
20260827_082509 STARTTIME: 082509
20260827_082509 LOGDATE: 20260827_082509
20260827_082509 JOB=job_email_blast

20260827_082509 ###############################################################
20260827_082509 ### RUNNING EMAIL BLAST SCRIPT
20260827_082509 ###############################################################

20260827_082509 ## Checking if script exists
20260827_082509 Script File: /scripts/marketing/campaigns/job_email_blast/job_email_blast.sql
20260827_082509 File exists...

20260827_082509 ## Running script
20260827_082509  *** Logon successfully completed.
  *** Total elapsed time was 5 seconds.
  *** All data processed without errors.
  *** Script execution successful.
  *** RC (return code) = 0
20260827_082606
20260827_082606
Execution Return Code: 0
20260827_082606
-----------
JOB SUCCESS
-----------
Start Time: 082509, End Time: 082606