MARKETING CAMPAIGNS JOB LOG 20260927_221211
----------------------
20260927_221211 ## Passed Parameter Values:
20260927_221211 DOMAIN: marketing
20260927_221211 SUB_DOMAIN: campaigns
20260927_221211 USER_NAME: campaign_manager
20260927_221211 TABLE_NAME: job_email_blast
20260927_221211 EXEC_SCOPE: UAT

20260927_221211 ## Derived Variable Values:
20260927_221211 STARTTIME: 221211
20260927_221211 LOGDATE: 20260927_221211
20260927_221211 JOB=job_email_blast

20260927_221211 ###############################################################
20260927_221211 ### RUNNING EMAIL BLAST SCRIPT
20260927_221211 ###############################################################

20260927_221211 ## Checking if script exists
20260927_221211 Script File: /scripts/marketing/campaigns/job_email_blast/job_email_blast.sql
20260927_221211 File exists...

20260927_221211 ## Running script
20260927_221211  *** Logon successfully completed.
  *** Total elapsed time was 4 seconds.
  *** Script executed successfully.
  *** Script execution successful.
  *** RC (return code) = 0
20260927_221245
20260927_221245
Execution Return Code: 0
20260927_221245
-----------
JOB SUCCESS
-----------
Start Time: 221211, End Time: 221245