MARKETING CAMPAIGNS JOB LOG 20260823_150203
----------------------
20260823_150203 ## Passed Parameter Values:
20260823_150203 DOMAIN: marketing
20260823_150203 SUB_DOMAIN: campaigns
20260823_150203 USER_NAME: campaign_manager
20260823_150203 TABLE_NAME: job_email_blast
20260823_150203 EXEC_SCOPE: PROD

20260823_150203 ## Derived Variable Values:
20260823_150203 STARTTIME: 150203
20260823_150203 LOGDATE: 20260823_150203
20260823_150203 JOB=job_email_blast

20260823_150203 ###############################################################
20260823_150203 ### RUNNING EMAIL BLAST SCRIPT
20260823_150203 ###############################################################

20260823_150203 ## Checking if script exists
20260823_150203 Script File: /scripts/marketing/campaigns/job_email_blast/job_email_blast.sql
20260823_150203 File exists...

20260823_150203 ## Running script
20260823_150203  *** Logon successfully completed.
  *** Total elapsed time was 1 second.
  *** Error: Email blast failed: SMTP server connection error.
  *** Script execution failed.
  *** RC (return code) = 4
20260823_150221
20260823_150221
Execution Return Code: 4
20260823_150221
---------
JOB ERROR
---------
Start Time: 150203, End Time: 150221