FINANCE BILLING JOB LOG 20260820_042252
----------------------
20260820_042252 ## Passed Parameter Values:
20260820_042252 DOMAIN: finance
20260820_042252 SUB_DOMAIN: billing
20260820_042252 USER_NAME: accountant1
20260820_042252 TABLE_NAME: job_payment_proc
20260820_042252 EXEC_SCOPE: PROD

20260820_042252 ## Derived Variable Values:
20260820_042252 STARTTIME: 042252
20260820_042252 LOGDATE: 20260820_042252
20260820_042252 JOB=job_payment_proc

20260820_042252 ###############################################################
20260820_042252 ### RUNNING PAYMENT PROC SCRIPT
20260820_042252 ###############################################################

20260820_042252 ## Checking if script exists
20260820_042252 Script File: /scripts/finance/billing/job_payment_proc/job_payment_proc.sql
20260820_042252 File exists...

20260820_042252 ## Running script
20260820_042252  *** Logon successfully completed.
  *** Total elapsed time was 3 seconds.
  *** Data extraction and transformation successful.
  *** Script execution successful.
  *** RC (return code) = 0
20260820_042332
20260820_042332
Execution Return Code: 0
20260820_042332
-----------
JOB SUCCESS
-----------
Start Time: 042252, End Time: 042332