FINANCE BILLING JOB LOG 20260901_200351
----------------------
20260901_200351 ## Passed Parameter Values:
20260901_200351 DOMAIN: finance
20260901_200351 SUB_DOMAIN: billing
20260901_200351 USER_NAME: finance_user1
20260901_200351 TABLE_NAME: job_payment_proc
20260901_200351 EXEC_SCOPE: DEV

20260901_200351 ## Derived Variable Values:
20260901_200351 STARTTIME: 200351
20260901_200351 LOGDATE: 20260901_200351
20260901_200351 JOB=job_payment_proc

20260901_200351 ###############################################################
20260901_200351 ### RUNNING PAYMENT PROC SCRIPT
20260901_200351 ###############################################################

20260901_200351 ## Checking if script exists
20260901_200351 Script File: /scripts/finance/billing/job_payment_proc/job_payment_proc.sql
20260901_200351 File exists...

20260901_200351 ## Running script
20260901_200351  *** Logon successfully completed.
  *** Total elapsed time was 3 seconds.
  *** All data processed without errors.
  *** Script execution successful.
  *** RC (return code) = 0
20260901_200408
20260901_200408
Execution Return Code: 0
20260901_200408
-----------
JOB SUCCESS
-----------
Start Time: 200351, End Time: 200408