FINANCE BILLING JOB LOG 20260827_084312
----------------------
20260827_084312 ## Passed Parameter Values:
20260827_084312 DOMAIN: finance
20260827_084312 SUB_DOMAIN: billing
20260827_084312 USER_NAME: finance_user1
20260827_084312 TABLE_NAME: job_payment_proc
20260827_084312 EXEC_SCOPE: UAT

20260827_084312 ## Derived Variable Values:
20260827_084312 STARTTIME: 084312
20260827_084312 LOGDATE: 20260827_084312
20260827_084312 JOB=job_payment_proc

20260827_084312 ###############################################################
20260827_084312 ### RUNNING PAYMENT PROC SCRIPT
20260827_084312 ###############################################################

20260827_084312 ## Checking if script exists
20260827_084312 Script File: /scripts/finance/billing/job_payment_proc/job_payment_proc.sql
20260827_084312 File exists...

20260827_084312 ## Running script
20260827_084312  *** Logon successfully completed.
  *** Total elapsed time was 1 second.
  *** Script executed successfully.
  *** Script execution successful.
  *** RC (return code) = 0
20260827_084348
20260827_084348
Execution Return Code: 0
20260827_084348
-----------
JOB SUCCESS
-----------
Start Time: 084312, End Time: 084348