FINANCE BILLING JOB LOG 20260806_221742
----------------------
20260806_221742 ## Passed Parameter Values:
20260806_221742 DOMAIN: finance
20260806_221742 SUB_DOMAIN: billing
20260806_221742 USER_NAME: finance_user1
20260806_221742 TABLE_NAME: job_payment_proc
20260806_221742 EXEC_SCOPE: PROD

20260806_221742 ## Derived Variable Values:
20260806_221742 STARTTIME: 221742
20260806_221742 LOGDATE: 20260806_221742
20260806_221742 JOB=job_payment_proc

20260806_221742 ###############################################################
20260806_221742 ### RUNNING PAYMENT PROC SCRIPT
20260806_221742 ###############################################################

20260806_221742 ## Checking if script exists
20260806_221742 Script File: /scripts/finance/billing/job_payment_proc/job_payment_proc.sql
20260806_221742 File exists...

20260806_221742 ## Running script
20260806_221742  *** Logon successfully completed.
  *** Total elapsed time was 2 seconds.
  *** Script executed successfully.
  *** Script execution successful.
  *** RC (return code) = 0
20260806_221833
20260806_221833
Execution Return Code: 0
20260806_221833
-----------
JOB SUCCESS
-----------
Start Time: 221742, End Time: 221833