FINANCE BILLING JOB LOG 20261011_170423
----------------------
20261011_170423 ## Passed Parameter Values:
20261011_170423 DOMAIN: finance
20261011_170423 SUB_DOMAIN: billing
20261011_170423 USER_NAME: finance_admin
20261011_170423 TABLE_NAME: job_payment_proc
20261011_170423 EXEC_SCOPE: TEST

20261011_170423 ## Derived Variable Values:
20261011_170423 STARTTIME: 170423
20261011_170423 LOGDATE: 20261011_170423
20261011_170423 JOB=job_payment_proc

20261011_170423 ###############################################################
20261011_170423 ### RUNNING PAYMENT PROC SCRIPT
20261011_170423 ###############################################################

20261011_170423 ## Checking if script exists
20261011_170423 Script File: /scripts/finance/billing/job_payment_proc/job_payment_proc.sql
20261011_170423 File exists...

20261011_170423 ## Running script
20261011_170423  *** Logon successfully completed.
  *** Total elapsed time was 5 seconds.
  *** All data processed without errors.
  *** Script execution successful.
  *** RC (return code) = 0
20261011_170458
20261011_170458
Execution Return Code: 0
20261011_170458
-----------
JOB SUCCESS
-----------
Start Time: 170423, End Time: 170458