FINANCE BILLING JOB LOG 20260825_163824
----------------------
20260825_163824 ## Passed Parameter Values:
20260825_163824 DOMAIN: finance
20260825_163824 SUB_DOMAIN: billing
20260825_163824 USER_NAME: finance_user1
20260825_163824 TABLE_NAME: job_payment_proc
20260825_163824 EXEC_SCOPE: TEST

20260825_163824 ## Derived Variable Values:
20260825_163824 STARTTIME: 163824
20260825_163824 LOGDATE: 20260825_163824
20260825_163824 JOB=job_payment_proc

20260825_163824 ###############################################################
20260825_163824 ### RUNNING PAYMENT PROC SCRIPT
20260825_163824 ###############################################################

20260825_163824 ## Checking if script exists
20260825_163824 Script File: /scripts/finance/billing/job_payment_proc/job_payment_proc.sql
20260825_163824 File exists...

20260825_163824 ## Running script
20260825_163824  *** Logon successfully completed.
  *** Total elapsed time was 1 second.
  *** Error: Invoice generation failed: Invalid customer account.
  *** Script execution failed.
  *** RC (return code) = 4
20260825_163902
20260825_163902
Execution Return Code: 4
20260825_163902
---------
JOB ERROR
---------
Start Time: 163824, End Time: 163902