FINANCE BILLING JOB LOG 20260929_072033
----------------------
20260929_072033 ## Passed Parameter Values:
20260929_072033 DOMAIN: finance
20260929_072033 SUB_DOMAIN: billing
20260929_072033 USER_NAME: finance_admin
20260929_072033 TABLE_NAME: job_payment_proc
20260929_072033 EXEC_SCOPE: UAT

20260929_072033 ## Derived Variable Values:
20260929_072033 STARTTIME: 072033
20260929_072033 LOGDATE: 20260929_072033
20260929_072033 JOB=job_payment_proc

20260929_072033 ###############################################################
20260929_072033 ### RUNNING PAYMENT PROC SCRIPT
20260929_072033 ###############################################################

20260929_072033 ## Checking if script exists
20260929_072033 Script File: /scripts/finance/billing/job_payment_proc/job_payment_proc.sql
20260929_072033 File exists...

20260929_072033 ## Running script
20260929_072033  *** Logon successfully completed.
  *** Total elapsed time was 3 seconds.
  *** Script executed successfully.
  *** Script execution successful.
  *** RC (return code) = 0
20260929_072124
20260929_072124
Execution Return Code: 0
20260929_072124
-----------
JOB SUCCESS
-----------
Start Time: 072033, End Time: 072124