FINANCE BILLING JOB LOG 20260910_075454
----------------------
20260910_075454 ## Passed Parameter Values:
20260910_075454 DOMAIN: finance
20260910_075454 SUB_DOMAIN: billing
20260910_075454 USER_NAME: finance_admin
20260910_075454 TABLE_NAME: job_payment_proc
20260910_075454 EXEC_SCOPE: TEST

20260910_075454 ## Derived Variable Values:
20260910_075454 STARTTIME: 075454
20260910_075454 LOGDATE: 20260910_075454
20260910_075454 JOB=job_payment_proc

20260910_075454 ###############################################################
20260910_075454 ### RUNNING PAYMENT PROC SCRIPT
20260910_075454 ###############################################################

20260910_075454 ## Checking if script exists
20260910_075454 Script File: /scripts/finance/billing/job_payment_proc/job_payment_proc.sql
20260910_075454 File exists...

20260910_075454 ## Running script
20260910_075454  *** Logon successfully completed.
  *** Total elapsed time was 5 seconds.
  *** Analysis completed with no issues.
  *** Script execution successful.
  *** RC (return code) = 0
20260910_075524
20260910_075524
Execution Return Code: 0
20260910_075524
-----------
JOB SUCCESS
-----------
Start Time: 075454, End Time: 075524