FINANCE BILLING JOB LOG 20260818_025216
----------------------
20260818_025216 ## Passed Parameter Values:
20260818_025216 DOMAIN: finance
20260818_025216 SUB_DOMAIN: billing
20260818_025216 USER_NAME: finance_user1
20260818_025216 TABLE_NAME: job_payment_proc
20260818_025216 EXEC_SCOPE: UAT

20260818_025216 ## Derived Variable Values:
20260818_025216 STARTTIME: 025216
20260818_025216 LOGDATE: 20260818_025216
20260818_025216 JOB=job_payment_proc

20260818_025216 ###############################################################
20260818_025216 ### RUNNING PAYMENT PROC SCRIPT
20260818_025216 ###############################################################

20260818_025216 ## Checking if script exists
20260818_025216 Script File: /scripts/finance/billing/job_payment_proc/job_payment_proc.sql
20260818_025216 File exists...

20260818_025216 ## Running script
20260818_025216  *** Logon successfully completed.
  *** Total elapsed time was 4 seconds.
  *** All data processed without errors.
  *** Script execution successful.
  *** RC (return code) = 0
20260818_025230
20260818_025230
Execution Return Code: 0
20260818_025230
-----------
JOB SUCCESS
-----------
Start Time: 025216, End Time: 025230