FINANCE BILLING JOB LOG 20260813_203543
----------------------
20260813_203543 ## Passed Parameter Values:
20260813_203543 DOMAIN: finance
20260813_203543 SUB_DOMAIN: billing
20260813_203543 USER_NAME: accountant1
20260813_203543 TABLE_NAME: job_payment_proc
20260813_203543 EXEC_SCOPE: TEST

20260813_203543 ## Derived Variable Values:
20260813_203543 STARTTIME: 203543
20260813_203543 LOGDATE: 20260813_203543
20260813_203543 JOB=job_payment_proc

20260813_203543 ###############################################################
20260813_203543 ### RUNNING PAYMENT PROC SCRIPT
20260813_203543 ###############################################################

20260813_203543 ## Checking if script exists
20260813_203543 Script File: /scripts/finance/billing/job_payment_proc/job_payment_proc.sql
20260813_203543 File exists...

20260813_203543 ## Running script
20260813_203543  *** Logon successfully completed.
  *** Total elapsed time was 4 seconds.
  *** Report generated successfully.
  *** Script execution successful.
  *** RC (return code) = 0
20260813_203609
20260813_203609
Execution Return Code: 0
20260813_203609
-----------
JOB SUCCESS
-----------
Start Time: 203543, End Time: 203609