FINANCE BILLING JOB LOG 20260927_051229
----------------------
20260927_051229 ## Passed Parameter Values:
20260927_051229 DOMAIN: finance
20260927_051229 SUB_DOMAIN: billing
20260927_051229 USER_NAME: finance_user1
20260927_051229 TABLE_NAME: job_payment_proc
20260927_051229 EXEC_SCOPE: UAT

20260927_051229 ## Derived Variable Values:
20260927_051229 STARTTIME: 051229
20260927_051229 LOGDATE: 20260927_051229
20260927_051229 JOB=job_payment_proc

20260927_051229 ###############################################################
20260927_051229 ### RUNNING PAYMENT PROC SCRIPT
20260927_051229 ###############################################################

20260927_051229 ## Checking if script exists
20260927_051229 Script File: /scripts/finance/billing/job_payment_proc/job_payment_proc.sql
20260927_051229 File exists...

20260927_051229 ## Running script
20260927_051229  *** Logon successfully completed.
  *** Total elapsed time was 4 seconds.
  *** Script executed successfully.
  *** Script execution successful.
  *** RC (return code) = 0
20260927_051242
20260927_051242
Execution Return Code: 0
20260927_051242
-----------
JOB SUCCESS
-----------
Start Time: 051229, End Time: 051242