FINANCE BILLING JOB LOG 20260830_103902
----------------------
20260830_103902 ## Passed Parameter Values:
20260830_103902 DOMAIN: finance
20260830_103902 SUB_DOMAIN: billing
20260830_103902 USER_NAME: finance_admin
20260830_103902 TABLE_NAME: job_payment_proc
20260830_103902 EXEC_SCOPE: DEV

20260830_103902 ## Derived Variable Values:
20260830_103902 STARTTIME: 103902
20260830_103902 LOGDATE: 20260830_103902
20260830_103902 JOB=job_payment_proc

20260830_103902 ###############################################################
20260830_103902 ### RUNNING PAYMENT PROC SCRIPT
20260830_103902 ###############################################################

20260830_103902 ## Checking if script exists
20260830_103902 Script File: /scripts/finance/billing/job_payment_proc/job_payment_proc.sql
20260830_103902 File exists...

20260830_103902 ## Running script
20260830_103902  *** Logon successfully completed.
  *** Total elapsed time was 5 seconds.
  *** Error: Tax calculation failed: Missing tax rate for region.
  *** Script execution failed.
  *** RC (return code) = 8
20260830_103958
20260830_103958
Execution Return Code: 8
20260830_103958
---------
JOB ERROR
---------
Start Time: 103902, End Time: 103958