FINANCE BILLING JOB LOG 20260908_123235
----------------------
20260908_123235 ## Passed Parameter Values:
20260908_123235 DOMAIN: finance
20260908_123235 SUB_DOMAIN: billing
20260908_123235 USER_NAME: accountant1
20260908_123235 TABLE_NAME: job_payment_proc
20260908_123235 EXEC_SCOPE: DEV

20260908_123235 ## Derived Variable Values:
20260908_123235 STARTTIME: 123235
20260908_123235 LOGDATE: 20260908_123235
20260908_123235 JOB=job_payment_proc

20260908_123235 ###############################################################
20260908_123235 ### RUNNING PAYMENT PROC SCRIPT
20260908_123235 ###############################################################

20260908_123235 ## Checking if script exists
20260908_123235 Script File: /scripts/finance/billing/job_payment_proc/job_payment_proc.sql
20260908_123235 File exists...

20260908_123235 ## Running script
20260908_123235  *** Logon successfully completed.
  *** Total elapsed time was 2 seconds.
  *** Error: Tax calculation failed: Missing tax rate for region.
  *** Script execution failed.
  *** RC (return code) = 1
20260908_123335
20260908_123335
Execution Return Code: 1
20260908_123335
---------
JOB ERROR
---------
Start Time: 123235, End Time: 123335