FINANCE BILLING JOB LOG 20260922_220224
----------------------
20260922_220224 ## Passed Parameter Values:
20260922_220224 DOMAIN: finance
20260922_220224 SUB_DOMAIN: billing
20260922_220224 USER_NAME: finance_admin
20260922_220224 TABLE_NAME: job_tax_calc
20260922_220224 EXEC_SCOPE: UAT

20260922_220224 ## Derived Variable Values:
20260922_220224 STARTTIME: 220224
20260922_220224 LOGDATE: 20260922_220224
20260922_220224 JOB=job_tax_calc

20260922_220224 ###############################################################
20260922_220224 ### RUNNING TAX CALC SCRIPT
20260922_220224 ###############################################################

20260922_220224 ## Checking if script exists
20260922_220224 Script File: /scripts/finance/billing/job_tax_calc/job_tax_calc.sql
20260922_220224 File exists...

20260922_220224 ## Running script
20260922_220224  *** Logon successfully completed.
  *** Total elapsed time was 4 seconds.
  *** Error: Payment processing error: Gateway timeout.
  *** Script execution failed.
  *** RC (return code) = 8
20260922_220321
20260922_220321
Execution Return Code: 8
20260922_220321
---------
JOB ERROR
---------
Start Time: 220224, End Time: 220321