FINANCE BILLING JOB LOG 20260825_021951
----------------------
20260825_021951 ## Passed Parameter Values:
20260825_021951 DOMAIN: finance
20260825_021951 SUB_DOMAIN: billing
20260825_021951 USER_NAME: finance_admin
20260825_021951 TABLE_NAME: job_tax_calc
20260825_021951 EXEC_SCOPE: PROD

20260825_021951 ## Derived Variable Values:
20260825_021951 STARTTIME: 021951
20260825_021951 LOGDATE: 20260825_021951
20260825_021951 JOB=job_tax_calc

20260825_021951 ###############################################################
20260825_021951 ### RUNNING TAX CALC SCRIPT
20260825_021951 ###############################################################

20260825_021951 ## Checking if script exists
20260825_021951 Script File: /scripts/finance/billing/job_tax_calc/job_tax_calc.sql
20260825_021951 File exists...

20260825_021951 ## Running script
20260825_021951  *** Logon successfully completed.
  *** Total elapsed time was 4 seconds.
  *** Data extraction and transformation successful.
  *** Script execution successful.
  *** RC (return code) = 0
20260825_021956
20260825_021956
Execution Return Code: 0
20260825_021956
-----------
JOB SUCCESS
-----------
Start Time: 021951, End Time: 021956