FINANCE BILLING JOB LOG 20260927_030527
----------------------
20260927_030527 ## Passed Parameter Values:
20260927_030527 DOMAIN: finance
20260927_030527 SUB_DOMAIN: billing
20260927_030527 USER_NAME: accountant1
20260927_030527 TABLE_NAME: job_tax_calc
20260927_030527 EXEC_SCOPE: DEV

20260927_030527 ## Derived Variable Values:
20260927_030527 STARTTIME: 030527
20260927_030527 LOGDATE: 20260927_030527
20260927_030527 JOB=job_tax_calc

20260927_030527 ###############################################################
20260927_030527 ### RUNNING TAX CALC SCRIPT
20260927_030527 ###############################################################

20260927_030527 ## Checking if script exists
20260927_030527 Script File: /scripts/finance/billing/job_tax_calc/job_tax_calc.sql
20260927_030527 File exists...

20260927_030527 ## Running script
20260927_030527  *** Logon successfully completed.
  *** Total elapsed time was 5 seconds.
  *** Report generated successfully.
  *** Script execution successful.
  *** RC (return code) = 0
20260927_030608
20260927_030608
Execution Return Code: 0
20260927_030608
-----------
JOB SUCCESS
-----------
Start Time: 030527, End Time: 030608