FINANCE BILLING JOB LOG 20260823_101958
----------------------
20260823_101958 ## Passed Parameter Values:
20260823_101958 DOMAIN: finance
20260823_101958 SUB_DOMAIN: billing
20260823_101958 USER_NAME: finance_user1
20260823_101958 TABLE_NAME: job_tax_calc
20260823_101958 EXEC_SCOPE: PROD

20260823_101958 ## Derived Variable Values:
20260823_101958 STARTTIME: 101958
20260823_101958 LOGDATE: 20260823_101958
20260823_101958 JOB=job_tax_calc

20260823_101958 ###############################################################
20260823_101958 ### RUNNING TAX CALC SCRIPT
20260823_101958 ###############################################################

20260823_101958 ## Checking if script exists
20260823_101958 Script File: /scripts/finance/billing/job_tax_calc/job_tax_calc.sql
20260823_101958 File exists...

20260823_101958 ## Running script
20260823_101958  *** Logon successfully completed.
  *** Total elapsed time was 3 seconds.
  *** Report generated successfully.
  *** Script execution successful.
  *** RC (return code) = 0
20260823_102034
20260823_102034
Execution Return Code: 0
20260823_102034
-----------
JOB SUCCESS
-----------
Start Time: 101958, End Time: 102034