FINANCE BILLING JOB LOG 20261006_103535
----------------------
20261006_103535 ## Passed Parameter Values:
20261006_103535 DOMAIN: finance
20261006_103535 SUB_DOMAIN: billing
20261006_103535 USER_NAME: finance_admin
20261006_103535 TABLE_NAME: job_tax_calc
20261006_103535 EXEC_SCOPE: TEST

20261006_103535 ## Derived Variable Values:
20261006_103535 STARTTIME: 103535
20261006_103535 LOGDATE: 20261006_103535
20261006_103535 JOB=job_tax_calc

20261006_103535 ###############################################################
20261006_103535 ### RUNNING TAX CALC SCRIPT
20261006_103535 ###############################################################

20261006_103535 ## Checking if script exists
20261006_103535 Script File: /scripts/finance/billing/job_tax_calc/job_tax_calc.sql
20261006_103535 File exists...

20261006_103535 ## Running script
20261006_103535  *** Logon successfully completed.
  *** Total elapsed time was 3 seconds.
  *** Error: Invoice generation failed: Invalid customer account.
  *** Script execution failed.
  *** RC (return code) = 1
20261006_103544
20261006_103544
Execution Return Code: 1
20261006_103544
---------
JOB ERROR
---------
Start Time: 103535, End Time: 103544