FINANCE BILLING JOB LOG 20261011_103151
----------------------
20261011_103151 ## Passed Parameter Values:
20261011_103151 DOMAIN: finance
20261011_103151 SUB_DOMAIN: billing
20261011_103151 USER_NAME: finance_admin
20261011_103151 TABLE_NAME: job_tax_calc
20261011_103151 EXEC_SCOPE: UAT

20261011_103151 ## Derived Variable Values:
20261011_103151 STARTTIME: 103151
20261011_103151 LOGDATE: 20261011_103151
20261011_103151 JOB=job_tax_calc

20261011_103151 ###############################################################
20261011_103151 ### RUNNING TAX CALC SCRIPT
20261011_103151 ###############################################################

20261011_103151 ## Checking if script exists
20261011_103151 Script File: /scripts/finance/billing/job_tax_calc/job_tax_calc.sql
20261011_103151 File exists...

20261011_103151 ## Running script
20261011_103151  *** Logon successfully completed.
  *** Total elapsed time was 3 seconds.
  *** Report generated successfully.
  *** Script execution successful.
  *** RC (return code) = 0
20261011_103213
20261011_103213
Execution Return Code: 0
20261011_103213
-----------
JOB SUCCESS
-----------
Start Time: 103151, End Time: 103213