FINANCE BILLING JOB LOG 20260901_233922
----------------------
20260901_233922 ## Passed Parameter Values:
20260901_233922 DOMAIN: finance
20260901_233922 SUB_DOMAIN: billing
20260901_233922 USER_NAME: finance_user1
20260901_233922 TABLE_NAME: job_tax_calc
20260901_233922 EXEC_SCOPE: UAT

20260901_233922 ## Derived Variable Values:
20260901_233922 STARTTIME: 233922
20260901_233922 LOGDATE: 20260901_233922
20260901_233922 JOB=job_tax_calc

20260901_233922 ###############################################################
20260901_233922 ### RUNNING TAX CALC SCRIPT
20260901_233922 ###############################################################

20260901_233922 ## Checking if script exists
20260901_233922 Script File: /scripts/finance/billing/job_tax_calc/job_tax_calc.sql
20260901_233922 File exists...

20260901_233922 ## Running script
20260901_233922  *** Logon successfully completed.
  *** Total elapsed time was 5 seconds.
  *** Error: Invoice generation failed: Invalid customer account.
  *** Script execution failed.
  *** RC (return code) = 1
20260901_233950
20260901_233950
Execution Return Code: 1
20260901_233950
---------
JOB ERROR
---------
Start Time: 233922, End Time: 233950