FINANCE BILLING JOB LOG 20260827_224453
----------------------
20260827_224453 ## Passed Parameter Values:
20260827_224453 DOMAIN: finance
20260827_224453 SUB_DOMAIN: billing
20260827_224453 USER_NAME: accountant1
20260827_224453 TABLE_NAME: job_tax_calc
20260827_224453 EXEC_SCOPE: PROD

20260827_224453 ## Derived Variable Values:
20260827_224453 STARTTIME: 224453
20260827_224453 LOGDATE: 20260827_224453
20260827_224453 JOB=job_tax_calc

20260827_224453 ###############################################################
20260827_224453 ### RUNNING TAX CALC SCRIPT
20260827_224453 ###############################################################

20260827_224453 ## Checking if script exists
20260827_224453 Script File: /scripts/finance/billing/job_tax_calc/job_tax_calc.sql
20260827_224453 File exists...

20260827_224453 ## Running script
20260827_224453  *** Logon successfully completed.
  *** Total elapsed time was 4 seconds.
  *** Report generated successfully.
  *** Script execution successful.
  *** RC (return code) = 0
20260827_224526
20260827_224526
Execution Return Code: 0
20260827_224526
-----------
JOB SUCCESS
-----------
Start Time: 224453, End Time: 224526