FINANCE BILLING JOB LOG 20260906_052356
----------------------
20260906_052356 ## Passed Parameter Values:
20260906_052356 DOMAIN: finance
20260906_052356 SUB_DOMAIN: billing
20260906_052356 USER_NAME: accountant1
20260906_052356 TABLE_NAME: job_tax_calc
20260906_052356 EXEC_SCOPE: DEV

20260906_052356 ## Derived Variable Values:
20260906_052356 STARTTIME: 052356
20260906_052356 LOGDATE: 20260906_052356
20260906_052356 JOB=job_tax_calc

20260906_052356 ###############################################################
20260906_052356 ### RUNNING TAX CALC SCRIPT
20260906_052356 ###############################################################

20260906_052356 ## Checking if script exists
20260906_052356 Script File: /scripts/finance/billing/job_tax_calc/job_tax_calc.sql
20260906_052356 File exists...

20260906_052356 ## Running script
20260906_052356  *** Logon successfully completed.
  *** Total elapsed time was 2 seconds.
  *** Data extraction and transformation successful.
  *** Script execution successful.
  *** RC (return code) = 0
20260906_052416
20260906_052416
Execution Return Code: 0
20260906_052416
-----------
JOB SUCCESS
-----------
Start Time: 052356, End Time: 052416