FINANCE BILLING JOB LOG 20261001_195522
----------------------
20261001_195522 ## Passed Parameter Values:
20261001_195522 DOMAIN: finance
20261001_195522 SUB_DOMAIN: billing
20261001_195522 USER_NAME: finance_user1
20261001_195522 TABLE_NAME: job_tax_calc
20261001_195522 EXEC_SCOPE: PROD

20261001_195522 ## Derived Variable Values:
20261001_195522 STARTTIME: 195522
20261001_195522 LOGDATE: 20261001_195522
20261001_195522 JOB=job_tax_calc

20261001_195522 ###############################################################
20261001_195522 ### RUNNING TAX CALC SCRIPT
20261001_195522 ###############################################################

20261001_195522 ## Checking if script exists
20261001_195522 Script File: /scripts/finance/billing/job_tax_calc/job_tax_calc.sql
20261001_195522 File exists...

20261001_195522 ## Running script
20261001_195522  *** Logon successfully completed.
  *** Total elapsed time was 4 seconds.
  *** All data processed without errors.
  *** Script execution successful.
  *** RC (return code) = 0
20261001_195535
20261001_195535
Execution Return Code: 0
20261001_195535
-----------
JOB SUCCESS
-----------
Start Time: 195522, End Time: 195535