FINANCE BILLING JOB LOG 20260813_134144
----------------------
20260813_134144 ## Passed Parameter Values:
20260813_134144 DOMAIN: finance
20260813_134144 SUB_DOMAIN: billing
20260813_134144 USER_NAME: finance_admin
20260813_134144 TABLE_NAME: job_tax_calc
20260813_134144 EXEC_SCOPE: PROD

20260813_134144 ## Derived Variable Values:
20260813_134144 STARTTIME: 134144
20260813_134144 LOGDATE: 20260813_134144
20260813_134144 JOB=job_tax_calc

20260813_134144 ###############################################################
20260813_134144 ### RUNNING TAX CALC SCRIPT
20260813_134144 ###############################################################

20260813_134144 ## Checking if script exists
20260813_134144 Script File: /scripts/finance/billing/job_tax_calc/job_tax_calc.sql
20260813_134144 File exists...

20260813_134144 ## Running script
20260813_134144  *** Logon successfully completed.
  *** Total elapsed time was 2 seconds.
  *** Error: Tax calculation failed: Missing tax rate for region.
  *** Script execution failed.
  *** RC (return code) = 4
20260813_134155
20260813_134155
Execution Return Code: 4
20260813_134155
---------
JOB ERROR
---------
Start Time: 134144, End Time: 134155