FINANCE BILLING JOB LOG 20260730_004305
----------------------
20260730_004305 ## Passed Parameter Values:
20260730_004305 DOMAIN: finance
20260730_004305 SUB_DOMAIN: billing
20260730_004305 USER_NAME: finance_user1
20260730_004305 TABLE_NAME: job_tax_calc
20260730_004305 EXEC_SCOPE: DEV

20260730_004305 ## Derived Variable Values:
20260730_004305 STARTTIME: 004305
20260730_004305 LOGDATE: 20260730_004305
20260730_004305 JOB=job_tax_calc

20260730_004305 ###############################################################
20260730_004305 ### RUNNING TAX CALC SCRIPT
20260730_004305 ###############################################################

20260730_004305 ## Checking if script exists
20260730_004305 Script File: /scripts/finance/billing/job_tax_calc/job_tax_calc.sql
20260730_004305 File exists...

20260730_004305 ## Running script
20260730_004305  *** Logon successfully completed.
  *** Total elapsed time was 2 seconds.
  *** Error: Payment processing error: Gateway timeout.
  *** Script execution failed.
  *** RC (return code) = 2
20260730_004320
20260730_004320
Execution Return Code: 2
20260730_004320
---------
JOB ERROR
---------
Start Time: 004305, End Time: 004320