FINANCE BILLING JOB LOG 20260903_130721
----------------------
20260903_130721 ## Passed Parameter Values:
20260903_130721 DOMAIN: finance
20260903_130721 SUB_DOMAIN: billing
20260903_130721 USER_NAME: accountant1
20260903_130721 TABLE_NAME: job_tax_calc
20260903_130721 EXEC_SCOPE: TEST

20260903_130721 ## Derived Variable Values:
20260903_130721 STARTTIME: 130721
20260903_130721 LOGDATE: 20260903_130721
20260903_130721 JOB=job_tax_calc

20260903_130721 ###############################################################
20260903_130721 ### RUNNING TAX CALC SCRIPT
20260903_130721 ###############################################################

20260903_130721 ## Checking if script exists
20260903_130721 Script File: /scripts/finance/billing/job_tax_calc/job_tax_calc.sql
20260903_130721 File exists...

20260903_130721 ## Running script
20260903_130721  *** Logon successfully completed.
  *** Total elapsed time was 2 seconds.
  *** All data processed without errors.
  *** Script execution successful.
  *** RC (return code) = 0
20260903_130815
20260903_130815
Execution Return Code: 0
20260903_130815
-----------
JOB SUCCESS
-----------
Start Time: 130721, End Time: 130815