FINANCE BILLING JOB LOG 20260726_095551
----------------------
20260726_095551 ## Passed Parameter Values:
20260726_095551 DOMAIN: finance
20260726_095551 SUB_DOMAIN: billing
20260726_095551 USER_NAME: finance_admin
20260726_095551 TABLE_NAME: job_tax_calc
20260726_095551 EXEC_SCOPE: TEST

20260726_095551 ## Derived Variable Values:
20260726_095551 STARTTIME: 095551
20260726_095551 LOGDATE: 20260726_095551
20260726_095551 JOB=job_tax_calc

20260726_095551 ###############################################################
20260726_095551 ### RUNNING TAX CALC SCRIPT
20260726_095551 ###############################################################

20260726_095551 ## Checking if script exists
20260726_095551 Script File: /scripts/finance/billing/job_tax_calc/job_tax_calc.sql
20260726_095551 File exists...

20260726_095551 ## Running script
20260726_095551  *** Logon successfully completed.
  *** Total elapsed time was 5 seconds.
  *** Error: Invoice generation failed: Invalid customer account.
  *** Script execution failed.
  *** RC (return code) = 8
20260726_095621
20260726_095621
Execution Return Code: 8
20260726_095621
---------
JOB ERROR
---------
Start Time: 095551, End Time: 095621