HR RECRUITING JOB LOG 20260806_142732
----------------------
20260806_142732 ## Passed Parameter Values:
20260806_142732 DOMAIN: hr
20260806_142732 SUB_DOMAIN: recruiting
20260806_142732 USER_NAME: payroll_admin
20260806_142732 TABLE_NAME: job_candidate_screen
20260806_142732 EXEC_SCOPE: DEV

20260806_142732 ## Derived Variable Values:
20260806_142732 STARTTIME: 142732
20260806_142732 LOGDATE: 20260806_142732
20260806_142732 JOB=job_candidate_screen

20260806_142732 ###############################################################
20260806_142732 ### RUNNING CANDIDATE SCREEN SCRIPT
20260806_142732 ###############################################################

20260806_142732 ## Checking if script exists
20260806_142732 Script File: /scripts/hr/recruiting/job_candidate_screen/job_candidate_screen.sql
20260806_142732 File exists...

20260806_142732 ## Running script
20260806_142732  *** Logon successfully completed.
  *** Total elapsed time was 5 seconds.
  *** All data processed without errors.
  *** Script execution successful.
  *** RC (return code) = 0
20260806_142742
20260806_142742
Execution Return Code: 0
20260806_142742
-----------
JOB SUCCESS
-----------
Start Time: 142732, End Time: 142742