HR RECRUITING JOB LOG 20260929_184236
----------------------
20260929_184236 ## Passed Parameter Values:
20260929_184236 DOMAIN: hr
20260929_184236 SUB_DOMAIN: recruiting
20260929_184236 USER_NAME: recruiter1
20260929_184236 TABLE_NAME: job_candidate_screen
20260929_184236 EXEC_SCOPE: DEV

20260929_184236 ## Derived Variable Values:
20260929_184236 STARTTIME: 184236
20260929_184236 LOGDATE: 20260929_184236
20260929_184236 JOB=job_candidate_screen

20260929_184236 ###############################################################
20260929_184236 ### RUNNING CANDIDATE SCREEN SCRIPT
20260929_184236 ###############################################################

20260929_184236 ## Checking if script exists
20260929_184236 Script File: /scripts/hr/recruiting/job_candidate_screen/job_candidate_screen.sql
20260929_184236 File exists...

20260929_184236 ## Running script
20260929_184236  *** Logon successfully completed.
  *** Total elapsed time was 5 seconds.
  *** All data processed without errors.
  *** Script execution successful.
  *** RC (return code) = 0
20260929_184328
20260929_184328
Execution Return Code: 0
20260929_184328
-----------
JOB SUCCESS
-----------
Start Time: 184236, End Time: 184328