HR RECRUITING JOB LOG 20260818_232225
----------------------
20260818_232225 ## Passed Parameter Values:
20260818_232225 DOMAIN: hr
20260818_232225 SUB_DOMAIN: recruiting
20260818_232225 USER_NAME: recruiter1
20260818_232225 TABLE_NAME: job_candidate_screen
20260818_232225 EXEC_SCOPE: PROD

20260818_232225 ## Derived Variable Values:
20260818_232225 STARTTIME: 232225
20260818_232225 LOGDATE: 20260818_232225
20260818_232225 JOB=job_candidate_screen

20260818_232225 ###############################################################
20260818_232225 ### RUNNING CANDIDATE SCREEN SCRIPT
20260818_232225 ###############################################################

20260818_232225 ## Checking if script exists
20260818_232225 Script File: /scripts/hr/recruiting/job_candidate_screen/job_candidate_screen.sql
20260818_232225 File exists...

20260818_232225 ## Running script
20260818_232225  *** Logon successfully completed.
  *** Total elapsed time was 5 seconds.
  *** Data extraction and transformation successful.
  *** Script execution successful.
  *** RC (return code) = 0
20260818_232317
20260818_232317
Execution Return Code: 0
20260818_232317
-----------
JOB SUCCESS
-----------
Start Time: 232225, End Time: 232317