HR RECRUITING JOB LOG 20260922_104434
----------------------
20260922_104434 ## Passed Parameter Values:
20260922_104434 DOMAIN: hr
20260922_104434 SUB_DOMAIN: recruiting
20260922_104434 USER_NAME: hr_user1
20260922_104434 TABLE_NAME: job_candidate_screen
20260922_104434 EXEC_SCOPE: PROD

20260922_104434 ## Derived Variable Values:
20260922_104434 STARTTIME: 104434
20260922_104434 LOGDATE: 20260922_104434
20260922_104434 JOB=job_candidate_screen

20260922_104434 ###############################################################
20260922_104434 ### RUNNING CANDIDATE SCREEN SCRIPT
20260922_104434 ###############################################################

20260922_104434 ## Checking if script exists
20260922_104434 Script File: /scripts/hr/recruiting/job_candidate_screen/job_candidate_screen.sql
20260922_104434 File exists...

20260922_104434 ## Running script
20260922_104434  *** Logon successfully completed.
  *** Total elapsed time was 2 seconds.
  *** Analysis completed with no issues.
  *** Script execution successful.
  *** RC (return code) = 0
20260922_104533
20260922_104533
Execution Return Code: 0
20260922_104533
-----------
JOB SUCCESS
-----------
Start Time: 104434, End Time: 104533