HR RECRUITING JOB LOG 20260823_160028
----------------------
20260823_160028 ## Passed Parameter Values:
20260823_160028 DOMAIN: hr
20260823_160028 SUB_DOMAIN: recruiting
20260823_160028 USER_NAME: recruiter1
20260823_160028 TABLE_NAME: job_candidate_screen
20260823_160028 EXEC_SCOPE: UAT

20260823_160028 ## Derived Variable Values:
20260823_160028 STARTTIME: 160028
20260823_160028 LOGDATE: 20260823_160028
20260823_160028 JOB=job_candidate_screen

20260823_160028 ###############################################################
20260823_160028 ### RUNNING CANDIDATE SCREEN SCRIPT
20260823_160028 ###############################################################

20260823_160028 ## Checking if script exists
20260823_160028 Script File: /scripts/hr/recruiting/job_candidate_screen/job_candidate_screen.sql
20260823_160028 File exists...

20260823_160028 ## Running script
20260823_160028  *** Logon successfully completed.
  *** Total elapsed time was 1 second.
  *** Script executed successfully.
  *** Script execution successful.
  *** RC (return code) = 0
20260823_160037
20260823_160037
Execution Return Code: 0
20260823_160037
-----------
JOB SUCCESS
-----------
Start Time: 160028, End Time: 160037